Archive member included to satisfy reference by file (symbol)

e:/school/ece4981/stmide/stm32cubeide_1.10.1/stm32cubeide/plugins/com.st.stm32cube.ide.mcu.externaltools.gnu-tools-for-stm32.10.3-2021.10.win32_1.0.0.202111181127/tools/bin/../lib/gcc/arm-none-eabi/10.3.1/../../../../arm-none-eabi/lib/thumb/v7e-m+dp/hard\libc_nano.a(lib_a-errno.o)
                              ./Core/Src/syscalls.o (__errno)
e:/school/ece4981/stmide/stm32cubeide_1.10.1/stm32cubeide/plugins/com.st.stm32cube.ide.mcu.externaltools.gnu-tools-for-stm32.10.3-2021.10.win32_1.0.0.202111181127/tools/bin/../lib/gcc/arm-none-eabi/10.3.1/../../../../arm-none-eabi/lib/thumb/v7e-m+dp/hard\libc_nano.a(lib_a-exit.o)
                              e:/school/ece4981/stmide/stm32cubeide_1.10.1/stm32cubeide/plugins/com.st.stm32cube.ide.mcu.externaltools.gnu-tools-for-stm32.10.3-2021.10.win32_1.0.0.202111181127/tools/bin/../lib/gcc/arm-none-eabi/10.3.1/../../../../arm-none-eabi/lib/thumb/v7e-m+dp/hard/crt0.o (exit)
e:/school/ece4981/stmide/stm32cubeide_1.10.1/stm32cubeide/plugins/com.st.stm32cube.ide.mcu.externaltools.gnu-tools-for-stm32.10.3-2021.10.win32_1.0.0.202111181127/tools/bin/../lib/gcc/arm-none-eabi/10.3.1/../../../../arm-none-eabi/lib/thumb/v7e-m+dp/hard\libc_nano.a(lib_a-findfp.o)
                              ./Middlewares/Third_Party/FreeRTOS/tasks.o (__sf_fake_stderr)
e:/school/ece4981/stmide/stm32cubeide_1.10.1/stm32cubeide/plugins/com.st.stm32cube.ide.mcu.externaltools.gnu-tools-for-stm32.10.3-2021.10.win32_1.0.0.202111181127/tools/bin/../lib/gcc/arm-none-eabi/10.3.1/../../../../arm-none-eabi/lib/thumb/v7e-m+dp/hard\libc_nano.a(lib_a-fwalk.o)
                              e:/school/ece4981/stmide/stm32cubeide_1.10.1/stm32cubeide/plugins/com.st.stm32cube.ide.mcu.externaltools.gnu-tools-for-stm32.10.3-2021.10.win32_1.0.0.202111181127/tools/bin/../lib/gcc/arm-none-eabi/10.3.1/../../../../arm-none-eabi/lib/thumb/v7e-m+dp/hard\libc_nano.a(lib_a-findfp.o) (_fwalk)
e:/school/ece4981/stmide/stm32cubeide_1.10.1/stm32cubeide/plugins/com.st.stm32cube.ide.mcu.externaltools.gnu-tools-for-stm32.10.3-2021.10.win32_1.0.0.202111181127/tools/bin/../lib/gcc/arm-none-eabi/10.3.1/../../../../arm-none-eabi/lib/thumb/v7e-m+dp/hard\libc_nano.a(lib_a-impure.o)
                              e:/school/ece4981/stmide/stm32cubeide_1.10.1/stm32cubeide/plugins/com.st.stm32cube.ide.mcu.externaltools.gnu-tools-for-stm32.10.3-2021.10.win32_1.0.0.202111181127/tools/bin/../lib/gcc/arm-none-eabi/10.3.1/../../../../arm-none-eabi/lib/thumb/v7e-m+dp/hard\libc_nano.a(lib_a-exit.o) (_global_impure_ptr)
e:/school/ece4981/stmide/stm32cubeide_1.10.1/stm32cubeide/plugins/com.st.stm32cube.ide.mcu.externaltools.gnu-tools-for-stm32.10.3-2021.10.win32_1.0.0.202111181127/tools/bin/../lib/gcc/arm-none-eabi/10.3.1/../../../../arm-none-eabi/lib/thumb/v7e-m+dp/hard\libc_nano.a(lib_a-init.o)
                              e:/school/ece4981/stmide/stm32cubeide_1.10.1/stm32cubeide/plugins/com.st.stm32cube.ide.mcu.externaltools.gnu-tools-for-stm32.10.3-2021.10.win32_1.0.0.202111181127/tools/bin/../lib/gcc/arm-none-eabi/10.3.1/../../../../arm-none-eabi/lib/thumb/v7e-m+dp/hard/crt0.o (__libc_init_array)
e:/school/ece4981/stmide/stm32cubeide_1.10.1/stm32cubeide/plugins/com.st.stm32cube.ide.mcu.externaltools.gnu-tools-for-stm32.10.3-2021.10.win32_1.0.0.202111181127/tools/bin/../lib/gcc/arm-none-eabi/10.3.1/../../../../arm-none-eabi/lib/thumb/v7e-m+dp/hard\libc_nano.a(lib_a-lock.o)
                              e:/school/ece4981/stmide/stm32cubeide_1.10.1/stm32cubeide/plugins/com.st.stm32cube.ide.mcu.externaltools.gnu-tools-for-stm32.10.3-2021.10.win32_1.0.0.202111181127/tools/bin/../lib/gcc/arm-none-eabi/10.3.1/../../../../arm-none-eabi/lib/thumb/v7e-m+dp/hard\libc_nano.a(lib_a-findfp.o) (__retarget_lock_init_recursive)
e:/school/ece4981/stmide/stm32cubeide_1.10.1/stm32cubeide/plugins/com.st.stm32cube.ide.mcu.externaltools.gnu-tools-for-stm32.10.3-2021.10.win32_1.0.0.202111181127/tools/bin/../lib/gcc/arm-none-eabi/10.3.1/../../../../arm-none-eabi/lib/thumb/v7e-m+dp/hard\libc_nano.a(lib_a-memcpy-stub.o)
                              ./Core/Src/MFRC522.o (memcpy)
e:/school/ece4981/stmide/stm32cubeide_1.10.1/stm32cubeide/plugins/com.st.stm32cube.ide.mcu.externaltools.gnu-tools-for-stm32.10.3-2021.10.win32_1.0.0.202111181127/tools/bin/../lib/gcc/arm-none-eabi/10.3.1/../../../../arm-none-eabi/lib/thumb/v7e-m+dp/hard\libc_nano.a(lib_a-memset.o)
                              e:/school/ece4981/stmide/stm32cubeide_1.10.1/stm32cubeide/plugins/com.st.stm32cube.ide.mcu.externaltools.gnu-tools-for-stm32.10.3-2021.10.win32_1.0.0.202111181127/tools/bin/../lib/gcc/arm-none-eabi/10.3.1/../../../../arm-none-eabi/lib/thumb/v7e-m+dp/hard/crt0.o (memset)
[...]
Memory Configuration

Name             Origin             Length             Attributes
RAM_D1           0x0000000024000000 0x0000000000080000 xrw
FLASH            0x0000000008000000 0x0000000000100000 xr
DTCMRAM          0x0000000020000000 0x0000000000020000 xrw
RAM_D2           0x0000000030000000 0x0000000000048000 xrw
RAM_D3           0x0000000038000000 0x0000000000010000 xrw
ITCMRAM          0x0000000000000000 0x0000000000010000 xrw
*default*        0x0000000000000000 0xffffffffffffffff

Linker script and memory map

LOAD e:/school/ece4981/stmide/stm32cubeide_1.10.1/stm32cubeide/plugins/com.st.stm32cube.ide.mcu.externaltools.gnu-tools-for-stm32.10.3-2021.10.win32_1.0.0.202111181127/tools/bin/../lib/gcc/arm-none-eabi/10.3.1/thumb/v7e-m+dp/hard/crti.o
LOAD e:/school/ece4981/stmide/stm32cubeide_1.10.1/stm32cubeide/plugins/com.st.stm32cube.ide.mcu.externaltools.gnu-tools-for-stm32.10.3-2021.10.win32_1.0.0.202111181127/tools/bin/../lib/gcc/arm-none-eabi/10.3.1/thumb/v7e-m+dp/hard/crtbegin.o
LOAD e:/school/ece4981/stmide/stm32cubeide_1.10.1/stm32cubeide/plugins/com.st.stm32cube.ide.mcu.externaltools.gnu-tools-for-stm32.10.3-2021.10.win32_1.0.0.202111181127/tools/bin/../lib/gcc/arm-none-eabi/10.3.1/../../../../arm-none-eabi/lib/thumb/v7e-m+dp/hard/crt0.o
LOAD ./Common/Src/system_stm32h7xx_dualcore_boot_cm4_cm7.o
LOAD ./Core/Src/MFRC522.o
LOAD ./Core/Src/NTagRC522.o
LOAD ./Core/Src/freertos.o
LOAD ./Core/Src/main.o
LOAD ./Core/Src/stm32h7xx_hal_msp.o
LOAD ./Core/Src/stm32h7xx_hal_timebase_tim.o
LOAD ./Core/Src/stm32h7xx_it.o
LOAD ./Core/Src/syscalls.o
LOAD ./Core/Src/sysmem.o
LOAD ./Core/Startup/startup_stm32h747xihx.o
LOAD ./Drivers/STM32H7xx_HAL_Driver/stm32h7xx_hal.o
LOAD ./Drivers/STM32H7xx_HAL_Driver/stm32h7xx_hal_cortex.o
LOAD ./Drivers/STM32H7xx_HAL_Driver/stm32h7xx_hal_dma.o
LOAD ./Drivers/STM32H7xx_HAL_Driver/stm32h7xx_hal_dma_ex.o
LOAD ./Drivers/STM32H7xx_HAL_Driver/stm32h7xx_hal_exti.o
LOAD ./Drivers/STM32H7xx_HAL_Driver/stm32h7xx_hal_flash.o
LOAD ./Drivers/STM32H7xx_HAL_Driver/stm32h7xx_hal_flash_ex.o
LOAD ./Drivers/STM32H7xx_HAL_Driver/stm32h7xx_hal_gpio.o
LOAD ./Drivers/STM32H7xx_HAL_Driver/stm32h7xx_hal_hsem.o
LOAD ./Drivers/STM32H7xx_HAL_Driver/stm32h7xx_hal_i2c.o
LOAD ./Drivers/STM32H7xx_HAL_Driver/stm32h7xx_hal_i2c_ex.o
LOAD ./Drivers/STM32H7xx_HAL_Driver/stm32h7xx_hal_mdma.o
LOAD ./Drivers/STM32H7xx_HAL_Driver/stm32h7xx_hal_pwr.o
LOAD ./Drivers/STM32H7xx_HAL_Driver/stm32h7xx_hal_pwr_ex.o
LOAD ./Drivers/STM32H7xx_HAL_Driver/stm32h7xx_hal_rcc.o
LOAD ./Drivers/STM32H7xx_HAL_Driver/stm32h7xx_hal_rcc_ex.o
LOAD ./Drivers/STM32H7xx_HAL_Driver/stm32h7xx_hal_spi.o
LOAD ./Drivers/STM32H7xx_HAL_Driver/stm32h7xx_hal_spi_ex.o
LOAD ./Drivers/STM32H7xx_HAL_Driver/stm32h7xx_hal_tim.o
LOAD ./Drivers/STM32H7xx_HAL_Driver/stm32h7xx_hal_tim_ex.o
LOAD ./Drivers/STM32H7xx_HAL_Driver/stm32h7xx_hal_uart.o
LOAD ./Drivers/STM32H7xx_HAL_Driver/stm32h7xx_hal_uart_ex.o
LOAD ./Middlewares/Third_Party/FreeRTOS/cmsis_os2.o
LOAD ./Middlewares/Third_Party/FreeRTOS/croutine.o
LOAD ./Middlewares/Third_Party/FreeRTOS/event_groups.o
LOAD ./Middlewares/Third_Party/FreeRTOS/heap_4.o
LOAD ./Middlewares/Third_Party/FreeRTOS/list.o
LOAD ./Middlewares/Third_Party/FreeRTOS/port.o
LOAD ./Middlewares/Third_Party/FreeRTOS/queue.o
LOAD ./Middlewares/Third_Party/FreeRTOS/stream_buffer.o
LOAD ./Middlewares/Third_Party/FreeRTOS/tasks.o
LOAD ./Middlewares/Third_Party/FreeRTOS/timers.o
START GROUP
LOAD e:/school/ece4981/stmide/stm32cubeide_1.10.1/stm32cubeide/plugins/com.st.stm32cube.ide.mcu.externaltools.gnu-tools-for-stm32.10.3-2021.10.win32_1.0.0.202111181127/tools/bin/../lib/gcc/arm-none-eabi/10.3.1/../../../../arm-none-eabi/lib/thumb/v7e-m+dp/hard\libstdc++_nano.a
LOAD e:/school/ece4981/stmide/stm32cubeide_1.10.1/stm32cubeide/plugins/com.st.stm32cube.ide.mcu.externaltools.gnu-tools-for-stm32.10.3-2021.10.win32_1.0.0.202111181127/tools/bin/../lib/gcc/arm-none-eabi/10.3.1/../../../../arm-none-eabi/lib/thumb/v7e-m+dp/hard\libsupc++_nano.a
END GROUP
LOAD e:/school/ece4981/stmide/stm32cubeide_1.10.1/stm32cubeide/plugins/com.st.stm32cube.ide.mcu.externaltools.gnu-tools-for-stm32.10.3-2021.10.win32_1.0.0.202111181127/tools/bin/../lib/gcc/arm-none-eabi/10.3.1/../../../../arm-none-eabi/lib/thumb/v7e-m+dp/hard\libstdc++_nano.a
LOAD e:/school/ece4981/stmide/stm32cubeide_1.10.1/stm32cubeide/plugins/com.st.stm32cube.ide.mcu.externaltools.gnu-tools-for-stm32.10.3-2021.10.win32_1.0.0.202111181127/tools/bin/../lib/gcc/arm-none-eabi/10.3.1/../../../../arm-none-eabi/lib/thumb/v7e-m+dp/hard\libm.a
LOAD e:/school/ece4981/stmide/stm32cubeide_1.10.1/stm32cubeide/plugins/com.st.stm32cube.ide.mcu.externaltools.gnu-tools-for-stm32.10.3-2021.10.win32_1.0.0.202111181127/tools/bin/../lib/gcc/arm-none-eabi/10.3.1/../../../../arm-none-eabi/lib/thumb/v7e-m+dp/hard\libc_nano.a
START GROUP
LOAD e:/school/ece4981/stmide/stm32cubeide_1.10.1/stm32cubeide/plugins/com.st.stm32cube.ide.mcu.externaltools.gnu-tools-for-stm32.10.3-2021.10.win32_1.0.0.202111181127/tools/bin/../lib/gcc/arm-none-eabi/10.3.1/thumb/v7e-m+dp/hard\libgcc.a
LOAD e:/school/ece4981/stmide/stm32cubeide_1.10.1/stm32cubeide/plugins/com.st.stm32cube.ide.mcu.externaltools.gnu-tools-for-stm32.10.3-2021.10.win32_1.0.0.202111181127/tools/bin/../lib/gcc/arm-none-eabi/10.3.1/../../../../arm-none-eabi/lib/thumb/v7e-m+dp/hard\libc_nano.a
END GROUP
START GROUP
LOAD e:/school/ece4981/stmide/stm32cubeide_1.10.1/stm32cubeide/plugins/com.st.stm32cube.ide.mcu.externaltools.gnu-tools-for-stm32.10.3-2021.10.win32_1.0.0.202111181127/tools/bin/../lib/gcc/arm-none-eabi/10.3.1/thumb/v7e-m+dp/hard\libgcc.a
LOAD e:/school/ece4981/stmide/stm32cubeide_1.10.1/stm32cubeide/plugins/com.st.stm32cube.ide.mcu.externaltools.gnu-tools-for-stm32.10.3-2021.10.win32_1.0.0.202111181127/tools/bin/../lib/gcc/arm-none-eabi/10.3.1/../../../../arm-none-eabi/lib/thumb/v7e-m+dp/hard\libc_nano.a
LOAD e:/school/ece4981/stmide/stm32cubeide_1.10.1/stm32cubeide/plugins/com.st.stm32cube.ide.mcu.externaltools.gnu-tools-for-stm32.10.3-2021.10.win32_1.0.0.202111181127/tools/bin/../lib/gcc/arm-none-eabi/10.3.1/../../../../arm-none-eabi/lib/thumb/v7e-m+dp/hard\libnosys.a
END GROUP
START GROUP
LOAD e:/school/ece4981/stmide/stm32cubeide_1.10.1/stm32cubeide/plugins/com.st.stm32cube.ide.mcu.externaltools.gnu-tools-for-stm32.10.3-2021.10.win32_1.0.0.202111181127/tools/bin/../lib/gcc/arm-none-eabi/10.3.1/thumb/v7e-m+dp/hard\libgcc.a
LOAD e:/school/ece4981/stmide/stm32cubeide_1.10.1/stm32cubeide/plugins/com.st.stm32cube.ide.mcu.externaltools.gnu-tools-for-stm32.10.3-2021.10.win32_1.0.0.202111181127/tools/bin/../lib/gcc/arm-none-eabi/10.3.1/../../../../arm-none-eabi/lib/thumb/v7e-m+dp/hard\libc_nano.a
LOAD e:/school/ece4981/stmide/stm32cubeide_1.10.1/stm32cubeide/plugins/com.st.stm32cube.ide.mcu.externaltools.gnu-tools-for-stm32.10.3-2021.10.win32_1.0.0.202111181127/tools/bin/../lib/gcc/arm-none-eabi/10.3.1/../../../../arm-none-eabi/lib/thumb/v7e-m+dp/hard\libnosys.a
END GROUP
LOAD e:/school/ece4981/stmide/stm32cubeide_1.10.1/stm32cubeide/plugins/com.st.stm32cube.ide.mcu.externaltools.gnu-tools-for-stm32.10.3-2021.10.win32_1.0.0.202111181127/tools/bin/../lib/gcc/arm-none-eabi/10.3.1/thumb/v7e-m+dp/hard/crtend.o
LOAD e:/school/ece4981/stmide/stm32cubeide_1.10.1/stm32cubeide/plugins/com.st.stm32cube.ide.mcu.externaltools.gnu-tools-for-stm32.10.3-2021.10.win32_1.0.0.202111181127/tools/bin/../lib/gcc/arm-none-eabi/10.3.1/thumb/v7e-m+dp/hard/crtn.o
                0x0000000024080000                _estack = (ORIGIN (RAM_D1) + LENGTH (RAM_D1))
                0x0000000000000200                _Min_Heap_Size = 0x200
                0x0000000000000400                _Min_Stack_Size = 0x400

.isr_vector     0x0000000008000000      0x298
                0x0000000008000000                . = ALIGN (0x4)
 *(.isr_vector)
 .isr_vector    0x0000000008000000      0x298 ./Core/Startup/startup_stm32h747xihx.o
                0x0000000008000000                g_pfnVectors
                0x0000000008000298                . = ALIGN (0x4)

.text           0x00000000080002a0     0xaa6c
                0x00000000080002a0                . = ALIGN (0x4)
 *(.text)
 .text          0x00000000080002a0       0x40 e:/school/ece4981/stmide/stm32cubeide_1.10.1/stm32cubeide/plugins/com.st.stm32cube.ide.mcu.externaltools.gnu-tools-for-stm32.10.3-2021.10.win32_1.0.0.202111181127/tools/bin/../lib/gcc/arm-none-eabi/10.3.1/thumb/v7e-m+dp/hard/crtbegin.o
 .text          0x00000000080002e0       0x10 e:/school/ece4981/stmide/stm32cubeide_1.10.1/stm32cubeide/plugins/com.st.stm32cube.ide.mcu.externaltools.gnu-tools-for-stm32.10.3-2021.10.win32_1.0.0.202111181127/tools/bin/../lib/gcc/arm-none-eabi/10.3.1/../../../../arm-none-eabi/lib/thumb/v7e-m+dp/hard\libc_nano.a(lib_a-strlen.o)
                0x00000000080002e0                strlen
 .text          0x00000000080002f0       0xa0 e:/school/ece4981/stmide/stm32cubeide_1.10.1/stm32cubeide/plugins/com.st.stm32cube.ide.mcu.externaltools.gnu-tools-for-stm32.10.3-2021.10.win32_1.0.0.202111181127/tools/bin/../lib/gcc/arm-none-eabi/10.3.1/../../../../arm-none-eabi/lib/thumb/v7e-m+dp/hard\libc_nano.a(lib_a-memchr.o)
                0x00000000080002f0                memchr
 .text          0x0000000008000390       0x30 e:/school/ece4981/stmide/stm32cubeide_1.10.1/stm32cubeide/plugins/com.st.stm32cube.ide.mcu.externaltools.gnu-tools-for-stm32.10.3-2021.10.win32_1.0.0.202111181127/tools/bin/../lib/gcc/arm-none-eabi/10.3.1/thumb/v7e-m+dp/hard\libgcc.a(_aeabi_uldivmod.o)
                0x0000000008000390                __aeabi_uldivmod
 .text          0x00000000080003c0      0x2d0 e:/school/ece4981/stmide/stm32cubeide_1.10.1/stm32cubeide/plugins/com.st.stm32cube.ide.mcu.externaltools.gnu-tools-for-stm32.10.3-2021.10.win32_1.0.0.202111181127/tools/bin/../lib/gcc/arm-none-eabi/10.3.1/thumb/v7e-m+dp/hard\libgcc.a(_udivmoddi4.o)
                0x00000000080003c0                __udivmoddi4
 .text          0x0000000008000690        0x4 e:/school/ece4981/stmide/stm32cubeide_1.10.1/stm32cubeide/plugins/com.st.stm32cube.ide.mcu.externaltools.gnu-tools-for-stm32.10.3-2021.10.win32_1.0.0.202111181127/tools/bin/../lib/gcc/arm-none-eabi/10.3.1/thumb/v7e-m+dp/hard\libgcc.a(_dvmd_tls.o)
                0x0000000008000690                __aeabi_idiv0
                0x0000000008000690                __aeabi_ldiv0
 *(.text*)
 .text.SystemInit
                0x0000000008000694      0x12c ./Common/Src/system_stm32h7xx_dualcore_boot_cm4_cm7.o
                0x0000000008000694                SystemInit
 .text._ZN9NTagRC52213WriteRegisterEhh
                0x00000000080007c0       0x48 ./Core/Src/NTagRC522.o
                0x00000000080007c0                NTagRC522::WriteRegister(unsigned char, unsigned char)
 .text._ZN9NTagRC52213WriteRegisterEhhPh
                0x0000000008000808       0xec ./Core/Src/NTagRC522.o
                0x0000000008000808                NTagRC522::WriteRegister(unsigned char, unsigned char, unsigned char*)
 .text._ZN9NTagRC52215SetBitsRegisterEhh
                0x00000000080008f4       0x38 ./Core/Src/NTagRC522.o
                0x00000000080008f4                NTagRC522::SetBitsRegister(unsigned char, unsigned char)
 .text._ZN9NTagRC52217ClearBitsRegisterEhh
                0x000000000800092c       0x40 ./Core/Src/NTagRC522.o
                0x000000000800092c                NTagRC522::ClearBitsRegister(unsigned char, unsigned char)
 .text._ZN9NTagRC52212ReadRegisterEh
                0x000000000800096c       0x52 ./Core/Src/NTagRC522.o
                0x000000000800096c                NTagRC522::ReadRegister(unsigned char)
 .text._ZN9NTagRC52212ReadRegisterEhhPhh
                0x00000000080009be      0x1a0 ./Core/Src/NTagRC522.o
                0x00000000080009be                NTagRC522::ReadRegister(unsigned char, unsigned char, unsigned char*, unsigned char)
 .text._ZN9NTagRC52219CommunicateWithPICCEhhPhhS0_S0_S0_h
                0x0000000008000b5e      0x15e ./Core/Src/NTagRC522.o
                0x0000000008000b5e                NTagRC522::CommunicateWithPICC(unsigned char, unsigned char, unsigned char*, unsigned char, unsigned char*, unsigned char*, unsigned char*, unsigned char)
 .text._ZN9NTagRC52214TransceiveDataEPhhS0_S0_S0_h
                0x0000000008000cbc       0x40 ./Core/Src/NTagRC522.o
                0x0000000008000cbc                NTagRC522::TransceiveData(unsigned char*, unsigned char, unsigned char*, unsigned char*, unsigned char*, unsigned char)
 .text._ZN9NTagRC52212CalculateCRCEPhhS0_
                0x0000000008000cfc       0xc0 ./Core/Src/NTagRC522.o
                0x0000000008000cfc                NTagRC522::CalculateCRC(unsigned char*, unsigned char, unsigned char*)
 .text._ZN9NTagRC522C2EP19__SPI_HandleTypeDefPFvvES3_
                0x0000000008000dbc       0x2c ./Core/Src/NTagRC522.o
                0x0000000008000dbc                NTagRC522::NTagRC522(__SPI_HandleTypeDef*, void (*)(), void (*)())
                0x0000000008000dbc                NTagRC522::NTagRC522(__SPI_HandleTypeDef*, void (*)(), void (*)())
 .text._ZN9NTagRC52212SetSPIHandleEP19__SPI_HandleTypeDef
                0x0000000008000de8       0x1c ./Core/Src/NTagRC522.o
                0x0000000008000de8                NTagRC522::SetSPIHandle(__SPI_HandleTypeDef*)
 .text._ZN9NTagRC5224InitEv
                0x0000000008000e04       0x76 ./Core/Src/NTagRC522.o
                0x0000000008000e04                NTagRC522::Init()
 .text._ZN9NTagRC52213EnableAntennaEv
                0x0000000008000e7a       0x1c ./Core/Src/NTagRC522.o
                0x0000000008000e7a                NTagRC522::EnableAntenna()
 .text._ZN9NTagRC52214SetAntennaGainEh
                0x0000000008000e96       0x32 ./Core/Src/NTagRC522.o
                0x0000000008000e96                NTagRC522::SetAntennaGain(unsigned char)
 .text._ZN9NTagRC5227WakeUpAEPhS0_
                0x0000000008000ec8       0x48 ./Core/Src/NTagRC522.o
                0x0000000008000ec8                NTagRC522::WakeUpA(unsigned char*, unsigned char*)
 .text._ZN9NTagRC5225HaltAEv
                0x0000000008000f10       0x6c ./Core/Src/NTagRC522.o
                0x0000000008000f10                NTagRC522::HaltA()
 .text._ZN9NTagRC52214SelectPICCCas2EPNS_3UidEhPh
                0x0000000008000f7c      0x2a8 ./Core/Src/NTagRC522.o
                0x0000000008000f7c                NTagRC522::SelectPICCCas2(NTagRC522::Uid*, unsigned char, unsigned char*)
 .text._ZN9NTagRC52213IsCardPresentEv
                0x0000000008001224       0x52 ./Core/Src/NTagRC522.o
                0x0000000008001224                NTagRC522::IsCardPresent()
 .text._ZN9NTagRC5229SoftResetEv
                0x0000000008001276       0x4a ./Core/Src/NTagRC522.o
                0x0000000008001276                NTagRC522::SoftReset()
 .text._ZN9NTagRC52210StopCryptoEv
                0x00000000080012c0       0x1c ./Core/Src/NTagRC522.o
                0x00000000080012c0                NTagRC522::StopCrypto()
 .text._ZN9NTagRC52211MIFARE_ReadEhPhS0_
                0x00000000080012dc       0x4e ./Core/Src/NTagRC522.o
                0x00000000080012dc                NTagRC522::MIFARE_Read(unsigned char, unsigned char*, unsigned char*)
 *fill*         0x000000000800132a        0x2 
 .text._Z6vprintPKcSt9__va_list
                0x000000000800132c       0x50 ./Core/Src/main.o
                0x000000000800132c                vprint(char const*, std::__va_list)
 .text._Z7vprintfPKcz
                0x000000000800137c       0x24 ./Core/Src/main.o
                0x000000000800137c                vprintf(char const*, ...)
 .text._Z8EnableCSv
                0x00000000080013a0       0x18 ./Core/Src/main.o
                0x00000000080013a0                EnableCS()
 .text._Z9DisableCSv
                0x00000000080013b8       0x18 ./Core/Src/main.o
                0x00000000080013b8                DisableCS()
 .text.main     0x00000000080013d0       0xfc ./Core/Src/main.o
                0x00000000080013d0                main
 .text._Z18SystemClock_Configv
                0x00000000080014cc      0x140 ./Core/Src/main.o
                0x00000000080014cc                SystemClock_Config()
 .text._Z24PeriphCommonClock_Configv
                0x000000000800160c       0x62 ./Core/Src/main.o
                0x000000000800160c                PeriphCommonClock_Config()
 *fill*         0x000000000800166e        0x2 
 .text._ZL12MX_I2C1_Initv
                0x0000000008001670       0x9c ./Core/Src/main.o
 .text._ZL12MX_I2C4_Initv
                0x000000000800170c       0x9c ./Core/Src/main.o
 .text._ZL12MX_SPI5_Initv
                0x00000000080017a8       0xb8 ./Core/Src/main.o
 .text._ZL19MX_USART1_UART_Initv
                0x0000000008001860       0xc0 ./Core/Src/main.o
 .text._ZL12MX_GPIO_Initv
                0x0000000008001920      0x170 ./Core/Src/main.o
 .text._Z16StartDefaultTaskPv
                0x0000000008001a90       0x10 ./Core/Src/main.o
                0x0000000008001a90                StartDefaultTask(void*)
 .text._Z13StartNTagTaskPv
                0x0000000008001aa0      0x198 ./Core/Src/main.o
                0x0000000008001aa0                StartNTagTask(void*)
 .text.HAL_TIM_PeriodElapsedCallback
                0x0000000008001c38       0x24 ./Core/Src/main.o
                0x0000000008001c38                HAL_TIM_PeriodElapsedCallback
 .text.Error_Handler
                0x0000000008001c5c        0xa ./Core/Src/main.o
                0x0000000008001c5c                Error_Handler
 *fill*         0x0000000008001c66        0x2 
 .text.HAL_MspInit
                0x0000000008001c68       0x3c ./Core/Src/stm32h7xx_hal_msp.o
                0x0000000008001c68                HAL_MspInit
 .text.HAL_I2C_MspInit
                0x0000000008001ca4      0x190 ./Core/Src/stm32h7xx_hal_msp.o
                0x0000000008001ca4                HAL_I2C_MspInit
 .text.HAL_SPI_MspInit
                0x0000000008001e34      0x118 ./Core/Src/stm32h7xx_hal_msp.o
                0x0000000008001e34                HAL_SPI_MspInit
 .text.HAL_UART_MspInit
                0x0000000008001f4c       0xcc ./Core/Src/stm32h7xx_hal_msp.o
                0x0000000008001f4c                HAL_UART_MspInit
 .text.HAL_InitTick
                0x0000000008002018       0xc4 ./Core/Src/stm32h7xx_hal_timebase_tim.o
                0x0000000008002018                HAL_InitTick
 .text.NMI_Handler
                0x00000000080020dc        0x6 ./Core/Src/stm32h7xx_it.o
                0x00000000080020dc                NMI_Handler
 .text.HardFault_Handler
                0x00000000080020e2        0x6 ./Core/Src/stm32h7xx_it.o
                0x00000000080020e2                HardFault_Handler
 .text.MemManage_Handler
                0x00000000080020e8        0x6 ./Core/Src/stm32h7xx_it.o
                0x00000000080020e8                MemManage_Handler
 .text.BusFault_Handler
                0x00000000080020ee        0x6 ./Core/Src/stm32h7xx_it.o
                0x00000000080020ee                BusFault_Handler
 .text.UsageFault_Handler
                0x00000000080020f4        0x6 ./Core/Src/stm32h7xx_it.o
                0x00000000080020f4                UsageFault_Handler
 .text.DebugMon_Handler
                0x00000000080020fa        0xe ./Core/Src/stm32h7xx_it.o
                0x00000000080020fa                DebugMon_Handler
 .text.TIM1_UP_IRQHandler
                0x0000000008002108       0x14 ./Core/Src/stm32h7xx_it.o
                0x0000000008002108                TIM1_UP_IRQHandler
 .text._sbrk    0x000000000800211c       0x6c ./Core/Src/sysmem.o
                0x000000000800211c                _sbrk
 .text.Reset_Handler
                0x0000000008002188       0x50 ./Core/Startup/startup_stm32h747xihx.o
                0x0000000008002188                Reset_Handler
 .text.Default_Handler
                0x00000000080021d8        0x2 ./Core/Startup/startup_stm32h747xihx.o
                0x00000000080021d8                RTC_Alarm_IRQHandler
                0x00000000080021d8                EXTI2_IRQHandler
                0x00000000080021d8                TIM8_CC_IRQHandler
                0x00000000080021d8                HRTIM1_Master_IRQHandler
                0x00000000080021d8                UART8_IRQHandler
                0x00000000080021d8                SPI4_IRQHandler
                0x00000000080021d8                TIM1_CC_IRQHandler
                0x00000000080021d8                BDMA_Channel6_IRQHandler
                0x00000000080021d8                DMA2_Stream5_IRQHandler
                0x00000000080021d8                HRTIM1_FLT_IRQHandler
                0x00000000080021d8                JPEG_IRQHandler
                0x00000000080021d8                DMA1_Stream5_IRQHandler
                0x00000000080021d8                BDMA_Channel1_IRQHandler
                0x00000000080021d8                HRTIM1_TIMD_IRQHandler
                0x00000000080021d8                TAMP_STAMP_IRQHandler
                0x00000000080021d8                EXTI3_IRQHandler
                0x00000000080021d8                LPTIM4_IRQHandler
                0x00000000080021d8                TIM8_TRG_COM_TIM14_IRQHandler
                0x00000000080021d8                LPTIM2_IRQHandler
                0x00000000080021d8                DFSDM1_FLT1_IRQHandler
                0x00000000080021d8                DMAMUX2_OVR_IRQHandler
                0x00000000080021d8                TIM8_UP_TIM13_IRQHandler
                0x00000000080021d8                I2C3_ER_IRQHandler
                0x00000000080021d8                DFSDM1_FLT2_IRQHandler
                0x00000000080021d8                MDMA_IRQHandler
                0x00000000080021d8                LPTIM3_IRQHandler
                0x00000000080021d8                HSEM1_IRQHandler
                0x00000000080021d8                EXTI0_IRQHandler
                0x00000000080021d8                I2C2_EV_IRQHandler
                0x00000000080021d8                DMA1_Stream2_IRQHandler
                0x00000000080021d8                FPU_IRQHandler
                0x00000000080021d8                OTG_HS_WKUP_IRQHandler
                0x00000000080021d8                FDCAN1_IT1_IRQHandler
                0x00000000080021d8                LTDC_ER_IRQHandler
                0x00000000080021d8                DMA2_Stream2_IRQHandler
                0x00000000080021d8                HRTIM1_TIME_IRQHandler
                0x00000000080021d8                SPI1_IRQHandler
                0x00000000080021d8                TIM6_DAC_IRQHandler
                0x00000000080021d8                DCMI_IRQHandler
                0x00000000080021d8                HRTIM1_TIMC_IRQHandler
                0x00000000080021d8                DMA2_Stream3_IRQHandler
                0x00000000080021d8                SAI2_IRQHandler
                0x00000000080021d8                DFSDM1_FLT3_IRQHandler
                0x00000000080021d8                USART6_IRQHandler
                0x00000000080021d8                TIM17_IRQHandler
                0x00000000080021d8                USART3_IRQHandler
                0x00000000080021d8                BDMA_Channel7_IRQHandler
                0x00000000080021d8                LPTIM5_IRQHandler
                0x00000000080021d8                UART5_IRQHandler
                0x00000000080021d8                ADC3_IRQHandler
                0x00000000080021d8                DMA2_Stream0_IRQHandler
                0x00000000080021d8                TIM4_IRQHandler
                0x00000000080021d8                BDMA_Channel2_IRQHandler
                0x00000000080021d8                QUADSPI_IRQHandler
                0x00000000080021d8                I2C1_EV_IRQHandler
                0x00000000080021d8                DMA1_Stream6_IRQHandler
                0x00000000080021d8                DMAMUX1_OVR_IRQHandler
                0x00000000080021d8                DMA1_Stream1_IRQHandler
                0x00000000080021d8                TIM16_IRQHandler
                0x00000000080021d8                UART4_IRQHandler
                0x00000000080021d8                BDMA_Channel5_IRQHandler
                0x00000000080021d8                TIM3_IRQHandler
                0x00000000080021d8                RCC_IRQHandler
                0x00000000080021d8                TIM8_BRK_TIM12_IRQHandler
                0x00000000080021d8                TIM1_TRG_COM_IRQHandler
                0x00000000080021d8                Default_Handler
                0x00000000080021d8                ECC_IRQHandler
                0x00000000080021d8                CEC_IRQHandler
                0x00000000080021d8                EXTI15_10_IRQHandler
                0x00000000080021d8                BDMA_Channel0_IRQHandler
                0x00000000080021d8                ADC_IRQHandler
                0x00000000080021d8                DMA1_Stream7_IRQHandler
                0x00000000080021d8                HRTIM1_TIMA_IRQHandler
                0x00000000080021d8                SPI5_IRQHandler
                0x00000000080021d8                TIM7_IRQHandler
                0x00000000080021d8                SDMMC1_IRQHandler
                0x00000000080021d8                TIM5_IRQHandler
                0x00000000080021d8                DMA2_Stream7_IRQHandler
                0x00000000080021d8                TIM15_IRQHandler
                0x00000000080021d8                PVD_AVD_IRQHandler
                0x00000000080021d8                I2C3_EV_IRQHandler
                0x00000000080021d8                EXTI9_5_IRQHandler
                0x00000000080021d8                RTC_WKUP_IRQHandler
                0x00000000080021d8                LTDC_IRQHandler
                0x00000000080021d8                SAI3_IRQHandler
                0x00000000080021d8                ETH_WKUP_IRQHandler
                0x00000000080021d8                SPDIF_RX_IRQHandler
                0x00000000080021d8                SPI2_IRQHandler
                0x00000000080021d8                OTG_HS_EP1_IN_IRQHandler
                0x00000000080021d8                DMA1_Stream0_IRQHandler
                0x00000000080021d8                CRS_IRQHandler
                0x00000000080021d8                CM7_SEV_IRQHandler
                0x00000000080021d8                EXTI4_IRQHandler
                0x00000000080021d8                RNG_IRQHandler
                0x00000000080021d8                CM4_SEV_IRQHandler
                0x00000000080021d8                HRTIM1_TIMB_IRQHandler
                0x00000000080021d8                FDCAN2_IT1_IRQHandler
                0x00000000080021d8                DSI_IRQHandler
                0x00000000080021d8                ETH_IRQHandler
                0x00000000080021d8                WWDG_RST_IRQHandler
                0x00000000080021d8                BDMA_Channel4_IRQHandler
                0x00000000080021d8                OTG_HS_EP1_OUT_IRQHandler
                0x00000000080021d8                WWDG_IRQHandler
                0x00000000080021d8                SPI6_IRQHandler
                0x00000000080021d8                MDIOS_IRQHandler
                0x00000000080021d8                I2C4_EV_IRQHandler
                0x00000000080021d8                FDCAN2_IT0_IRQHandler
                0x00000000080021d8                LPUART1_IRQHandler
                0x00000000080021d8                FDCAN1_IT0_IRQHandler
                0x00000000080021d8                TIM2_IRQHandler
                0x00000000080021d8                OTG_FS_WKUP_IRQHandler
                0x00000000080021d8                OTG_HS_IRQHandler
                0x00000000080021d8                HSEM2_IRQHandler
                0x00000000080021d8                DMA2D_IRQHandler
                0x00000000080021d8                TIM1_BRK_IRQHandler
                0x00000000080021d8                EXTI1_IRQHandler
                0x00000000080021d8                SDMMC2_IRQHandler
                0x00000000080021d8                OTG_FS_EP1_OUT_IRQHandler
                0x00000000080021d8                BDMA_Channel3_IRQHandler
                0x00000000080021d8                HOLD_CORE_IRQHandler
                0x00000000080021d8                UART7_IRQHandler
                0x00000000080021d8                MDIOS_WKUP_IRQHandler
                0x00000000080021d8                USART2_IRQHandler
                0x00000000080021d8                DFSDM1_FLT0_IRQHandler
                0x00000000080021d8                SAI4_IRQHandler
                0x00000000080021d8                I2C2_ER_IRQHandler
                0x00000000080021d8                DMA2_Stream1_IRQHandler
                0x00000000080021d8                FLASH_IRQHandler
                0x00000000080021d8                DMA2_Stream4_IRQHandler
                0x00000000080021d8                USART1_IRQHandler
                0x00000000080021d8                OTG_FS_IRQHandler
                0x00000000080021d8                SPI3_IRQHandler
                0x00000000080021d8                WAKEUP_PIN_IRQHandler
                0x00000000080021d8                DMA1_Stream4_IRQHandler
                0x00000000080021d8                OTG_FS_EP1_IN_IRQHandler
                0x00000000080021d8                I2C1_ER_IRQHandler
                0x00000000080021d8                FMC_IRQHandler
                0x00000000080021d8                FDCAN_CAL_IRQHandler
                0x00000000080021d8                SWPMI1_IRQHandler
                0x00000000080021d8                COMP1_IRQHandler
                0x00000000080021d8                LPTIM1_IRQHandler
                0x00000000080021d8                I2C4_ER_IRQHandler
                0x00000000080021d8                DMA2_Stream6_IRQHandler
                0x00000000080021d8                SAI1_IRQHandler
                0x00000000080021d8                DMA1_Stream3_IRQHandler
 *fill*         0x00000000080021da        0x2 
 .text.HAL_Init
                0x00000000080021dc       0x78 ./Drivers/STM32H7xx_HAL_Driver/stm32h7xx_hal.o
                0x00000000080021dc                HAL_Init
 .text.HAL_IncTick
                0x0000000008002254       0x28 ./Drivers/STM32H7xx_HAL_Driver/stm32h7xx_hal.o
                0x0000000008002254                HAL_IncTick
 .text.HAL_GetTick
                0x000000000800227c       0x18 ./Drivers/STM32H7xx_HAL_Driver/stm32h7xx_hal.o
                0x000000000800227c                HAL_GetTick
 .text.HAL_GetREVID
                0x0000000008002294       0x18 ./Drivers/STM32H7xx_HAL_Driver/stm32h7xx_hal.o
                0x0000000008002294                HAL_GetREVID
 .text.__NVIC_SetPriorityGrouping
                0x00000000080022ac       0x48 ./Drivers/STM32H7xx_HAL_Driver/stm32h7xx_hal_cortex.o
 .text.__NVIC_GetPriorityGrouping
                0x00000000080022f4       0x1c ./Drivers/STM32H7xx_HAL_Driver/stm32h7xx_hal_cortex.o
 .text.__NVIC_EnableIRQ
                0x0000000008002310       0x3c ./Drivers/STM32H7xx_HAL_Driver/stm32h7xx_hal_cortex.o
 .text.__NVIC_SetPriority
                0x000000000800234c       0x54 ./Drivers/STM32H7xx_HAL_Driver/stm32h7xx_hal_cortex.o
 .text.NVIC_EncodePriority
                0x00000000080023a0       0x66 ./Drivers/STM32H7xx_HAL_Driver/stm32h7xx_hal_cortex.o
 .text.HAL_NVIC_SetPriorityGrouping
                0x0000000008002406       0x16 ./Drivers/STM32H7xx_HAL_Driver/stm32h7xx_hal_cortex.o
                0x0000000008002406                HAL_NVIC_SetPriorityGrouping
 .text.HAL_NVIC_SetPriority
                0x000000000800241c       0x34 ./Drivers/STM32H7xx_HAL_Driver/stm32h7xx_hal_cortex.o
                0x000000000800241c                HAL_NVIC_SetPriority
 .text.HAL_NVIC_EnableIRQ
                0x0000000008002450       0x1c ./Drivers/STM32H7xx_HAL_Driver/stm32h7xx_hal_cortex.o
                0x0000000008002450                HAL_NVIC_EnableIRQ
 .text.HAL_GPIO_Init
                0x000000000800246c      0x360 ./Drivers/STM32H7xx_HAL_Driver/stm32h7xx_hal_gpio.o
                0x000000000800246c                HAL_GPIO_Init
 .text.HAL_GPIO_WritePin
                0x00000000080027cc       0x32 ./Drivers/STM32H7xx_HAL_Driver/stm32h7xx_hal_gpio.o
                0x00000000080027cc                HAL_GPIO_WritePin
 *fill*         0x00000000080027fe        0x2 
 .text.HAL_HSEM_FastTake
                0x0000000008002800       0x34 ./Drivers/STM32H7xx_HAL_Driver/stm32h7xx_hal_hsem.o
                0x0000000008002800                HAL_HSEM_FastTake
 .text.HAL_HSEM_Release
                0x0000000008002834       0x28 ./Drivers/STM32H7xx_HAL_Driver/stm32h7xx_hal_hsem.o
                0x0000000008002834                HAL_HSEM_Release
 .text.HAL_I2C_Init
                0x000000000800285c      0x120 ./Drivers/STM32H7xx_HAL_Driver/stm32h7xx_hal_i2c.o
                0x000000000800285c                HAL_I2C_Init
 .text.HAL_I2CEx_ConfigAnalogFilter
                0x000000000800297c       0x96 ./Drivers/STM32H7xx_HAL_Driver/stm32h7xx_hal_i2c_ex.o
                0x000000000800297c                HAL_I2CEx_ConfigAnalogFilter
 .text.HAL_I2CEx_ConfigDigitalFilter
                0x0000000008002a12       0x98 ./Drivers/STM32H7xx_HAL_Driver/stm32h7xx_hal_i2c_ex.o
                0x0000000008002a12                HAL_I2CEx_ConfigDigitalFilter
 *fill*         0x0000000008002aaa        0x2 
 .text.HAL_PWREx_ConfigSupply
                0x0000000008002aac       0xb4 ./Drivers/STM32H7xx_HAL_Driver/stm32h7xx_hal_pwr_ex.o
                0x0000000008002aac                HAL_PWREx_ConfigSupply
 .text.HAL_RCC_OscConfig
                0x0000000008002b60      0x85c ./Drivers/STM32H7xx_HAL_Driver/stm32h7xx_hal_rcc.o
                0x0000000008002b60                HAL_RCC_OscConfig
 .text.HAL_RCC_ClockConfig
                0x00000000080033bc      0x36c ./Drivers/STM32H7xx_HAL_Driver/stm32h7xx_hal_rcc.o
                0x00000000080033bc                HAL_RCC_ClockConfig
 .text.HAL_RCC_MCOConfig
                0x0000000008003728       0xd4 ./Drivers/STM32H7xx_HAL_Driver/stm32h7xx_hal_rcc.o
                0x0000000008003728                HAL_RCC_MCOConfig
 .text.HAL_RCC_GetSysClockFreq
                0x00000000080037fc      0x2f4 ./Drivers/STM32H7xx_HAL_Driver/stm32h7xx_hal_rcc.o
                0x00000000080037fc                HAL_RCC_GetSysClockFreq
 .text.HAL_RCC_GetHCLKFreq
                0x0000000008003af0       0x60 ./Drivers/STM32H7xx_HAL_Driver/stm32h7xx_hal_rcc.o
                0x0000000008003af0                HAL_RCC_GetHCLKFreq
 .text.HAL_RCC_GetPCLK1Freq
                0x0000000008003b50       0x2c ./Drivers/STM32H7xx_HAL_Driver/stm32h7xx_hal_rcc.o
                0x0000000008003b50                HAL_RCC_GetPCLK1Freq
 .text.HAL_RCC_GetPCLK2Freq
                0x0000000008003b7c       0x2c ./Drivers/STM32H7xx_HAL_Driver/stm32h7xx_hal_rcc.o
                0x0000000008003b7c                HAL_RCC_GetPCLK2Freq
 .text.HAL_RCC_GetClockConfig
                0x0000000008003ba8       0x84 ./Drivers/STM32H7xx_HAL_Driver/stm32h7xx_hal_rcc.o
                0x0000000008003ba8                HAL_RCC_GetClockConfig
 .text.HAL_RCCEx_PeriphCLKConfig
                0x0000000008003c2c      0xedc ./Drivers/STM32H7xx_HAL_Driver/stm32h7xx_hal_rcc_ex.o
                0x0000000008003c2c                HAL_RCCEx_PeriphCLKConfig
 .text.HAL_RCCEx_GetD3PCLK1Freq
                0x0000000008004b08       0x2c ./Drivers/STM32H7xx_HAL_Driver/stm32h7xx_hal_rcc_ex.o
                0x0000000008004b08                HAL_RCCEx_GetD3PCLK1Freq
 .text.HAL_RCCEx_GetPLL2ClockFreq
                0x0000000008004b34      0x2a8 ./Drivers/STM32H7xx_HAL_Driver/stm32h7xx_hal_rcc_ex.o
                0x0000000008004b34                HAL_RCCEx_GetPLL2ClockFreq
 .text.HAL_RCCEx_GetPLL3ClockFreq
                0x0000000008004ddc      0x2a8 ./Drivers/STM32H7xx_HAL_Driver/stm32h7xx_hal_rcc_ex.o
                0x0000000008004ddc                HAL_RCCEx_GetPLL3ClockFreq
 .text.RCCEx_PLL2_Config
                0x0000000008005084      0x164 ./Drivers/STM32H7xx_HAL_Driver/stm32h7xx_hal_rcc_ex.o
 .text.RCCEx_PLL3_Config
                0x00000000080051e8      0x164 ./Drivers/STM32H7xx_HAL_Driver/stm32h7xx_hal_rcc_ex.o
 .text.HAL_SPI_Init
                0x000000000800534c      0x20c ./Drivers/STM32H7xx_HAL_Driver/stm32h7xx_hal_spi.o
                0x000000000800534c                HAL_SPI_Init
 .text.HAL_SPI_Transmit
                0x0000000008005558      0x3e4 ./Drivers/STM32H7xx_HAL_Driver/stm32h7xx_hal_spi.o
                0x0000000008005558                HAL_SPI_Transmit
 .text.HAL_SPI_TransmitReceive
                0x000000000800593c      0x450 ./Drivers/STM32H7xx_HAL_Driver/stm32h7xx_hal_spi.o
                0x000000000800593c                HAL_SPI_TransmitReceive
 .text.SPI_CloseTransfer
                0x0000000008005d8c      0x140 ./Drivers/STM32H7xx_HAL_Driver/stm32h7xx_hal_spi.o
 .text.SPI_WaitOnFlagUntilTimeout
                0x0000000008005ecc       0x5c ./Drivers/STM32H7xx_HAL_Driver/stm32h7xx_hal_spi.o
 .text.SPI_GetPacketSize
                0x0000000008005f28       0x36 ./Drivers/STM32H7xx_HAL_Driver/stm32h7xx_hal_spi.o
 .text.HAL_TIM_Base_Init
                0x0000000008005f5e       0xae ./Drivers/STM32H7xx_HAL_Driver/stm32h7xx_hal_tim.o
                0x0000000008005f5e                HAL_TIM_Base_Init
 .text.HAL_TIM_Base_MspInit
                0x000000000800600c       0x14 ./Drivers/STM32H7xx_HAL_Driver/stm32h7xx_hal_tim.o
                0x000000000800600c                HAL_TIM_Base_MspInit
 .text.HAL_TIM_Base_Start_IT
                0x0000000008006020       0xf0 ./Drivers/STM32H7xx_HAL_Driver/stm32h7xx_hal_tim.o
                0x0000000008006020                HAL_TIM_Base_Start_IT
 .text.HAL_TIM_IRQHandler
                0x0000000008006110      0x23e ./Drivers/STM32H7xx_HAL_Driver/stm32h7xx_hal_tim.o
                0x0000000008006110                HAL_TIM_IRQHandler
 .text.HAL_TIM_OC_DelayElapsedCallback
                0x000000000800634e       0x14 ./Drivers/STM32H7xx_HAL_Driver/stm32h7xx_hal_tim.o
                0x000000000800634e                HAL_TIM_OC_DelayElapsedCallback
 .text.HAL_TIM_IC_CaptureCallback
                0x0000000008006362       0x14 ./Drivers/STM32H7xx_HAL_Driver/stm32h7xx_hal_tim.o
                0x0000000008006362                HAL_TIM_IC_CaptureCallback
 .text.HAL_TIM_PWM_PulseFinishedCallback
                0x0000000008006376       0x14 ./Drivers/STM32H7xx_HAL_Driver/stm32h7xx_hal_tim.o
                0x0000000008006376                HAL_TIM_PWM_PulseFinishedCallback
 .text.HAL_TIM_TriggerCallback
                0x000000000800638a       0x14 ./Drivers/STM32H7xx_HAL_Driver/stm32h7xx_hal_tim.o
                0x000000000800638a                HAL_TIM_TriggerCallback
 *fill*         0x000000000800639e        0x2 
 .text.TIM_Base_SetConfig
                0x00000000080063a0      0x134 ./Drivers/STM32H7xx_HAL_Driver/stm32h7xx_hal_tim.o
                0x00000000080063a0                TIM_Base_SetConfig
 .text.HAL_TIMEx_CommutCallback
                0x00000000080064d4       0x14 ./Drivers/STM32H7xx_HAL_Driver/stm32h7xx_hal_tim_ex.o
                0x00000000080064d4                HAL_TIMEx_CommutCallback
 .text.HAL_TIMEx_BreakCallback
                0x00000000080064e8       0x14 ./Drivers/STM32H7xx_HAL_Driver/stm32h7xx_hal_tim_ex.o
                0x00000000080064e8                HAL_TIMEx_BreakCallback
 .text.HAL_TIMEx_Break2Callback
                0x00000000080064fc       0x14 ./Drivers/STM32H7xx_HAL_Driver/stm32h7xx_hal_tim_ex.o
                0x00000000080064fc                HAL_TIMEx_Break2Callback
 .text.HAL_UART_Init
                0x0000000008006510       0xa0 ./Drivers/STM32H7xx_HAL_Driver/stm32h7xx_hal_uart.o
                0x0000000008006510                HAL_UART_Init
 .text.HAL_UART_Transmit
                0x00000000080065b0      0x12c ./Drivers/STM32H7xx_HAL_Driver/stm32h7xx_hal_uart.o
                0x00000000080065b0                HAL_UART_Transmit
 .text.UART_SetConfig
                0x00000000080066dc      0xad0 ./Drivers/STM32H7xx_HAL_Driver/stm32h7xx_hal_uart.o
                0x00000000080066dc                UART_SetConfig
 .text.UART_AdvFeatureConfig
                0x00000000080071ac      0x144 ./Drivers/STM32H7xx_HAL_Driver/stm32h7xx_hal_uart.o
                0x00000000080071ac                UART_AdvFeatureConfig
 .text.UART_CheckIdleState
                0x00000000080072f0       0x96 ./Drivers/STM32H7xx_HAL_Driver/stm32h7xx_hal_uart.o
                0x00000000080072f0                UART_CheckIdleState
 .text.UART_WaitOnFlagUntilTimeout
                0x0000000008007386      0x190 ./Drivers/STM32H7xx_HAL_Driver/stm32h7xx_hal_uart.o
                0x0000000008007386                UART_WaitOnFlagUntilTimeout
 .text.HAL_UARTEx_DisableFifoMode
                0x0000000008007516       0x72 ./Drivers/STM32H7xx_HAL_Driver/stm32h7xx_hal_uart_ex.o
                0x0000000008007516                HAL_UARTEx_DisableFifoMode
 .text.HAL_UARTEx_SetTxFifoThreshold
                0x0000000008007588       0x7c ./Drivers/STM32H7xx_HAL_Driver/stm32h7xx_hal_uart_ex.o
                0x0000000008007588                HAL_UARTEx_SetTxFifoThreshold
 .text.HAL_UARTEx_SetRxFifoThreshold
                0x0000000008007604       0x7c ./Drivers/STM32H7xx_HAL_Driver/stm32h7xx_hal_uart_ex.o
                0x0000000008007604                HAL_UARTEx_SetRxFifoThreshold
 .text.UARTEx_SetNbDataToProcess
                0x0000000008007680       0x9c ./Drivers/STM32H7xx_HAL_Driver/stm32h7xx_hal_uart_ex.o
 .text.__NVIC_SetPriority
                0x000000000800771c       0x54 ./Middlewares/Third_Party/FreeRTOS/cmsis_os2.o
 .text.SysTick_Handler
                0x0000000008007770       0x20 ./Middlewares/Third_Party/FreeRTOS/cmsis_os2.o
                0x0000000008007770                SysTick_Handler
 .text.SVC_Setup
                0x0000000008007790       0x12 ./Middlewares/Third_Party/FreeRTOS/cmsis_os2.o
 *fill*         0x00000000080077a2        0x2 
 .text.osKernelInitialize
                0x00000000080077a4       0x48 ./Middlewares/Third_Party/FreeRTOS/cmsis_os2.o
                0x00000000080077a4                osKernelInitialize
 .text.osKernelStart
                0x00000000080077ec       0x4c ./Middlewares/Third_Party/FreeRTOS/cmsis_os2.o
                0x00000000080077ec                osKernelStart
 .text.osKernelGetTickCount
                0x0000000008007838       0x2a ./Middlewares/Third_Party/FreeRTOS/cmsis_os2.o
                0x0000000008007838                osKernelGetTickCount
 .text.osThreadNew
                0x0000000008007862      0x124 ./Middlewares/Third_Party/FreeRTOS/cmsis_os2.o
                0x0000000008007862                osThreadNew
 .text.osDelay  0x0000000008007986       0x36 ./Middlewares/Third_Party/FreeRTOS/cmsis_os2.o
                0x0000000008007986                osDelay
 .text.vApplicationGetIdleTaskMemory
                0x00000000080079bc       0x34 ./Middlewares/Third_Party/FreeRTOS/cmsis_os2.o
                0x00000000080079bc                vApplicationGetIdleTaskMemory
 .text.vApplicationGetTimerTaskMemory
                0x00000000080079f0       0x34 ./Middlewares/Third_Party/FreeRTOS/cmsis_os2.o
                0x00000000080079f0                vApplicationGetTimerTaskMemory
 .text.pvPortMalloc
                0x0000000008007a24      0x198 ./Middlewares/Third_Party/FreeRTOS/heap_4.o
                0x0000000008007a24                pvPortMalloc
 .text.vPortFree
                0x0000000008007bbc       0xc4 ./Middlewares/Third_Party/FreeRTOS/heap_4.o
                0x0000000008007bbc                vPortFree
 .text.prvHeapInit
                0x0000000008007c80       0xc4 ./Middlewares/Third_Party/FreeRTOS/heap_4.o
 .text.prvInsertBlockIntoFreeList
                0x0000000008007d44       0xb4 ./Middlewares/Third_Party/FreeRTOS/heap_4.o
 .text.vListInitialise
                0x0000000008007df8       0x40 ./Middlewares/Third_Party/FreeRTOS/list.o
                0x0000000008007df8                vListInitialise
 .text.vListInitialiseItem
                0x0000000008007e38       0x1a ./Middlewares/Third_Party/FreeRTOS/list.o
                0x0000000008007e38                vListInitialiseItem
 .text.vListInsertEnd
                0x0000000008007e52       0x48 ./Middlewares/Third_Party/FreeRTOS/list.o
                0x0000000008007e52                vListInsertEnd
 .text.vListInsert
                0x0000000008007e9a       0x72 ./Middlewares/Third_Party/FreeRTOS/list.o
                0x0000000008007e9a                vListInsert
 .text.uxListRemove
                0x0000000008007f0c       0x54 ./Middlewares/Third_Party/FreeRTOS/list.o
                0x0000000008007f0c                uxListRemove
 .text.pxPortInitialiseStack
                0x0000000008007f60       0x68 ./Middlewares/Third_Party/FreeRTOS/port.o
                0x0000000008007f60                pxPortInitialiseStack
 .text.prvTaskExitError
                0x0000000008007fc8       0x58 ./Middlewares/Third_Party/FreeRTOS/port.o
 .text.SVC_Handler
                0x0000000008008020       0x28 ./Middlewares/Third_Party/FreeRTOS/port.o
                0x0000000008008020                SVC_Handler
 .text.prvPortStartFirstTask
                0x0000000008008048       0x28 ./Middlewares/Third_Party/FreeRTOS/port.o
 .text.xPortStartScheduler
                0x0000000008008070      0x144 ./Middlewares/Third_Party/FreeRTOS/port.o
                0x0000000008008070                xPortStartScheduler
 .text.vPortEnterCritical
                0x00000000080081b4       0x60 ./Middlewares/Third_Party/FreeRTOS/port.o
                0x00000000080081b4                vPortEnterCritical
 .text.vPortExitCritical
                0x0000000008008214       0x54 ./Middlewares/Third_Party/FreeRTOS/port.o
                0x0000000008008214                vPortExitCritical
 *fill*         0x0000000008008268        0x8 
 .text.PendSV_Handler
                0x0000000008008270       0x68 ./Middlewares/Third_Party/FreeRTOS/port.o
                0x0000000008008270                PendSV_Handler
 .text.xPortSysTickHandler
                0x00000000080082d8       0x44 ./Middlewares/Third_Party/FreeRTOS/port.o
                0x00000000080082d8                xPortSysTickHandler
 .text.vPortSetupTimerInterrupt
                0x000000000800831c       0x48 ./Middlewares/Third_Party/FreeRTOS/port.o
                0x000000000800831c                vPortSetupTimerInterrupt
 .text.vPortEnableVFP
                0x0000000008008364       0x14 ./Middlewares/Third_Party/FreeRTOS/port.o
 .text.vPortValidateInterruptPriority
                0x0000000008008378       0x80 ./Middlewares/Third_Party/FreeRTOS/port.o
                0x0000000008008378                vPortValidateInterruptPriority
 .text.xQueueGenericReset
                0x00000000080083f8       0xd0 ./Middlewares/Third_Party/FreeRTOS/queue.o
                0x00000000080083f8                xQueueGenericReset
 .text.xQueueGenericCreateStatic
                0x00000000080084c8       0xf0 ./Middlewares/Third_Party/FreeRTOS/queue.o
                0x00000000080084c8                xQueueGenericCreateStatic
 .text.prvInitialiseNewQueue
                0x00000000080085b8       0x46 ./Middlewares/Third_Party/FreeRTOS/queue.o
 *fill*         0x00000000080085fe        0x2 
 .text.xQueueGenericSend
                0x0000000008008600      0x1fc ./Middlewares/Third_Party/FreeRTOS/queue.o
                0x0000000008008600                xQueueGenericSend
 .text.xQueueGenericSendFromISR
                0x00000000080087fc      0x136 ./Middlewares/Third_Party/FreeRTOS/queue.o
                0x00000000080087fc                xQueueGenericSendFromISR
 *fill*         0x0000000008008932        0x2 
 .text.xQueueReceive
                0x0000000008008934      0x1c0 ./Middlewares/Third_Party/FreeRTOS/queue.o
                0x0000000008008934                xQueueReceive
 .text.prvCopyDataToQueue
                0x0000000008008af4       0xd4 ./Middlewares/Third_Party/FreeRTOS/queue.o
 .text.prvCopyDataFromQueue
                0x0000000008008bc8       0x4c ./Middlewares/Third_Party/FreeRTOS/queue.o
 .text.prvUnlockQueue
                0x0000000008008c14       0xa4 ./Middlewares/Third_Party/FreeRTOS/queue.o
 .text.prvIsQueueEmpty
                0x0000000008008cb8       0x2c ./Middlewares/Third_Party/FreeRTOS/queue.o
 .text.prvIsQueueFull
                0x0000000008008ce4       0x30 ./Middlewares/Third_Party/FreeRTOS/queue.o
 .text.vQueueAddToRegistry
                0x0000000008008d14       0x54 ./Middlewares/Third_Party/FreeRTOS/queue.o
                0x0000000008008d14                vQueueAddToRegistry
 .text.vQueueWaitForMessageRestricted
                0x0000000008008d68       0x68 ./Middlewares/Third_Party/FreeRTOS/queue.o
                0x0000000008008d68                vQueueWaitForMessageRestricted
 .text.xTaskCreateStatic
                0x0000000008008dd0       0xba ./Middlewares/Third_Party/FreeRTOS/tasks.o
                0x0000000008008dd0                xTaskCreateStatic
 .text.xTaskCreate
                0x0000000008008e8a       0x8a ./Middlewares/Third_Party/FreeRTOS/tasks.o
                0x0000000008008e8a                xTaskCreate
 .text.prvInitialiseNewTask
                0x0000000008008f14      0x14c ./Middlewares/Third_Party/FreeRTOS/tasks.o
 .text.prvAddNewTaskToReadyList
                0x0000000008009060       0xe0 ./Middlewares/Third_Party/FreeRTOS/tasks.o
 .text.vTaskDelay
                0x0000000008009140       0x68 ./Middlewares/Third_Party/FreeRTOS/tasks.o
                0x0000000008009140                vTaskDelay
 .text.vTaskStartScheduler
                0x00000000080091a8       0xe0 ./Middlewares/Third_Party/FreeRTOS/tasks.o
                0x00000000080091a8                vTaskStartScheduler
 .text.vTaskSuspendAll
                0x0000000008009288       0x1c ./Middlewares/Third_Party/FreeRTOS/tasks.o
                0x0000000008009288                vTaskSuspendAll
 .text.xTaskResumeAll
                0x00000000080092a4      0x13c ./Middlewares/Third_Party/FreeRTOS/tasks.o
                0x00000000080092a4                xTaskResumeAll
 .text.xTaskGetTickCount
                0x00000000080093e0       0x20 ./Middlewares/Third_Party/FreeRTOS/tasks.o
                0x00000000080093e0                xTaskGetTickCount
 .text.xTaskGetTickCountFromISR
                0x0000000008009400       0x24 ./Middlewares/Third_Party/FreeRTOS/tasks.o
                0x0000000008009400                xTaskGetTickCountFromISR
 .text.xTaskIncrementTick
                0x0000000008009424      0x174 ./Middlewares/Third_Party/FreeRTOS/tasks.o
                0x0000000008009424                xTaskIncrementTick
 .text.vTaskSwitchContext
                0x0000000008009598       0xc8 ./Middlewares/Third_Party/FreeRTOS/tasks.o
                0x0000000008009598                vTaskSwitchContext
 .text.vTaskPlaceOnEventList
                0x0000000008009660       0x48 ./Middlewares/Third_Party/FreeRTOS/tasks.o
                0x0000000008009660                vTaskPlaceOnEventList
 .text.vTaskPlaceOnEventListRestricted
                0x00000000080096a8       0x58 ./Middlewares/Third_Party/FreeRTOS/tasks.o
                0x00000000080096a8                vTaskPlaceOnEventListRestricted
 .text.xTaskRemoveFromEventList
                0x0000000008009700       0xc8 ./Middlewares/Third_Party/FreeRTOS/tasks.o
                0x0000000008009700                xTaskRemoveFromEventList
 .text.vTaskInternalSetTimeOutState
                0x00000000080097c8       0x2c ./Middlewares/Third_Party/FreeRTOS/tasks.o
                0x00000000080097c8                vTaskInternalSetTimeOutState
 .text.xTaskCheckForTimeOut
                0x00000000080097f4       0xc4 ./Middlewares/Third_Party/FreeRTOS/tasks.o
                0x00000000080097f4                xTaskCheckForTimeOut
 .text.vTaskMissedYield
                0x00000000080098b8       0x18 ./Middlewares/Third_Party/FreeRTOS/tasks.o
                0x00000000080098b8                vTaskMissedYield
 .text.prvIdleTask
                0x00000000080098d0       0x30 ./Middlewares/Third_Party/FreeRTOS/tasks.o
 .text.prvInitialiseTaskLists
                0x0000000008009900       0x80 ./Middlewares/Third_Party/FreeRTOS/tasks.o
 .text.prvCheckTasksWaitingTermination
                0x0000000008009980       0x5c ./Middlewares/Third_Party/FreeRTOS/tasks.o
 .text.prvDeleteTCB
                0x00000000080099dc       0x68 ./Middlewares/Third_Party/FreeRTOS/tasks.o
 .text.prvResetNextTaskUnblockTime
                0x0000000008009a44       0x40 ./Middlewares/Third_Party/FreeRTOS/tasks.o
 .text.xTaskGetSchedulerState
                0x0000000008009a84       0x3c ./Middlewares/Third_Party/FreeRTOS/tasks.o
                0x0000000008009a84                xTaskGetSchedulerState
 .text.xTaskPriorityDisinherit
                0x0000000008009ac0       0xdc ./Middlewares/Third_Party/FreeRTOS/tasks.o
                0x0000000008009ac0                xTaskPriorityDisinherit
 .text.prvAddCurrentTaskToDelayedList
                0x0000000008009b9c       0xa8 ./Middlewares/Third_Party/FreeRTOS/tasks.o
 .text.xTimerCreateTimerTask
                0x0000000008009c44       0x90 ./Middlewares/Third_Party/FreeRTOS/timers.o
                0x0000000008009c44                xTimerCreateTimerTask
 .text.xTimerGenericCommand
                0x0000000008009cd4       0x9c ./Middlewares/Third_Party/FreeRTOS/timers.o
                0x0000000008009cd4                xTimerGenericCommand
 .text.prvProcessExpiredTimer
                0x0000000008009d70       0x98 ./Middlewares/Third_Party/FreeRTOS/timers.o
 .text.prvTimerTask
                0x0000000008009e08       0x24 ./Middlewares/Third_Party/FreeRTOS/timers.o
 .text.prvProcessTimerOrBlockTask
                0x0000000008009e2c       0x9c ./Middlewares/Third_Party/FreeRTOS/timers.o
 .text.prvGetNextExpireTime
                0x0000000008009ec8       0x48 ./Middlewares/Third_Party/FreeRTOS/timers.o
 .text.prvSampleTimeNow
                0x0000000008009f10       0x40 ./Middlewares/Third_Party/FreeRTOS/timers.o
 .text.prvInsertTimerInActiveList
                0x0000000008009f50       0x84 ./Middlewares/Third_Party/FreeRTOS/timers.o
 .text.prvProcessReceivedCommands
                0x0000000008009fd4      0x1c4 ./Middlewares/Third_Party/FreeRTOS/timers.o
 .text.prvSwitchTimerLists
                0x000000000800a198       0xc8 ./Middlewares/Third_Party/FreeRTOS/timers.o
 .text.prvCheckForValidListAndQueue
                0x000000000800a260       0x80 ./Middlewares/Third_Party/FreeRTOS/timers.o
 .text.__errno  0x000000000800a2e0        0xc e:/school/ece4981/stmide/stm32cubeide_1.10.1/stm32cubeide/plugins/com.st.stm32cube.ide.mcu.externaltools.gnu-tools-for-stm32.10.3-2021.10.win32_1.0.0.202111181127/tools/bin/../lib/gcc/arm-none-eabi/10.3.1/../../../../arm-none-eabi/lib/thumb/v7e-m+dp/hard\libc_nano.a(lib_a-errno.o)
                0x000000000800a2e0                __errno
 .text.__libc_init_array
                0x000000000800a2ec       0x48 e:/school/ece4981/stmide/stm32cubeide_1.10.1/stm32cubeide/plugins/com.st.stm32cube.ide.mcu.externaltools.gnu-tools-for-stm32.10.3-2021.10.win32_1.0.0.202111181127/tools/bin/../lib/gcc/arm-none-eabi/10.3.1/../../../../arm-none-eabi/lib/thumb/v7e-m+dp/hard\libc_nano.a(lib_a-init.o)
                0x000000000800a2ec                __libc_init_array
 .text.__retarget_lock_acquire_recursive
                0x000000000800a334        0x2 e:/school/ece4981/stmide/stm32cubeide_1.10.1/stm32cubeide/plugins/com.st.stm32cube.ide.mcu.externaltools.gnu-tools-for-stm32.10.3-2021.10.win32_1.0.0.202111181127/tools/bin/../lib/gcc/arm-none-eabi/10.3.1/../../../../arm-none-eabi/lib/thumb/v7e-m+dp/hard\libc_nano.a(lib_a-lock.o)
                0x000000000800a334                __retarget_lock_acquire_recursive
 .text.__retarget_lock_release_recursive
                0x000000000800a336        0x2 e:/school/ece4981/stmide/stm32cubeide_1.10.1/stm32cubeide/plugins/com.st.stm32cube.ide.mcu.externaltools.gnu-tools-for-stm32.10.3-2021.10.win32_1.0.0.202111181127/tools/bin/../lib/gcc/arm-none-eabi/10.3.1/../../../../arm-none-eabi/lib/thumb/v7e-m+dp/hard\libc_nano.a(lib_a-lock.o)
                0x000000000800a336                __retarget_lock_release_recursive
 .text.memcpy   0x000000000800a338       0x1c e:/school/ece4981/stmide/stm32cubeide_1.10.1/stm32cubeide/plugins/com.st.stm32cube.ide.mcu.externaltools.gnu-tools-for-stm32.10.3-2021.10.win32_1.0.0.202111181127/tools/bin/../lib/gcc/arm-none-eabi/10.3.1/../../../../arm-none-eabi/lib/thumb/v7e-m+dp/hard\libc_nano.a(lib_a-memcpy-stub.o)
                0x000000000800a338                memcpy
 .text.memset   0x000000000800a354       0x10 e:/school/ece4981/stmide/stm32cubeide_1.10.1/stm32cubeide/plugins/com.st.stm32cube.ide.mcu.externaltools.gnu-tools-for-stm32.10.3-2021.10.win32_1.0.0.202111181127/tools/bin/../lib/gcc/arm-none-eabi/10.3.1/../../../../arm-none-eabi/lib/thumb/v7e-m+dp/hard\libc_nano.a(lib_a-memset.o)
                0x000000000800a354                memset
 .text.sbrk_aligned
                0x000000000800a364       0x40 e:/school/ece4981/stmide/stm32cubeide_1.10.1/stm32cubeide/plugins/com.st.stm32cube.ide.mcu.externaltools.gnu-tools-for-stm32.10.3-2021.10.win32_1.0.0.202111181127/tools/bin/../lib/gcc/arm-none-eabi/10.3.1/../../../../arm-none-eabi/lib/thumb/v7e-m+dp/hard\libc_nano.a(lib_a-nano-mallocr.o)
 .text._malloc_r
                0x000000000800a3a4       0xe8 e:/school/ece4981/stmide/stm32cubeide_1.10.1/stm32cubeide/plugins/com.st.stm32cube.ide.mcu.externaltools.gnu-tools-for-stm32.10.3-2021.10.win32_1.0.0.202111181127/tools/bin/../lib/gcc/arm-none-eabi/10.3.1/../../../../arm-none-eabi/lib/thumb/v7e-m+dp/hard\libc_nano.a(lib_a-nano-mallocr.o)
                0x000000000800a3a4                _malloc_r
 .text.cleanup_glue
                0x000000000800a48c       0x1a e:/school/ece4981/stmide/stm32cubeide_1.10.1/stm32cubeide/plugins/com.st.stm32cube.ide.mcu.externaltools.gnu-tools-for-stm32.10.3-2021.10.win32_1.0.0.202111181127/tools/bin/../lib/gcc/arm-none-eabi/10.3.1/../../../../arm-none-eabi/lib/thumb/v7e-m+dp/hard\libc_nano.a(lib_a-reent.o)
                0x000000000800a48c                cleanup_glue
 *fill*         0x000000000800a4a6        0x2 
 .text._reclaim_reent
                0x000000000800a4a8       0xb8 e:/school/ece4981/stmide/stm32cubeide_1.10.1/stm32cubeide/plugins/com.st.stm32cube.ide.mcu.externaltools.gnu-tools-for-stm32.10.3-2021.10.win32_1.0.0.202111181127/tools/bin/../lib/gcc/arm-none-eabi/10.3.1/../../../../arm-none-eabi/lib/thumb/v7e-m+dp/hard\libc_nano.a(lib_a-reent.o)
                0x000000000800a4a8                _reclaim_reent
 .text._sbrk_r  0x000000000800a560       0x20 e:/school/ece4981/stmide/stm32cubeide_1.10.1/stm32cubeide/plugins/com.st.stm32cube.ide.mcu.externaltools.gnu-tools-for-stm32.10.3-2021.10.win32_1.0.0.202111181127/tools/bin/../lib/gcc/arm-none-eabi/10.3.1/../../../../arm-none-eabi/lib/thumb/v7e-m+dp/hard\libc_nano.a(lib_a-sbrkr.o)
                0x000000000800a560                _sbrk_r
 .text._vsprintf_r
                0x000000000800a580       0x2c e:/school/ece4981/stmide/stm32cubeide_1.10.1/stm32cubeide/plugins/com.st.stm32cube.ide.mcu.externaltools.gnu-tools-for-stm32.10.3-2021.10.win32_1.0.0.202111181127/tools/bin/../lib/gcc/arm-none-eabi/10.3.1/../../../../arm-none-eabi/lib/thumb/v7e-m+dp/hard\libc_nano.a(lib_a-vsprintf.o)
                0x000000000800a580                _vsprintf_r
                0x000000000800a580                _vsiprintf_r
 .text.vsprintf
                0x000000000800a5ac       0x14 e:/school/ece4981/stmide/stm32cubeide_1.10.1/stm32cubeide/plugins/com.st.stm32cube.ide.mcu.externaltools.gnu-tools-for-stm32.10.3-2021.10.win32_1.0.0.202111181127/tools/bin/../lib/gcc/arm-none-eabi/10.3.1/../../../../arm-none-eabi/lib/thumb/v7e-m+dp/hard\libc_nano.a(lib_a-vsprintf.o)
                0x000000000800a5ac                vsiprintf
                0x000000000800a5ac                vsprintf
 .text.__malloc_lock
                0x000000000800a5c0        0xc e:/school/ece4981/stmide/stm32cubeide_1.10.1/stm32cubeide/plugins/com.st.stm32cube.ide.mcu.externaltools.gnu-tools-for-stm32.10.3-2021.10.win32_1.0.0.202111181127/tools/bin/../lib/gcc/arm-none-eabi/10.3.1/../../../../arm-none-eabi/lib/thumb/v7e-m+dp/hard\libc_nano.a(lib_a-mlock.o)
                0x000000000800a5c0                __malloc_lock
 .text.__malloc_unlock
                0x000000000800a5cc        0xc e:/school/ece4981/stmide/stm32cubeide_1.10.1/stm32cubeide/plugins/com.st.stm32cube.ide.mcu.externaltools.gnu-tools-for-stm32.10.3-2021.10.win32_1.0.0.202111181127/tools/bin/../lib/gcc/arm-none-eabi/10.3.1/../../../../arm-none-eabi/lib/thumb/v7e-m+dp/hard\libc_nano.a(lib_a-mlock.o)
                0x000000000800a5cc                __malloc_unlock
 .text._free_r  0x000000000800a5d8       0x98 e:/school/ece4981/stmide/stm32cubeide_1.10.1/stm32cubeide/plugins/com.st.stm32cube.ide.mcu.externaltools.gnu-tools-for-stm32.10.3-2021.10.win32_1.0.0.202111181127/tools/bin/../lib/gcc/arm-none-eabi/10.3.1/../../../../arm-none-eabi/lib/thumb/v7e-m+dp/hard\libc_nano.a(lib_a-nano-freer.o)
                0x000000000800a5d8                _free_r
 .text.__ssputs_r
                0x000000000800a670       0xb6 e:/school/ece4981/stmide/stm32cubeide_1.10.1/stm32cubeide/plugins/com.st.stm32cube.ide.mcu.externaltools.gnu-tools-for-stm32.10.3-2021.10.win32_1.0.0.202111181127/tools/bin/../lib/gcc/arm-none-eabi/10.3.1/../../../../arm-none-eabi/lib/thumb/v7e-m+dp/hard\libc_nano.a(lib_a-nano-svfprintf.o)
                0x000000000800a670                __ssputs_r
 *fill*         0x000000000800a726        0x2 
 .text._svfprintf_r
                0x000000000800a728      0x200 e:/school/ece4981/stmide/stm32cubeide_1.10.1/stm32cubeide/plugins/com.st.stm32cube.ide.mcu.externaltools.gnu-tools-for-stm32.10.3-2021.10.win32_1.0.0.202111181127/tools/bin/../lib/gcc/arm-none-eabi/10.3.1/../../../../arm-none-eabi/lib/thumb/v7e-m+dp/hard\libc_nano.a(lib_a-nano-svfprintf.o)
                0x000000000800a728                _svfiprintf_r
                0x000000000800a728                _svfprintf_r
 .text._printf_common
                0x000000000800a928       0xda e:/school/ece4981/stmide/stm32cubeide_1.10.1/stm32cubeide/plugins/com.st.stm32cube.ide.mcu.externaltools.gnu-tools-for-stm32.10.3-2021.10.win32_1.0.0.202111181127/tools/bin/../lib/gcc/arm-none-eabi/10.3.1/../../../../arm-none-eabi/lib/thumb/v7e-m+dp/hard\libc_nano.a(lib_a-nano-vfprintf_i.o)
                0x000000000800a928                _printf_common
 *fill*         0x000000000800aa02        0x2 
 .text._printf_i
                0x000000000800aa04      0x24c e:/school/ece4981/stmide/stm32cubeide_1.10.1/stm32cubeide/plugins/com.st.stm32cube.ide.mcu.externaltools.gnu-tools-for-stm32.10.3-2021.10.win32_1.0.0.202111181127/tools/bin/../lib/gcc/arm-none-eabi/10.3.1/../../../../arm-none-eabi/lib/thumb/v7e-m+dp/hard\libc_nano.a(lib_a-nano-vfprintf_i.o)
                0x000000000800aa04                _printf_i
 .text.memmove  0x000000000800ac50       0x34 e:/school/ece4981/stmide/stm32cubeide_1.10.1/stm32cubeide/plugins/com.st.stm32cube.ide.mcu.externaltools.gnu-tools-for-stm32.10.3-2021.10.win32_1.0.0.202111181127/tools/bin/../lib/gcc/arm-none-eabi/10.3.1/../../../../arm-none-eabi/lib/thumb/v7e-m+dp/hard\libc_nano.a(lib_a-memmove.o)
                0x000000000800ac50                memmove
 .text._realloc_r
                0x000000000800ac84       0x5e e:/school/ece4981/stmide/stm32cubeide_1.10.1/stm32cubeide/plugins/com.st.stm32cube.ide.mcu.externaltools.gnu-tools-for-stm32.10.3-2021.10.win32_1.0.0.202111181127/tools/bin/../lib/gcc/arm-none-eabi/10.3.1/../../../../arm-none-eabi/lib/thumb/v7e-m+dp/hard\libc_nano.a(lib_a-nano-reallocr.o)
                0x000000000800ac84                _realloc_r
 .text._malloc_usable_size_r
                0x000000000800ace2       0x10 e:/school/ece4981/stmide/stm32cubeide_1.10.1/stm32cubeide/plugins/com.st.stm32cube.ide.mcu.externaltools.gnu-tools-for-stm32.10.3-2021.10.win32_1.0.0.202111181127/tools/bin/../lib/gcc/arm-none-eabi/10.3.1/../../../../arm-none-eabi/lib/thumb/v7e-m+dp/hard\libc_nano.a(lib_a-nano-msizer.o)
                0x000000000800ace2                _malloc_usable_size_r
 *(.glue_7)
 .glue_7        0x000000000800acf2        0x0 linker stubs
 *(.glue_7t)
 .glue_7t       0x000000000800acf2        0x0 linker stubs
 *(.eh_frame)
 *fill*         0x000000000800acf2        0x2 
 .eh_frame      0x000000000800acf4        0x0 e:/school/ece4981/stmide/stm32cubeide_1.10.1/stm32cubeide/plugins/com.st.stm32cube.ide.mcu.externaltools.gnu-tools-for-stm32.10.3-2021.10.win32_1.0.0.202111181127/tools/bin/../lib/gcc/arm-none-eabi/10.3.1/thumb/v7e-m+dp/hard/crtbegin.o
 *(.init)
 .init          0x000000000800acf4        0x4 e:/school/ece4981/stmide/stm32cubeide_1.10.1/stm32cubeide/plugins/com.st.stm32cube.ide.mcu.externaltools.gnu-tools-for-stm32.10.3-2021.10.win32_1.0.0.202111181127/tools/bin/../lib/gcc/arm-none-eabi/10.3.1/thumb/v7e-m+dp/hard/crti.o
                0x000000000800acf4                _init
 .init          0x000000000800acf8        0x8 e:/school/ece4981/stmide/stm32cubeide_1.10.1/stm32cubeide/plugins/com.st.stm32cube.ide.mcu.externaltools.gnu-tools-for-stm32.10.3-2021.10.win32_1.0.0.202111181127/tools/bin/../lib/gcc/arm-none-eabi/10.3.1/thumb/v7e-m+dp/hard/crtn.o
 *(.fini)
 .fini          0x000000000800ad00        0x4 e:/school/ece4981/stmide/stm32cubeide_1.10.1/stm32cubeide/plugins/com.st.stm32cube.ide.mcu.externaltools.gnu-tools-for-stm32.10.3-2021.10.win32_1.0.0.202111181127/tools/bin/../lib/gcc/arm-none-eabi/10.3.1/thumb/v7e-m+dp/hard/crti.o
                0x000000000800ad00                _fini
 .fini          0x000000000800ad04        0x8 e:/school/ece4981/stmide/stm32cubeide_1.10.1/stm32cubeide/plugins/com.st.stm32cube.ide.mcu.externaltools.gnu-tools-for-stm32.10.3-2021.10.win32_1.0.0.202111181127/tools/bin/../lib/gcc/arm-none-eabi/10.3.1/thumb/v7e-m+dp/hard/crtn.o
                0x000000000800ad0c                . = ALIGN (0x4)
                0x000000000800ad0c                _etext = .

.vfp11_veneer   0x000000000800ad0c        0x0
 .vfp11_veneer  0x000000000800ad0c        0x0 linker stubs

.v4_bx          0x000000000800ad0c        0x0
 .v4_bx         0x000000000800ad0c        0x0 linker stubs

.iplt           0x000000000800ad0c        0x0
 .iplt          0x000000000800ad0c        0x0 e:/school/ece4981/stmide/stm32cubeide_1.10.1/stm32cubeide/plugins/com.st.stm32cube.ide.mcu.externaltools.gnu-tools-for-stm32.10.3-2021.10.win32_1.0.0.202111181127/tools/bin/../lib/gcc/arm-none-eabi/10.3.1/thumb/v7e-m+dp/hard/crtbegin.o

.rodata         0x000000000800ad0c      0x1c0
                0x000000000800ad0c                . = ALIGN (0x4)
 *(.rodata)
 .rodata        0x000000000800ad0c       0x91 ./Core/Src/main.o
 *fill*         0x000000000800ad9d        0x3 
 .rodata        0x000000000800ada0        0x5 ./Middlewares/Third_Party/FreeRTOS/tasks.o
 *fill*         0x000000000800ada5        0x3 
 .rodata        0x000000000800ada8        0xd ./Middlewares/Third_Party/FreeRTOS/timers.o
 *(.rodata*)
 *fill*         0x000000000800adb5        0x3 
 .rodata.D1CorePrescTable
                0x000000000800adb8       0x10 ./Common/Src/system_stm32h7xx_dualcore_boot_cm4_cm7.o
                0x000000000800adb8                D1CorePrescTable
 .rodata._ZL22defaultTask_attributes
                0x000000000800adc8       0x24 ./Core/Src/main.o
 .rodata._ZL19NTagTask_attributes
                0x000000000800adec       0x24 ./Core/Src/main.o
 .rodata.UARTPrescTable
                0x000000000800ae10       0x18 ./Drivers/STM32H7xx_HAL_Driver/stm32h7xx_hal_uart.o
                0x000000000800ae10                UARTPrescTable
 .rodata.numerator.1
                0x000000000800ae28        0x8 ./Drivers/STM32H7xx_HAL_Driver/stm32h7xx_hal_uart_ex.o
 .rodata.denominator.0
                0x000000000800ae30        0x8 ./Drivers/STM32H7xx_HAL_Driver/stm32h7xx_hal_uart_ex.o
 .rodata.__sf_fake_stderr
                0x000000000800ae38       0x20 e:/school/ece4981/stmide/stm32cubeide_1.10.1/stm32cubeide/plugins/com.st.stm32cube.ide.mcu.externaltools.gnu-tools-for-stm32.10.3-2021.10.win32_1.0.0.202111181127/tools/bin/../lib/gcc/arm-none-eabi/10.3.1/../../../../arm-none-eabi/lib/thumb/v7e-m+dp/hard\libc_nano.a(lib_a-findfp.o)
                0x000000000800ae38                __sf_fake_stderr
 .rodata.__sf_fake_stdin
                0x000000000800ae58       0x20 e:/school/ece4981/stmide/stm32cubeide_1.10.1/stm32cubeide/plugins/com.st.stm32cube.ide.mcu.externaltools.gnu-tools-for-stm32.10.3-2021.10.win32_1.0.0.202111181127/tools/bin/../lib/gcc/arm-none-eabi/10.3.1/../../../../arm-none-eabi/lib/thumb/v7e-m+dp/hard\libc_nano.a(lib_a-findfp.o)
                0x000000000800ae58                __sf_fake_stdin
 .rodata.__sf_fake_stdout
                0x000000000800ae78       0x20 e:/school/ece4981/stmide/stm32cubeide_1.10.1/stm32cubeide/plugins/com.st.stm32cube.ide.mcu.externaltools.gnu-tools-for-stm32.10.3-2021.10.win32_1.0.0.202111181127/tools/bin/../lib/gcc/arm-none-eabi/10.3.1/../../../../arm-none-eabi/lib/thumb/v7e-m+dp/hard\libc_nano.a(lib_a-findfp.o)
                0x000000000800ae78                __sf_fake_stdout
 .rodata._svfprintf_r.str1.1
                0x000000000800ae98       0x11 e:/school/ece4981/stmide/stm32cubeide_1.10.1/stm32cubeide/plugins/com.st.stm32cube.ide.mcu.externaltools.gnu-tools-for-stm32.10.3-2021.10.win32_1.0.0.202111181127/tools/bin/../lib/gcc/arm-none-eabi/10.3.1/../../../../arm-none-eabi/lib/thumb/v7e-m+dp/hard\libc_nano.a(lib_a-nano-svfprintf.o)
 .rodata._printf_i.str1.1
                0x000000000800aea9       0x22 e:/school/ece4981/stmide/stm32cubeide_1.10.1/stm32cubeide/plugins/com.st.stm32cube.ide.mcu.externaltools.gnu-tools-for-stm32.10.3-2021.10.win32_1.0.0.202111181127/tools/bin/../lib/gcc/arm-none-eabi/10.3.1/../../../../arm-none-eabi/lib/thumb/v7e-m+dp/hard\libc_nano.a(lib_a-nano-vfprintf_i.o)
                0x000000000800aecc                . = ALIGN (0x4)
 *fill*         0x000000000800aecb        0x1 

.ARM.extab      0x000000000800aecc        0x0
                0x000000000800aecc                . = ALIGN (0x4)
 *(.ARM.extab* .gnu.linkonce.armextab.*)
                0x000000000800aecc                . = ALIGN (0x4)

.ARM            0x000000000800aecc        0x8
                0x000000000800aecc                . = ALIGN (0x4)
                0x000000000800aecc                __exidx_start = .
 *(.ARM.exidx*)
 .ARM.exidx     0x000000000800aecc        0x8 e:/school/ece4981/stmide/stm32cubeide_1.10.1/stm32cubeide/plugins/com.st.stm32cube.ide.mcu.externaltools.gnu-tools-for-stm32.10.3-2021.10.win32_1.0.0.202111181127/tools/bin/../lib/gcc/arm-none-eabi/10.3.1/thumb/v7e-m+dp/hard\libgcc.a(_udivmoddi4.o)
                0x000000000800aed4                __exidx_end = .
                0x000000000800aed4                . = ALIGN (0x4)

.rel.dyn        0x000000000800aed4        0x0
 .rel.iplt      0x000000000800aed4        0x0 e:/school/ece4981/stmide/stm32cubeide_1.10.1/stm32cubeide/plugins/com.st.stm32cube.ide.mcu.externaltools.gnu-tools-for-stm32.10.3-2021.10.win32_1.0.0.202111181127/tools/bin/../lib/gcc/arm-none-eabi/10.3.1/thumb/v7e-m+dp/hard/crtbegin.o

.preinit_array  0x000000000800aed4        0x0
                0x000000000800aed4                . = ALIGN (0x4)
                0x000000000800aed4                PROVIDE (__preinit_array_start = .)
 *(.preinit_array*)
                0x000000000800aed4                PROVIDE (__preinit_array_end = .)
                0x000000000800aed4                . = ALIGN (0x4)

.init_array     0x000000000800aed4        0x4
                0x000000000800aed4                . = ALIGN (0x4)
                0x000000000800aed4                PROVIDE (__init_array_start = .)
 *(SORT_BY_NAME(.init_array.*))
 *(.init_array*)
 .init_array    0x000000000800aed4        0x4 e:/school/ece4981/stmide/stm32cubeide_1.10.1/stm32cubeide/plugins/com.st.stm32cube.ide.mcu.externaltools.gnu-tools-for-stm32.10.3-2021.10.win32_1.0.0.202111181127/tools/bin/../lib/gcc/arm-none-eabi/10.3.1/thumb/v7e-m+dp/hard/crtbegin.o
                0x000000000800aed8                PROVIDE (__init_array_end = .)
                0x000000000800aed8                . = ALIGN (0x4)

.fini_array     0x000000000800aed8        0x4
                0x000000000800aed8                . = ALIGN (0x4)
                [!provide]                        PROVIDE (__fini_array_start = .)
 *(SORT_BY_NAME(.fini_array.*))
 *(.fini_array*)
 .fini_array    0x000000000800aed8        0x4 e:/school/ece4981/stmide/stm32cubeide_1.10.1/stm32cubeide/plugins/com.st.stm32cube.ide.mcu.externaltools.gnu-tools-for-stm32.10.3-2021.10.win32_1.0.0.202111181127/tools/bin/../lib/gcc/arm-none-eabi/10.3.1/thumb/v7e-m+dp/hard/crtbegin.o
                [!provide]                        PROVIDE (__fini_array_end = .)
                0x000000000800aedc                . = ALIGN (0x4)
                0x000000000800aedc                _sidata = LOADADDR (.data)

.data           0x0000000024000000       0x78 load address 0x000000000800aedc
                0x0000000024000000                . = ALIGN (0x4)
                0x0000000024000000                _sdata = .
 *(.data)
 *(.data*)
 .data.SystemCoreClock
                0x0000000024000000        0x4 ./Common/Src/system_stm32h7xx_dualcore_boot_cm4_cm7.o
                0x0000000024000000                SystemCoreClock
 .data.SystemD2Clock
                0x0000000024000004        0x4 ./Common/Src/system_stm32h7xx_dualcore_boot_cm4_cm7.o
                0x0000000024000004                SystemD2Clock
 .data.uwTickPrio
                0x0000000024000008        0x4 ./Drivers/STM32H7xx_HAL_Driver/stm32h7xx_hal.o
                0x0000000024000008                uwTickPrio
 .data.uwTickFreq
                0x000000002400000c        0x1 ./Drivers/STM32H7xx_HAL_Driver/stm32h7xx_hal.o
                0x000000002400000c                uwTickFreq
 *fill*         0x000000002400000d        0x3 
 .data.uxCriticalNesting
                0x0000000024000010        0x4 ./Middlewares/Third_Party/FreeRTOS/port.o
 .data._impure_ptr
                0x0000000024000014        0x4 e:/school/ece4981/stmide/stm32cubeide_1.10.1/stm32cubeide/plugins/com.st.stm32cube.ide.mcu.externaltools.gnu-tools-for-stm32.10.3-2021.10.win32_1.0.0.202111181127/tools/bin/../lib/gcc/arm-none-eabi/10.3.1/../../../../arm-none-eabi/lib/thumb/v7e-m+dp/hard\libc_nano.a(lib_a-impure.o)
                0x0000000024000014                _impure_ptr
 .data.impure_data
                0x0000000024000018       0x60 e:/school/ece4981/stmide/stm32cubeide_1.10.1/stm32cubeide/plugins/com.st.stm32cube.ide.mcu.externaltools.gnu-tools-for-stm32.10.3-2021.10.win32_1.0.0.202111181127/tools/bin/../lib/gcc/arm-none-eabi/10.3.1/../../../../arm-none-eabi/lib/thumb/v7e-m+dp/hard\libc_nano.a(lib_a-impure.o)
 *(.RamFunc)
 *(.RamFunc*)
                0x0000000024000078                . = ALIGN (0x4)
                0x0000000024000078                _edata = .

.igot.plt       0x0000000024000078        0x0 load address 0x000000000800af54
 .igot.plt      0x0000000024000078        0x0 e:/school/ece4981/stmide/stm32cubeide_1.10.1/stm32cubeide/plugins/com.st.stm32cube.ide.mcu.externaltools.gnu-tools-for-stm32.10.3-2021.10.win32_1.0.0.202111181127/tools/bin/../lib/gcc/arm-none-eabi/10.3.1/thumb/v7e-m+dp/hard/crtbegin.o
                0x0000000024000078                . = ALIGN (0x4)

.bss            0x0000000024000078     0x4c48 load address 0x000000000800af54
                0x0000000024000078                _sbss = .
                0x0000000024000078                __bss_start__ = _sbss
 *(.bss)
 .bss           0x0000000024000078       0x1c e:/school/ece4981/stmide/stm32cubeide_1.10.1/stm32cubeide/plugins/com.st.stm32cube.ide.mcu.externaltools.gnu-tools-for-stm32.10.3-2021.10.win32_1.0.0.202111181127/tools/bin/../lib/gcc/arm-none-eabi/10.3.1/thumb/v7e-m+dp/hard/crtbegin.o
 *(.bss*)
 .bss.hi2c1     0x0000000024000094       0x4c ./Core/Src/main.o
                0x0000000024000094                hi2c1
 .bss.hi2c4     0x00000000240000e0       0x4c ./Core/Src/main.o
                0x00000000240000e0                hi2c4
 .bss.hspi5     0x000000002400012c       0x88 ./Core/Src/main.o
                0x000000002400012c                hspi5
 .bss.huart1    0x00000000240001b4       0x90 ./Core/Src/main.o
                0x00000000240001b4                huart1
 .bss.defaultTaskHandle
                0x0000000024000244        0x4 ./Core/Src/main.o
                0x0000000024000244                defaultTaskHandle
 .bss.NTagTaskHandle
                0x0000000024000248        0x4 ./Core/Src/main.o
                0x0000000024000248                NTagTaskHandle
 .bss.htim1     0x000000002400024c       0x4c ./Core/Src/stm32h7xx_hal_timebase_tim.o
                0x000000002400024c                htim1
 .bss.__sbrk_heap_end
                0x0000000024000298        0x4 ./Core/Src/sysmem.o
 .bss.uwTick    0x000000002400029c        0x4 ./Drivers/STM32H7xx_HAL_Driver/stm32h7xx_hal.o
                0x000000002400029c                uwTick
 .bss.KernelState
                0x00000000240002a0        0x4 ./Middlewares/Third_Party/FreeRTOS/cmsis_os2.o
 .bss.Idle_TCB.3
                0x00000000240002a4       0xbc ./Middlewares/Third_Party/FreeRTOS/cmsis_os2.o
 .bss.Idle_Stack.2
                0x0000000024000360      0x200 ./Middlewares/Third_Party/FreeRTOS/cmsis_os2.o
 .bss.Timer_TCB.1
                0x0000000024000560       0xbc ./Middlewares/Third_Party/FreeRTOS/cmsis_os2.o
 .bss.Timer_Stack.0
                0x000000002400061c      0x400 ./Middlewares/Third_Party/FreeRTOS/cmsis_os2.o
 .bss.ucHeap    0x0000000024000a1c     0x3c00 ./Middlewares/Third_Party/FreeRTOS/heap_4.o
 .bss.xStart    0x000000002400461c        0x8 ./Middlewares/Third_Party/FreeRTOS/heap_4.o
 .bss.pxEnd     0x0000000024004624        0x4 ./Middlewares/Third_Party/FreeRTOS/heap_4.o
 .bss.xFreeBytesRemaining
                0x0000000024004628        0x4 ./Middlewares/Third_Party/FreeRTOS/heap_4.o
 .bss.xMinimumEverFreeBytesRemaining
                0x000000002400462c        0x4 ./Middlewares/Third_Party/FreeRTOS/heap_4.o
 .bss.xNumberOfSuccessfulAllocations
                0x0000000024004630        0x4 ./Middlewares/Third_Party/FreeRTOS/heap_4.o
 .bss.xNumberOfSuccessfulFrees
                0x0000000024004634        0x4 ./Middlewares/Third_Party/FreeRTOS/heap_4.o
 .bss.xBlockAllocatedBit
                0x0000000024004638        0x4 ./Middlewares/Third_Party/FreeRTOS/heap_4.o
 .bss.ucMaxSysCallPriority
                0x000000002400463c        0x1 ./Middlewares/Third_Party/FreeRTOS/port.o
 *fill*         0x000000002400463d        0x3 
 .bss.ulMaxPRIGROUPValue
                0x0000000024004640        0x4 ./Middlewares/Third_Party/FreeRTOS/port.o
 .bss.xQueueRegistry
                0x0000000024004644       0x40 ./Middlewares/Third_Party/FreeRTOS/queue.o
                0x0000000024004644                xQueueRegistry
 .bss.pxCurrentTCB
                0x0000000024004684        0x4 ./Middlewares/Third_Party/FreeRTOS/tasks.o
                0x0000000024004684                pxCurrentTCB
 .bss.pxReadyTasksLists
                0x0000000024004688      0x460 ./Middlewares/Third_Party/FreeRTOS/tasks.o
 .bss.xDelayedTaskList1
                0x0000000024004ae8       0x14 ./Middlewares/Third_Party/FreeRTOS/tasks.o
 .bss.xDelayedTaskList2
                0x0000000024004afc       0x14 ./Middlewares/Third_Party/FreeRTOS/tasks.o
 .bss.pxDelayedTaskList
                0x0000000024004b10        0x4 ./Middlewares/Third_Party/FreeRTOS/tasks.o
 .bss.pxOverflowDelayedTaskList
                0x0000000024004b14        0x4 ./Middlewares/Third_Party/FreeRTOS/tasks.o
 .bss.xPendingReadyList
                0x0000000024004b18       0x14 ./Middlewares/Third_Party/FreeRTOS/tasks.o
 .bss.xTasksWaitingTermination
                0x0000000024004b2c       0x14 ./Middlewares/Third_Party/FreeRTOS/tasks.o
 .bss.uxDeletedTasksWaitingCleanUp
                0x0000000024004b40        0x4 ./Middlewares/Third_Party/FreeRTOS/tasks.o
 .bss.xSuspendedTaskList
                0x0000000024004b44       0x14 ./Middlewares/Third_Party/FreeRTOS/tasks.o
 .bss.uxCurrentNumberOfTasks
                0x0000000024004b58        0x4 ./Middlewares/Third_Party/FreeRTOS/tasks.o
 .bss.xTickCount
                0x0000000024004b5c        0x4 ./Middlewares/Third_Party/FreeRTOS/tasks.o
 .bss.uxTopReadyPriority
                0x0000000024004b60        0x4 ./Middlewares/Third_Party/FreeRTOS/tasks.o
 .bss.xSchedulerRunning
                0x0000000024004b64        0x4 ./Middlewares/Third_Party/FreeRTOS/tasks.o
 .bss.xPendedTicks
                0x0000000024004b68        0x4 ./Middlewares/Third_Party/FreeRTOS/tasks.o
 .bss.xYieldPending
                0x0000000024004b6c        0x4 ./Middlewares/Third_Party/FreeRTOS/tasks.o
 .bss.xNumOfOverflows
                0x0000000024004b70        0x4 ./Middlewares/Third_Party/FreeRTOS/tasks.o
 .bss.uxTaskNumber
                0x0000000024004b74        0x4 ./Middlewares/Third_Party/FreeRTOS/tasks.o
 .bss.xNextTaskUnblockTime
                0x0000000024004b78        0x4 ./Middlewares/Third_Party/FreeRTOS/tasks.o
 .bss.xIdleTaskHandle
                0x0000000024004b7c        0x4 ./Middlewares/Third_Party/FreeRTOS/tasks.o
 .bss.uxSchedulerSuspended
                0x0000000024004b80        0x4 ./Middlewares/Third_Party/FreeRTOS/tasks.o
 .bss.xActiveTimerList1
                0x0000000024004b84       0x14 ./Middlewares/Third_Party/FreeRTOS/timers.o
 .bss.xActiveTimerList2
                0x0000000024004b98       0x14 ./Middlewares/Third_Party/FreeRTOS/timers.o
 .bss.pxCurrentTimerList
                0x0000000024004bac        0x4 ./Middlewares/Third_Party/FreeRTOS/timers.o
 .bss.pxOverflowTimerList
                0x0000000024004bb0        0x4 ./Middlewares/Third_Party/FreeRTOS/timers.o
 .bss.xTimerQueue
                0x0000000024004bb4        0x4 ./Middlewares/Third_Party/FreeRTOS/timers.o
 .bss.xTimerTaskHandle
                0x0000000024004bb8        0x4 ./Middlewares/Third_Party/FreeRTOS/timers.o
 .bss.xLastTime.2
                0x0000000024004bbc        0x4 ./Middlewares/Third_Party/FreeRTOS/timers.o
 .bss.ucStaticTimerQueueStorage.1
                0x0000000024004bc0       0xa0 ./Middlewares/Third_Party/FreeRTOS/timers.o
 .bss.xStaticTimerQueue.0
                0x0000000024004c60       0x50 ./Middlewares/Third_Party/FreeRTOS/timers.o
 .bss.__lock___malloc_recursive_mutex
                0x0000000024004cb0        0x1 e:/school/ece4981/stmide/stm32cubeide_1.10.1/stm32cubeide/plugins/com.st.stm32cube.ide.mcu.externaltools.gnu-tools-for-stm32.10.3-2021.10.win32_1.0.0.202111181127/tools/bin/../lib/gcc/arm-none-eabi/10.3.1/../../../../arm-none-eabi/lib/thumb/v7e-m+dp/hard\libc_nano.a(lib_a-lock.o)
                0x0000000024004cb0                __lock___malloc_recursive_mutex
 *fill*         0x0000000024004cb1        0x3 
 .bss.__malloc_free_list
                0x0000000024004cb4        0x4 e:/school/ece4981/stmide/stm32cubeide_1.10.1/stm32cubeide/plugins/com.st.stm32cube.ide.mcu.externaltools.gnu-tools-for-stm32.10.3-2021.10.win32_1.0.0.202111181127/tools/bin/../lib/gcc/arm-none-eabi/10.3.1/../../../../arm-none-eabi/lib/thumb/v7e-m+dp/hard\libc_nano.a(lib_a-nano-mallocr.o)
                0x0000000024004cb4                __malloc_free_list
 .bss.__malloc_sbrk_start
                0x0000000024004cb8        0x4 e:/school/ece4981/stmide/stm32cubeide_1.10.1/stm32cubeide/plugins/com.st.stm32cube.ide.mcu.externaltools.gnu-tools-for-stm32.10.3-2021.10.win32_1.0.0.202111181127/tools/bin/../lib/gcc/arm-none-eabi/10.3.1/../../../../arm-none-eabi/lib/thumb/v7e-m+dp/hard\libc_nano.a(lib_a-nano-mallocr.o)
                0x0000000024004cb8                __malloc_sbrk_start
 .bss.errno     0x0000000024004cbc        0x4 e:/school/ece4981/stmide/stm32cubeide_1.10.1/stm32cubeide/plugins/com.st.stm32cube.ide.mcu.externaltools.gnu-tools-for-stm32.10.3-2021.10.win32_1.0.0.202111181127/tools/bin/../lib/gcc/arm-none-eabi/10.3.1/../../../../arm-none-eabi/lib/thumb/v7e-m+dp/hard\libc_nano.a(lib_a-reent.o)
                0x0000000024004cbc                errno
 *(COMMON)
                0x0000000024004cc0                . = ALIGN (0x4)
                0x0000000024004cc0                _ebss = .
                0x0000000024004cc0                __bss_end__ = _ebss

._user_heap_stack
                0x0000000024004cc0      0x600 load address 0x000000000800af54
                0x0000000024004cc0                . = ALIGN (0x8)
                [!provide]                        PROVIDE (end = .)
                0x0000000024004cc0                PROVIDE (_end = .)
                0x0000000024004ec0                . = (. + _Min_Heap_Size)
 *fill*         0x0000000024004cc0      0x200 
                0x00000000240052c0                . = (. + _Min_Stack_Size)
 *fill*         0x0000000024004ec0      0x400 
                0x00000000240052c0                . = ALIGN (0x8)

/DISCARD/
 libc.a(*)
 libm.a(*)
 libgcc.a(*)

.ARM.attributes
                0x0000000000000000       0x2e
 *(.ARM.attributes)
 .ARM.attributes
                0x0000000000000000       0x1e e:/school/ece4981/stmide/stm32cubeide_1.10.1/stm32cubeide/plugins/com.st.stm32cube.ide.mcu.externaltools.gnu-tools-for-stm32.10.3-2021.10.win32_1.0.0.202111181127/tools/bin/../lib/gcc/arm-none-eabi/10.3.1/thumb/v7e-m+dp/hard/crti.o
 .ARM.attributes
                0x000000000000001e       0x32 e:/school/ece4981/stmide/stm32cubeide_1.10.1/stm32cubeide/plugins/com.st.stm32cube.ide.mcu.externaltools.gnu-tools-for-stm32.10.3-2021.10.win32_1.0.0.202111181127/tools/bin/../lib/gcc/arm-none-eabi/10.3.1/thumb/v7e-m+dp/hard/crtbegin.o
 .ARM.attributes
                0x0000000000000050       0x32 ./Common/Src/system_stm32h7xx_dualcore_boot_cm4_cm7.o
 .ARM.attributes
                0x0000000000000082       0x32 ./Core/Src/NTagRC522.o
 .ARM.attributes
                0x00000000000000b4       0x32 ./Core/Src/main.o
 .ARM.attributes
                0x00000000000000e6       0x32 ./Core/Src/stm32h7xx_hal_msp.o
 .ARM.attributes
                0x0000000000000118       0x32 ./Core/Src/stm32h7xx_hal_timebase_tim.o
 .ARM.attributes
                0x000000000000014a       0x32 ./Core/Src/stm32h7xx_it.o
 .ARM.attributes
                0x000000000000017c       0x32 ./Core/Src/sysmem.o
 .ARM.attributes
                0x00000000000001ae       0x21 ./Core/Startup/startup_stm32h747xihx.o
 .ARM.attributes
                0x00000000000001cf       0x32 ./Drivers/STM32H7xx_HAL_Driver/stm32h7xx_hal.o
 .ARM.attributes
                0x0000000000000201       0x32 ./Drivers/STM32H7xx_HAL_Driver/stm32h7xx_hal_cortex.o
 .ARM.attributes
                0x0000000000000233       0x32 ./Drivers/STM32H7xx_HAL_Driver/stm32h7xx_hal_gpio.o
 .ARM.attributes
                0x0000000000000265       0x32 ./Drivers/STM32H7xx_HAL_Driver/stm32h7xx_hal_hsem.o
 .ARM.attributes
                0x0000000000000297       0x32 ./Drivers/STM32H7xx_HAL_Driver/stm32h7xx_hal_i2c.o
 .ARM.attributes
                0x00000000000002c9       0x32 ./Drivers/STM32H7xx_HAL_Driver/stm32h7xx_hal_i2c_ex.o
 .ARM.attributes
                0x00000000000002fb       0x32 ./Drivers/STM32H7xx_HAL_Driver/stm32h7xx_hal_pwr_ex.o
 .ARM.attributes
                0x000000000000032d       0x32 ./Drivers/STM32H7xx_HAL_Driver/stm32h7xx_hal_rcc.o
 .ARM.attributes
                0x000000000000035f       0x32 ./Drivers/STM32H7xx_HAL_Driver/stm32h7xx_hal_rcc_ex.o
 .ARM.attributes
                0x0000000000000391       0x32 ./Drivers/STM32H7xx_HAL_Driver/stm32h7xx_hal_spi.o
 .ARM.attributes
                0x00000000000003c3       0x32 ./Drivers/STM32H7xx_HAL_Driver/stm32h7xx_hal_tim.o
 .ARM.attributes
                0x00000000000003f5       0x32 ./Drivers/STM32H7xx_HAL_Driver/stm32h7xx_hal_tim_ex.o
 .ARM.attributes
                0x0000000000000427       0x32 ./Drivers/STM32H7xx_HAL_Driver/stm32h7xx_hal_uart.o
 .ARM.attributes
                0x0000000000000459       0x32 ./Drivers/STM32H7xx_HAL_Driver/stm32h7xx_hal_uart_ex.o
 .ARM.attributes
                0x000000000000048b       0x32 ./Middlewares/Third_Party/FreeRTOS/cmsis_os2.o
 .ARM.attributes
                0x00000000000004bd       0x32 ./Middlewares/Third_Party/FreeRTOS/heap_4.o
 .ARM.attributes
                0x00000000000004ef       0x32 ./Middlewares/Third_Party/FreeRTOS/list.o
 .ARM.attributes
                0x0000000000000521       0x32 ./Middlewares/Third_Party/FreeRTOS/port.o
 .ARM.attributes
                0x0000000000000553       0x32 ./Middlewares/Third_Party/FreeRTOS/queue.o
 .ARM.attributes
                0x0000000000000585       0x32 ./Middlewares/Third_Party/FreeRTOS/tasks.o
 .ARM.attributes
                0x00000000000005b7       0x32 ./Middlewares/Third_Party/FreeRTOS/timers.o
 .ARM.attributes
                0x00000000000005e9       0x32 e:/school/ece4981/stmide/stm32cubeide_1.10.1/stm32cubeide/plugins/com.st.stm32cube.ide.mcu.externaltools.gnu-tools-for-stm32.10.3-2021.10.win32_1.0.0.202111181127/tools/bin/../lib/gcc/arm-none-eabi/10.3.1/../../../../arm-none-eabi/lib/thumb/v7e-m+dp/hard\libc_nano.a(lib_a-errno.o)
 .ARM.attributes
                0x000000000000061b       0x32 e:/school/ece4981/stmide/stm32cubeide_1.10.1/stm32cubeide/plugins/com.st.stm32cube.ide.mcu.externaltools.gnu-tools-for-stm32.10.3-2021.10.win32_1.0.0.202111181127/tools/bin/../lib/gcc/arm-none-eabi/10.3.1/../../../../arm-none-eabi/lib/thumb/v7e-m+dp/hard\libc_nano.a(lib_a-findfp.o)
 .ARM.attributes
                0x000000000000064d       0x32 e:/school/ece4981/stmide/stm32cubeide_1.10.1/stm32cubeide/plugins/com.st.stm32cube.ide.mcu.externaltools.gnu-tools-for-stm32.10.3-2021.10.win32_1.0.0.202111181127/tools/bin/../lib/gcc/arm-none-eabi/10.3.1/../../../../arm-none-eabi/lib/thumb/v7e-m+dp/hard\libc_nano.a(lib_a-impure.o)
 .ARM.attributes
                0x000000000000067f       0x32 e:/school/ece4981/stmide/stm32cubeide_1.10.1/stm32cubeide/plugins/com.st.stm32cube.ide.mcu.externaltools.gnu-tools-for-stm32.10.3-2021.10.win32_1.0.0.202111181127/tools/bin/../lib/gcc/arm-none-eabi/10.3.1/../../../../arm-none-eabi/lib/thumb/v7e-m+dp/hard\libc_nano.a(lib_a-init.o)
 .ARM.attributes
                0x00000000000006b1       0x32 e:/school/ece4981/stmide/stm32cubeide_1.10.1/stm32cubeide/plugins/com.st.stm32cube.ide.mcu.externaltools.gnu-tools-for-stm32.10.3-2021.10.win32_1.0.0.202111181127/tools/bin/../lib/gcc/arm-none-eabi/10.3.1/../../../../arm-none-eabi/lib/thumb/v7e-m+dp/hard\libc_nano.a(lib_a-lock.o)
 .ARM.attributes
                0x00000000000006e3       0x32 e:/school/ece4981/stmide/stm32cubeide_1.10.1/stm32cubeide/plugins/com.st.stm32cube.ide.mcu.externaltools.gnu-tools-for-stm32.10.3-2021.10.win32_1.0.0.202111181127/tools/bin/../lib/gcc/arm-none-eabi/10.3.1/../../../../arm-none-eabi/lib/thumb/v7e-m+dp/hard\libc_nano.a(lib_a-memcpy-stub.o)
 .ARM.attributes
                0x0000000000000715       0x32 e:/school/ece4981/stmide/stm32cubeide_1.10.1/stm32cubeide/plugins/com.st.stm32cube.ide.mcu.externaltools.gnu-tools-for-stm32.10.3-2021.10.win32_1.0.0.202111181127/tools/bin/../lib/gcc/arm-none-eabi/10.3.1/../../../../arm-none-eabi/lib/thumb/v7e-m+dp/hard\libc_nano.a(lib_a-memset.o)
 .ARM.attributes
                0x0000000000000747       0x32 e:/school/ece4981/stmide/stm32cubeide_1.10.1/stm32cubeide/plugins/com.st.stm32cube.ide.mcu.externaltools.gnu-tools-for-stm32.10.3-2021.10.win32_1.0.0.202111181127/tools/bin/../lib/gcc/arm-none-eabi/10.3.1/../../../../arm-none-eabi/lib/thumb/v7e-m+dp/hard\libc_nano.a(lib_a-nano-mallocr.o)
 .ARM.attributes
                0x0000000000000779       0x32 e:/school/ece4981/stmide/stm32cubeide_1.10.1/stm32cubeide/plugins/com.st.stm32cube.ide.mcu.externaltools.gnu-tools-for-stm32.10.3-2021.10.win32_1.0.0.202111181127/tools/bin/../lib/gcc/arm-none-eabi/10.3.1/../../../../arm-none-eabi/lib/thumb/v7e-m+dp/hard\libc_nano.a(lib_a-reent.o)
 .ARM.attributes
                0x00000000000007ab       0x32 e:/school/ece4981/stmide/stm32cubeide_1.10.1/stm32cubeide/plugins/com.st.stm32cube.ide.mcu.externaltools.gnu-tools-for-stm32.10.3-2021.10.win32_1.0.0.202111181127/tools/bin/../lib/gcc/arm-none-eabi/10.3.1/../../../../arm-none-eabi/lib/thumb/v7e-m+dp/hard\libc_nano.a(lib_a-sbrkr.o)
 .ARM.attributes
                0x00000000000007dd       0x17 e:/school/ece4981/stmide/stm32cubeide_1.10.1/stm32cubeide/plugins/com.st.stm32cube.ide.mcu.externaltools.gnu-tools-for-stm32.10.3-2021.10.win32_1.0.0.202111181127/tools/bin/../lib/gcc/arm-none-eabi/10.3.1/../../../../arm-none-eabi/lib/thumb/v7e-m+dp/hard\libc_nano.a(lib_a-strlen.o)
 .ARM.attributes
                0x00000000000007f4       0x32 e:/school/ece4981/stmide/stm32cubeide_1.10.1/stm32cubeide/plugins/com.st.stm32cube.ide.mcu.externaltools.gnu-tools-for-stm32.10.3-2021.10.win32_1.0.0.202111181127/tools/bin/../lib/gcc/arm-none-eabi/10.3.1/../../../../arm-none-eabi/lib/thumb/v7e-m+dp/hard\libc_nano.a(lib_a-vsprintf.o)
 .ARM.attributes
                0x0000000000000826       0x32 e:/school/ece4981/stmide/stm32cubeide_1.10.1/stm32cubeide/plugins/com.st.stm32cube.ide.mcu.externaltools.gnu-tools-for-stm32.10.3-2021.10.win32_1.0.0.202111181127/tools/bin/../lib/gcc/arm-none-eabi/10.3.1/../../../../arm-none-eabi/lib/thumb/v7e-m+dp/hard\libc_nano.a(lib_a-mlock.o)
 .ARM.attributes
                0x0000000000000858       0x32 e:/school/ece4981/stmide/stm32cubeide_1.10.1/stm32cubeide/plugins/com.st.stm32cube.ide.mcu.externaltools.gnu-tools-for-stm32.10.3-2021.10.win32_1.0.0.202111181127/tools/bin/../lib/gcc/arm-none-eabi/10.3.1/../../../../arm-none-eabi/lib/thumb/v7e-m+dp/hard\libc_nano.a(lib_a-nano-freer.o)
 .ARM.attributes
                0x000000000000088a       0x32 e:/school/ece4981/stmide/stm32cubeide_1.10.1/stm32cubeide/plugins/com.st.stm32cube.ide.mcu.externaltools.gnu-tools-for-stm32.10.3-2021.10.win32_1.0.0.202111181127/tools/bin/../lib/gcc/arm-none-eabi/10.3.1/../../../../arm-none-eabi/lib/thumb/v7e-m+dp/hard\libc_nano.a(lib_a-nano-svfprintf.o)
 .ARM.attributes
                0x00000000000008bc       0x32 e:/school/ece4981/stmide/stm32cubeide_1.10.1/stm32cubeide/plugins/com.st.stm32cube.ide.mcu.externaltools.gnu-tools-for-stm32.10.3-2021.10.win32_1.0.0.202111181127/tools/bin/../lib/gcc/arm-none-eabi/10.3.1/../../../../arm-none-eabi/lib/thumb/v7e-m+dp/hard\libc_nano.a(lib_a-nano-vfprintf_i.o)
 .ARM.attributes