Archive member included to satisfy reference by file (symbol)

e:/school/ece4981/stmide/stm32cubeide_1.10.1/stm32cubeide/plugins/com.st.stm32cube.ide.mcu.externaltools.gnu-tools-for-stm32.10.3-2021.10.win32_1.0.0.202111181127/tools/bin/../lib/gcc/arm-none-eabi/10.3.1/../../../../arm-none-eabi/lib/thumb/v7e-m+dp/hard\libc_nano.a(lib_a-errno.o)
                              ./Core/Src/syscalls.o (__errno)
e:/school/ece4981/stmide/stm32cubeide_1.10.1/stm32cubeide/plugins/com.st.stm32cube.ide.mcu.externaltools.gnu-tools-for-stm32.10.3-2021.10.win32_1.0.0.202111181127/tools/bin/../lib/gcc/arm-none-eabi/10.3.1/../../../../arm-none-eabi/lib/thumb/v7e-m+dp/hard\libc_nano.a(lib_a-exit.o)
                              e:/school/ece4981/stmide/stm32cubeide_1.10.1/stm32cubeide/plugins/com.st.stm32cube.ide.mcu.externaltools.gnu-tools-for-stm32.10.3-2021.10.win32_1.0.0.202111181127/tools/bin/../lib/gcc/arm-none-eabi/10.3.1/../../../../arm-none-eabi/lib/thumb/v7e-m+dp/hard/crt0.o (exit)
e:/school/ece4981/stmide/stm32cubeide_1.10.1/stm32cubeide/plugins/com.st.stm32cube.ide.mcu.externaltools.gnu-tools-for-stm32.10.3-2021.10.win32_1.0.0.202111181127/tools/bin/../lib/gcc/arm-none-eabi/10.3.1/../../../../arm-none-eabi/lib/thumb/v7e-m+dp/hard\libc_nano.a(lib_a-findfp.o)
                              ./Middlewares/Third_Party/FreeRTOS/tasks.o (__sf_fake_stderr)
e:/school/ece4981/stmide/stm32cubeide_1.10.1/stm32cubeide/plugins/com.st.stm32cube.ide.mcu.externaltools.gnu-tools-for-stm32.10.3-2021.10.win32_1.0.0.202111181127/tools/bin/../lib/gcc/arm-none-eabi/10.3.1/../../../../arm-none-eabi/lib/thumb/v7e-m+dp/hard\libc_nano.a(lib_a-fwalk.o)
                              e:/school/ece4981/stmide/stm32cubeide_1.10.1/stm32cubeide/plugins/com.st.stm32cube.ide.mcu.externaltools.gnu-tools-for-stm32.10.3-2021.10.win32_1.0.0.202111181127/tools/bin/../lib/gcc/arm-none-eabi/10.3.1/../../../../arm-none-eabi/lib/thumb/v7e-m+dp/hard\libc_nano.a(lib_a-findfp.o) (_fwalk)
e:/school/ece4981/stmide/stm32cubeide_1.10.1/stm32cubeide/plugins/com.st.stm32cube.ide.mcu.externaltools.gnu-tools-for-stm32.10.3-2021.10.win32_1.0.0.202111181127/tools/bin/../lib/gcc/arm-none-eabi/10.3.1/../../../../arm-none-eabi/lib/thumb/v7e-m+dp/hard\libc_nano.a(lib_a-impure.o)
                              e:/school/ece4981/stmide/stm32cubeide_1.10.1/stm32cubeide/plugins/com.st.stm32cube.ide.mcu.externaltools.gnu-tools-for-stm32.10.3-2021.10.win32_1.0.0.202111181127/tools/bin/../lib/gcc/arm-none-eabi/10.3.1/../../../../arm-none-eabi/lib/thumb/v7e-m+dp/hard\libc_nano.a(lib_a-exit.o) (_global_impure_ptr)
e:/school/ece4981/stmide/stm32cubeide_1.10.1/stm32cubeide/plugins/com.st.stm32cube.ide.mcu.externaltools.gnu-tools-for-stm32.10.3-2021.10.win32_1.0.0.202111181127/tools/bin/../lib/gcc/arm-none-eabi/10.3.1/../../../../arm-none-eabi/lib/thumb/v7e-m+dp/hard\libc_nano.a(lib_a-init.o)
                              e:/school/ece4981/stmide/stm32cubeide_1.10.1/stm32cubeide/plugins/com.st.stm32cube.ide.mcu.externaltools.gnu-tools-for-stm32.10.3-2021.10.win32_1.0.0.202111181127/tools/bin/../lib/gcc/arm-none-eabi/10.3.1/../../../../arm-none-eabi/lib/thumb/v7e-m+dp/hard/crt0.o (__libc_init_array)
e:/school/ece4981/stmide/stm32cubeide_1.10.1/stm32cubeide/plugins/com.st.stm32cube.ide.mcu.externaltools.gnu-tools-for-stm32.10.3-2021.10.win32_1.0.0.202111181127/tools/bin/../lib/gcc/arm-none-eabi/10.3.1/../../../../arm-none-eabi/lib/thumb/v7e-m+dp/hard\libc_nano.a(lib_a-lock.o)
                              e:/school/ece4981/stmide/stm32cubeide_1.10.1/stm32cubeide/plugins/com.st.stm32cube.ide.mcu.externaltools.gnu-tools-for-stm32.10.3-2021.10.win32_1.0.0.202111181127/tools/bin/../lib/gcc/arm-none-eabi/10.3.1/../../../../arm-none-eabi/lib/thumb/v7e-m+dp/hard\libc_nano.a(lib_a-findfp.o) (__retarget_lock_init_recursive)
e:/school/ece4981/stmide/stm32cubeide_1.10.1/stm32cubeide/plugins/com.st.stm32cube.ide.mcu.externaltools.gnu-tools-for-stm32.10.3-2021.10.win32_1.0.0.202111181127/tools/bin/../lib/gcc/arm-none-eabi/10.3.1/../../../../arm-none-eabi/lib/thumb/v7e-m+dp/hard\libc_nano.a(lib_a-memcpy-stub.o)
                              ./Middlewares/Third_Party/FreeRTOS/cmsis_os2.o (memcpy)
e:/school/ece4981/stmide/stm32cubeide_1.10.1/stm32cubeide/plugins/com.st.stm32cube.ide.mcu.externaltools.gnu-tools-for-stm32.10.3-2021.10.win32_1.0.0.202111181127/tools/bin/../lib/gcc/arm-none-eabi/10.3.1/../../../../arm-none-eabi/lib/thumb/v7e-m+dp/hard\libc_nano.a(lib_a-memset.o)
                              e:/school/ece4981/stmide/stm32cubeide_1.10.1/stm32cubeide/plugins/com.st.stm32cube.ide.mcu.externaltools.gnu-tools-for-stm32.10.3-2021.10.win32_1.0.0.202111181127/tools/bin/../lib/gcc/arm-none-eabi/10.3.1/../../../../arm-none-eabi/lib/thumb/v7e-m+dp/hard/crt0.o (memset)
[...]
Memory Configuration

Name             Origin             Length             Attributes
RAM_D1           0x0000000024000000 0x0000000000080000 xrw
FLASH            0x0000000008000000 0x0000000000100000 xr
DTCMRAM          0x0000000020000000 0x0000000000020000 xrw
RAM_D2           0x0000000030000000 0x0000000000048000 xrw
RAM_D3           0x0000000038000000 0x0000000000010000 xrw
ITCMRAM          0x0000000000000000 0x0000000000010000 xrw
*default*        0x0000000000000000 0xffffffffffffffff

Linker script and memory map

LOAD e:/school/ece4981/stmide/stm32cubeide_1.10.1/stm32cubeide/plugins/com.st.stm32cube.ide.mcu.externaltools.gnu-tools-for-stm32.10.3-2021.10.win32_1.0.0.202111181127/tools/bin/../lib/gcc/arm-none-eabi/10.3.1/thumb/v7e-m+dp/hard/crti.o
LOAD e:/school/ece4981/stmide/stm32cubeide_1.10.1/stm32cubeide/plugins/com.st.stm32cube.ide.mcu.externaltools.gnu-tools-for-stm32.10.3-2021.10.win32_1.0.0.202111181127/tools/bin/../lib/gcc/arm-none-eabi/10.3.1/thumb/v7e-m+dp/hard/crtbegin.o
LOAD e:/school/ece4981/stmide/stm32cubeide_1.10.1/stm32cubeide/plugins/com.st.stm32cube.ide.mcu.externaltools.gnu-tools-for-stm32.10.3-2021.10.win32_1.0.0.202111181127/tools/bin/../lib/gcc/arm-none-eabi/10.3.1/../../../../arm-none-eabi/lib/thumb/v7e-m+dp/hard/crt0.o
LOAD ./Common/Src/system_stm32h7xx_dualcore_boot_cm4_cm7.o
LOAD ./Core/Src/NTagRC522.o
LOAD ./Core/Src/freertos.o
LOAD ./Core/Src/main.o
LOAD ./Core/Src/stm32h7xx_hal_msp.o
LOAD ./Core/Src/stm32h7xx_hal_timebase_tim.o
LOAD ./Core/Src/stm32h7xx_it.o
LOAD ./Core/Src/syscalls.o
LOAD ./Core/Src/sysmem.o
LOAD ./Core/Startup/startup_stm32h747xihx.o
LOAD ./Drivers/STM32H7xx_HAL_Driver/stm32h7xx_hal.o
LOAD ./Drivers/STM32H7xx_HAL_Driver/stm32h7xx_hal_cortex.o
LOAD ./Drivers/STM32H7xx_HAL_Driver/stm32h7xx_hal_dma.o
LOAD ./Drivers/STM32H7xx_HAL_Driver/stm32h7xx_hal_dma_ex.o
LOAD ./Drivers/STM32H7xx_HAL_Driver/stm32h7xx_hal_exti.o
LOAD ./Drivers/STM32H7xx_HAL_Driver/stm32h7xx_hal_flash.o
LOAD ./Drivers/STM32H7xx_HAL_Driver/stm32h7xx_hal_flash_ex.o
LOAD ./Drivers/STM32H7xx_HAL_Driver/stm32h7xx_hal_gpio.o
LOAD ./Drivers/STM32H7xx_HAL_Driver/stm32h7xx_hal_hsem.o
LOAD ./Drivers/STM32H7xx_HAL_Driver/stm32h7xx_hal_i2c.o
LOAD ./Drivers/STM32H7xx_HAL_Driver/stm32h7xx_hal_i2c_ex.o
LOAD ./Drivers/STM32H7xx_HAL_Driver/stm32h7xx_hal_mdma.o
LOAD ./Drivers/STM32H7xx_HAL_Driver/stm32h7xx_hal_pwr.o
LOAD ./Drivers/STM32H7xx_HAL_Driver/stm32h7xx_hal_pwr_ex.o
LOAD ./Drivers/STM32H7xx_HAL_Driver/stm32h7xx_hal_rcc.o
LOAD ./Drivers/STM32H7xx_HAL_Driver/stm32h7xx_hal_rcc_ex.o
LOAD ./Drivers/STM32H7xx_HAL_Driver/stm32h7xx_hal_spi.o
LOAD ./Drivers/STM32H7xx_HAL_Driver/stm32h7xx_hal_spi_ex.o
LOAD ./Drivers/STM32H7xx_HAL_Driver/stm32h7xx_hal_tim.o
LOAD ./Drivers/STM32H7xx_HAL_Driver/stm32h7xx_hal_tim_ex.o
LOAD ./Drivers/STM32H7xx_HAL_Driver/stm32h7xx_hal_uart.o
LOAD ./Drivers/STM32H7xx_HAL_Driver/stm32h7xx_hal_uart_ex.o
LOAD ./Middlewares/Third_Party/FreeRTOS/cmsis_os2.o
LOAD ./Middlewares/Third_Party/FreeRTOS/croutine.o
LOAD ./Middlewares/Third_Party/FreeRTOS/event_groups.o
LOAD ./Middlewares/Third_Party/FreeRTOS/heap_4.o
LOAD ./Middlewares/Third_Party/FreeRTOS/list.o
LOAD ./Middlewares/Third_Party/FreeRTOS/port.o
LOAD ./Middlewares/Third_Party/FreeRTOS/queue.o
LOAD ./Middlewares/Third_Party/FreeRTOS/stream_buffer.o
LOAD ./Middlewares/Third_Party/FreeRTOS/tasks.o
LOAD ./Middlewares/Third_Party/FreeRTOS/timers.o
START GROUP
LOAD e:/school/ece4981/stmide/stm32cubeide_1.10.1/stm32cubeide/plugins/com.st.stm32cube.ide.mcu.externaltools.gnu-tools-for-stm32.10.3-2021.10.win32_1.0.0.202111181127/tools/bin/../lib/gcc/arm-none-eabi/10.3.1/../../../../arm-none-eabi/lib/thumb/v7e-m+dp/hard\libstdc++_nano.a
LOAD e:/school/ece4981/stmide/stm32cubeide_1.10.1/stm32cubeide/plugins/com.st.stm32cube.ide.mcu.externaltools.gnu-tools-for-stm32.10.3-2021.10.win32_1.0.0.202111181127/tools/bin/../lib/gcc/arm-none-eabi/10.3.1/../../../../arm-none-eabi/lib/thumb/v7e-m+dp/hard\libsupc++_nano.a
END GROUP
LOAD e:/school/ece4981/stmide/stm32cubeide_1.10.1/stm32cubeide/plugins/com.st.stm32cube.ide.mcu.externaltools.gnu-tools-for-stm32.10.3-2021.10.win32_1.0.0.202111181127/tools/bin/../lib/gcc/arm-none-eabi/10.3.1/../../../../arm-none-eabi/lib/thumb/v7e-m+dp/hard\libstdc++_nano.a
LOAD e:/school/ece4981/stmide/stm32cubeide_1.10.1/stm32cubeide/plugins/com.st.stm32cube.ide.mcu.externaltools.gnu-tools-for-stm32.10.3-2021.10.win32_1.0.0.202111181127/tools/bin/../lib/gcc/arm-none-eabi/10.3.1/../../../../arm-none-eabi/lib/thumb/v7e-m+dp/hard\libm.a
LOAD e:/school/ece4981/stmide/stm32cubeide_1.10.1/stm32cubeide/plugins/com.st.stm32cube.ide.mcu.externaltools.gnu-tools-for-stm32.10.3-2021.10.win32_1.0.0.202111181127/tools/bin/../lib/gcc/arm-none-eabi/10.3.1/../../../../arm-none-eabi/lib/thumb/v7e-m+dp/hard\libc_nano.a
START GROUP
LOAD e:/school/ece4981/stmide/stm32cubeide_1.10.1/stm32cubeide/plugins/com.st.stm32cube.ide.mcu.externaltools.gnu-tools-for-stm32.10.3-2021.10.win32_1.0.0.202111181127/tools/bin/../lib/gcc/arm-none-eabi/10.3.1/thumb/v7e-m+dp/hard\libgcc.a
LOAD e:/school/ece4981/stmide/stm32cubeide_1.10.1/stm32cubeide/plugins/com.st.stm32cube.ide.mcu.externaltools.gnu-tools-for-stm32.10.3-2021.10.win32_1.0.0.202111181127/tools/bin/../lib/gcc/arm-none-eabi/10.3.1/../../../../arm-none-eabi/lib/thumb/v7e-m+dp/hard\libc_nano.a
END GROUP
START GROUP
LOAD e:/school/ece4981/stmide/stm32cubeide_1.10.1/stm32cubeide/plugins/com.st.stm32cube.ide.mcu.externaltools.gnu-tools-for-stm32.10.3-2021.10.win32_1.0.0.202111181127/tools/bin/../lib/gcc/arm-none-eabi/10.3.1/thumb/v7e-m+dp/hard\libgcc.a
LOAD e:/school/ece4981/stmide/stm32cubeide_1.10.1/stm32cubeide/plugins/com.st.stm32cube.ide.mcu.externaltools.gnu-tools-for-stm32.10.3-2021.10.win32_1.0.0.202111181127/tools/bin/../lib/gcc/arm-none-eabi/10.3.1/../../../../arm-none-eabi/lib/thumb/v7e-m+dp/hard\libc_nano.a
LOAD e:/school/ece4981/stmide/stm32cubeide_1.10.1/stm32cubeide/plugins/com.st.stm32cube.ide.mcu.externaltools.gnu-tools-for-stm32.10.3-2021.10.win32_1.0.0.202111181127/tools/bin/../lib/gcc/arm-none-eabi/10.3.1/../../../../arm-none-eabi/lib/thumb/v7e-m+dp/hard\libnosys.a
END GROUP
START GROUP
LOAD e:/school/ece4981/stmide/stm32cubeide_1.10.1/stm32cubeide/plugins/com.st.stm32cube.ide.mcu.externaltools.gnu-tools-for-stm32.10.3-2021.10.win32_1.0.0.202111181127/tools/bin/../lib/gcc/arm-none-eabi/10.3.1/thumb/v7e-m+dp/hard\libgcc.a
LOAD e:/school/ece4981/stmide/stm32cubeide_1.10.1/stm32cubeide/plugins/com.st.stm32cube.ide.mcu.externaltools.gnu-tools-for-stm32.10.3-2021.10.win32_1.0.0.202111181127/tools/bin/../lib/gcc/arm-none-eabi/10.3.1/../../../../arm-none-eabi/lib/thumb/v7e-m+dp/hard\libc_nano.a
LOAD e:/school/ece4981/stmide/stm32cubeide_1.10.1/stm32cubeide/plugins/com.st.stm32cube.ide.mcu.externaltools.gnu-tools-for-stm32.10.3-2021.10.win32_1.0.0.202111181127/tools/bin/../lib/gcc/arm-none-eabi/10.3.1/../../../../arm-none-eabi/lib/thumb/v7e-m+dp/hard\libnosys.a
END GROUP
LOAD e:/school/ece4981/stmide/stm32cubeide_1.10.1/stm32cubeide/plugins/com.st.stm32cube.ide.mcu.externaltools.gnu-tools-for-stm32.10.3-2021.10.win32_1.0.0.202111181127/tools/bin/../lib/gcc/arm-none-eabi/10.3.1/thumb/v7e-m+dp/hard/crtend.o
LOAD e:/school/ece4981/stmide/stm32cubeide_1.10.1/stm32cubeide/plugins/com.st.stm32cube.ide.mcu.externaltools.gnu-tools-for-stm32.10.3-2021.10.win32_1.0.0.202111181127/tools/bin/../lib/gcc/arm-none-eabi/10.3.1/thumb/v7e-m+dp/hard/crtn.o
                0x0000000024080000                _estack = (ORIGIN (RAM_D1) + LENGTH (RAM_D1))
                0x0000000000000200                _Min_Heap_Size = 0x200
                0x0000000000000400                _Min_Stack_Size = 0x400

.isr_vector     0x0000000008000000      0x298
                0x0000000008000000                . = ALIGN (0x4)
 *(.isr_vector)
 .isr_vector    0x0000000008000000      0x298 ./Core/Startup/startup_stm32h747xihx.o
                0x0000000008000000                g_pfnVectors
                0x0000000008000298                . = ALIGN (0x4)

.text           0x00000000080002a0     0x9ed8
                0x00000000080002a0                . = ALIGN (0x4)
 *(.text)
 .text          0x00000000080002a0       0x40 e:/school/ece4981/stmide/stm32cubeide_1.10.1/stm32cubeide/plugins/com.st.stm32cube.ide.mcu.externaltools.gnu-tools-for-stm32.10.3-2021.10.win32_1.0.0.202111181127/tools/bin/../lib/gcc/arm-none-eabi/10.3.1/thumb/v7e-m+dp/hard/crtbegin.o
 .text          0x00000000080002e0       0x10 e:/school/ece4981/stmide/stm32cubeide_1.10.1/stm32cubeide/plugins/com.st.stm32cube.ide.mcu.externaltools.gnu-tools-for-stm32.10.3-2021.10.win32_1.0.0.202111181127/tools/bin/../lib/gcc/arm-none-eabi/10.3.1/../../../../arm-none-eabi/lib/thumb/v7e-m+dp/hard\libc_nano.a(lib_a-strlen.o)
                0x00000000080002e0                strlen
 .text          0x00000000080002f0       0xa0 e:/school/ece4981/stmide/stm32cubeide_1.10.1/stm32cubeide/plugins/com.st.stm32cube.ide.mcu.externaltools.gnu-tools-for-stm32.10.3-2021.10.win32_1.0.0.202111181127/tools/bin/../lib/gcc/arm-none-eabi/10.3.1/../../../../arm-none-eabi/lib/thumb/v7e-m+dp/hard\libc_nano.a(lib_a-memchr.o)
                0x00000000080002f0                memchr
 .text          0x0000000008000390       0x30 e:/school/ece4981/stmide/stm32cubeide_1.10.1/stm32cubeide/plugins/com.st.stm32cube.ide.mcu.externaltools.gnu-tools-for-stm32.10.3-2021.10.win32_1.0.0.202111181127/tools/bin/../lib/gcc/arm-none-eabi/10.3.1/thumb/v7e-m+dp/hard\libgcc.a(_aeabi_uldivmod.o)
                0x0000000008000390                __aeabi_uldivmod
 .text          0x00000000080003c0      0x2d0 e:/school/ece4981/stmide/stm32cubeide_1.10.1/stm32cubeide/plugins/com.st.stm32cube.ide.mcu.externaltools.gnu-tools-for-stm32.10.3-2021.10.win32_1.0.0.202111181127/tools/bin/../lib/gcc/arm-none-eabi/10.3.1/thumb/v7e-m+dp/hard\libgcc.a(_udivmoddi4.o)
                0x00000000080003c0                __udivmoddi4
 .text          0x0000000008000690        0x4 e:/school/ece4981/stmide/stm32cubeide_1.10.1/stm32cubeide/plugins/com.st.stm32cube.ide.mcu.externaltools.gnu-tools-for-stm32.10.3-2021.10.win32_1.0.0.202111181127/tools/bin/../lib/gcc/arm-none-eabi/10.3.1/thumb/v7e-m+dp/hard\libgcc.a(_dvmd_tls.o)
                0x0000000008000690                __aeabi_idiv0
                0x0000000008000690                __aeabi_ldiv0
 *(.text*)
 .text.SystemInit
                0x0000000008000694      0x12c ./Common/Src/system_stm32h7xx_dualcore_boot_cm4_cm7.o
                0x0000000008000694                SystemInit
 .text._ZN9NTagRC52213WriteRegisterEhh
                0x00000000080007c0       0x3c ./Core/Src/NTagRC522.o
                0x00000000080007c0                NTagRC522::WriteRegister(unsigned char, unsigned char)
 .text._ZN9NTagRC52212ReadRegisterEh
                0x00000000080007fc       0x46 ./Core/Src/NTagRC522.o
                0x00000000080007fc                NTagRC522::ReadRegister(unsigned char)
 .text._ZN9NTagRC52212SetSPIHandleEP19__SPI_HandleTypeDef
                0x0000000008000842       0x1c ./Core/Src/NTagRC522.o
                0x0000000008000842                NTagRC522::SetSPIHandle(__SPI_HandleTypeDef*)
 .text._ZN9NTagRC52213GetWaterLevelEv
                0x000000000800085e       0x1a ./Core/Src/NTagRC522.o
                0x000000000800085e                NTagRC522::GetWaterLevel()
 .text._ZN9NTagRC52213SetWaterLevelEh
                0x0000000008000878       0x22 ./Core/Src/NTagRC522.o
                0x0000000008000878                NTagRC522::SetWaterLevel(unsigned char)
 *fill*         0x000000000800089a        0x2 
 .text._Z6vprintPKcSt9__va_list
                0x000000000800089c       0x50 ./Core/Src/main.o
                0x000000000800089c                vprint(char const*, std::__va_list)
 .text._Z7vprintfPKcz
                0x00000000080008ec       0x24 ./Core/Src/main.o
                0x00000000080008ec                vprintf(char const*, ...)
 .text.main     0x0000000008000910       0xfc ./Core/Src/main.o
                0x0000000008000910                main
 .text._Z18SystemClock_Configv
                0x0000000008000a0c      0x140 ./Core/Src/main.o
                0x0000000008000a0c                SystemClock_Config()
 .text._Z24PeriphCommonClock_Configv
                0x0000000008000b4c       0x62 ./Core/Src/main.o
                0x0000000008000b4c                PeriphCommonClock_Config()
 *fill*         0x0000000008000bae        0x2 
 .text._ZL12MX_I2C1_Initv
                0x0000000008000bb0       0x9c ./Core/Src/main.o
 .text._ZL12MX_I2C4_Initv
                0x0000000008000c4c       0x9c ./Core/Src/main.o
 .text._ZL12MX_SPI5_Initv
                0x0000000008000ce8       0xb8 ./Core/Src/main.o
 .text._ZL19MX_USART1_UART_Initv
                0x0000000008000da0       0xc0 ./Core/Src/main.o
 .text._ZL12MX_GPIO_Initv
                0x0000000008000e60      0x170 ./Core/Src/main.o
 .text._Z16StartDefaultTaskPv
                0x0000000008000fd0       0x10 ./Core/Src/main.o
                0x0000000008000fd0                StartDefaultTask(void*)
 .text._Z13StartNTagTaskPv
                0x0000000008000fe0      0x110 ./Core/Src/main.o
                0x0000000008000fe0                StartNTagTask(void*)
 .text.HAL_TIM_PeriodElapsedCallback
                0x00000000080010f0       0x24 ./Core/Src/main.o
                0x00000000080010f0                HAL_TIM_PeriodElapsedCallback
 .text.Error_Handler
                0x0000000008001114        0xa ./Core/Src/main.o
                0x0000000008001114                Error_Handler
 *fill*         0x000000000800111e        0x2 
 .text.HAL_MspInit
                0x0000000008001120       0x3c ./Core/Src/stm32h7xx_hal_msp.o
                0x0000000008001120                HAL_MspInit
 .text.HAL_I2C_MspInit
                0x000000000800115c      0x190 ./Core/Src/stm32h7xx_hal_msp.o
                0x000000000800115c                HAL_I2C_MspInit
 .text.HAL_SPI_MspInit
                0x00000000080012ec      0x118 ./Core/Src/stm32h7xx_hal_msp.o
                0x00000000080012ec                HAL_SPI_MspInit
 .text.HAL_UART_MspInit
                0x0000000008001404       0xcc ./Core/Src/stm32h7xx_hal_msp.o
                0x0000000008001404                HAL_UART_MspInit
 .text.HAL_InitTick
                0x00000000080014d0       0xc4 ./Core/Src/stm32h7xx_hal_timebase_tim.o
                0x00000000080014d0                HAL_InitTick
 .text.NMI_Handler
                0x0000000008001594        0x6 ./Core/Src/stm32h7xx_it.o
                0x0000000008001594                NMI_Handler
 .text.HardFault_Handler
                0x000000000800159a        0x6 ./Core/Src/stm32h7xx_it.o
                0x000000000800159a                HardFault_Handler
 .text.MemManage_Handler
                0x00000000080015a0        0x6 ./Core/Src/stm32h7xx_it.o
                0x00000000080015a0                MemManage_Handler
 .text.BusFault_Handler
                0x00000000080015a6        0x6 ./Core/Src/stm32h7xx_it.o
                0x00000000080015a6                BusFault_Handler
 .text.UsageFault_Handler
                0x00000000080015ac        0x6 ./Core/Src/stm32h7xx_it.o
                0x00000000080015ac                UsageFault_Handler
 .text.DebugMon_Handler
                0x00000000080015b2        0xe ./Core/Src/stm32h7xx_it.o
                0x00000000080015b2                DebugMon_Handler
 .text.TIM1_UP_IRQHandler
                0x00000000080015c0       0x14 ./Core/Src/stm32h7xx_it.o
                0x00000000080015c0                TIM1_UP_IRQHandler
 .text._sbrk    0x00000000080015d4       0x6c ./Core/Src/sysmem.o
                0x00000000080015d4                _sbrk
 .text.Reset_Handler
                0x0000000008001640       0x50 ./Core/Startup/startup_stm32h747xihx.o
                0x0000000008001640                Reset_Handler
 .text.Default_Handler
                0x0000000008001690        0x2 ./Core/Startup/startup_stm32h747xihx.o
                0x0000000008001690                RTC_Alarm_IRQHandler
                0x0000000008001690                EXTI2_IRQHandler
                0x0000000008001690                TIM8_CC_IRQHandler
                0x0000000008001690                HRTIM1_Master_IRQHandler
                0x0000000008001690                UART8_IRQHandler
                0x0000000008001690                SPI4_IRQHandler
                0x0000000008001690                TIM1_CC_IRQHandler
                0x0000000008001690                BDMA_Channel6_IRQHandler
                0x0000000008001690                DMA2_Stream5_IRQHandler
                0x0000000008001690                HRTIM1_FLT_IRQHandler
                0x0000000008001690                JPEG_IRQHandler
                0x0000000008001690                DMA1_Stream5_IRQHandler
                0x0000000008001690                BDMA_Channel1_IRQHandler
                0x0000000008001690                HRTIM1_TIMD_IRQHandler
                0x0000000008001690                TAMP_STAMP_IRQHandler
                0x0000000008001690                EXTI3_IRQHandler
                0x0000000008001690                LPTIM4_IRQHandler
                0x0000000008001690                TIM8_TRG_COM_TIM14_IRQHandler
                0x0000000008001690                LPTIM2_IRQHandler
                0x0000000008001690                DFSDM1_FLT1_IRQHandler
                0x0000000008001690                DMAMUX2_OVR_IRQHandler
                0x0000000008001690                TIM8_UP_TIM13_IRQHandler
                0x0000000008001690                I2C3_ER_IRQHandler
                0x0000000008001690                DFSDM1_FLT2_IRQHandler
                0x0000000008001690                MDMA_IRQHandler
                0x0000000008001690                LPTIM3_IRQHandler
                0x0000000008001690                HSEM1_IRQHandler
                0x0000000008001690                EXTI0_IRQHandler
                0x0000000008001690                I2C2_EV_IRQHandler
                0x0000000008001690                DMA1_Stream2_IRQHandler
                0x0000000008001690                FPU_IRQHandler
                0x0000000008001690                OTG_HS_WKUP_IRQHandler
                0x0000000008001690                FDCAN1_IT1_IRQHandler
                0x0000000008001690                LTDC_ER_IRQHandler
                0x0000000008001690                DMA2_Stream2_IRQHandler
                0x0000000008001690                HRTIM1_TIME_IRQHandler
                0x0000000008001690                SPI1_IRQHandler
                0x0000000008001690                TIM6_DAC_IRQHandler
                0x0000000008001690                DCMI_IRQHandler
                0x0000000008001690                HRTIM1_TIMC_IRQHandler
                0x0000000008001690                DMA2_Stream3_IRQHandler
                0x0000000008001690                SAI2_IRQHandler
                0x0000000008001690                DFSDM1_FLT3_IRQHandler
                0x0000000008001690                USART6_IRQHandler
                0x0000000008001690                TIM17_IRQHandler
                0x0000000008001690                USART3_IRQHandler
                0x0000000008001690                BDMA_Channel7_IRQHandler
                0x0000000008001690                LPTIM5_IRQHandler
                0x0000000008001690                UART5_IRQHandler
                0x0000000008001690                ADC3_IRQHandler
                0x0000000008001690                DMA2_Stream0_IRQHandler
                0x0000000008001690                TIM4_IRQHandler
                0x0000000008001690                BDMA_Channel2_IRQHandler
                0x0000000008001690                QUADSPI_IRQHandler
                0x0000000008001690                I2C1_EV_IRQHandler
                0x0000000008001690                DMA1_Stream6_IRQHandler
                0x0000000008001690                DMAMUX1_OVR_IRQHandler
                0x0000000008001690                DMA1_Stream1_IRQHandler
                0x0000000008001690                TIM16_IRQHandler
                0x0000000008001690                UART4_IRQHandler
                0x0000000008001690                BDMA_Channel5_IRQHandler
                0x0000000008001690                TIM3_IRQHandler
                0x0000000008001690                RCC_IRQHandler
                0x0000000008001690                TIM8_BRK_TIM12_IRQHandler
                0x0000000008001690                TIM1_TRG_COM_IRQHandler
                0x0000000008001690                Default_Handler
                0x0000000008001690                ECC_IRQHandler
                0x0000000008001690                CEC_IRQHandler
                0x0000000008001690                EXTI15_10_IRQHandler
                0x0000000008001690                BDMA_Channel0_IRQHandler
                0x0000000008001690                ADC_IRQHandler
                0x0000000008001690                DMA1_Stream7_IRQHandler
                0x0000000008001690                HRTIM1_TIMA_IRQHandler
                0x0000000008001690                SPI5_IRQHandler
                0x0000000008001690                TIM7_IRQHandler
                0x0000000008001690                SDMMC1_IRQHandler
                0x0000000008001690                TIM5_IRQHandler
                0x0000000008001690                DMA2_Stream7_IRQHandler
                0x0000000008001690                TIM15_IRQHandler
                0x0000000008001690                PVD_AVD_IRQHandler
                0x0000000008001690                I2C3_EV_IRQHandler
                0x0000000008001690                EXTI9_5_IRQHandler
                0x0000000008001690                RTC_WKUP_IRQHandler
                0x0000000008001690                LTDC_IRQHandler
                0x0000000008001690                SAI3_IRQHandler
                0x0000000008001690                ETH_WKUP_IRQHandler
                0x0000000008001690                SPDIF_RX_IRQHandler
                0x0000000008001690                SPI2_IRQHandler
                0x0000000008001690                OTG_HS_EP1_IN_IRQHandler
                0x0000000008001690                DMA1_Stream0_IRQHandler
                0x0000000008001690                CRS_IRQHandler
                0x0000000008001690                CM7_SEV_IRQHandler
                0x0000000008001690                EXTI4_IRQHandler
                0x0000000008001690                RNG_IRQHandler
                0x0000000008001690                CM4_SEV_IRQHandler
                0x0000000008001690                HRTIM1_TIMB_IRQHandler
                0x0000000008001690                FDCAN2_IT1_IRQHandler
                0x0000000008001690                DSI_IRQHandler
                0x0000000008001690                ETH_IRQHandler
                0x0000000008001690                WWDG_RST_IRQHandler
                0x0000000008001690                BDMA_Channel4_IRQHandler
                0x0000000008001690                OTG_HS_EP1_OUT_IRQHandler
                0x0000000008001690                WWDG_IRQHandler
                0x0000000008001690                SPI6_IRQHandler
                0x0000000008001690                MDIOS_IRQHandler
                0x0000000008001690                I2C4_EV_IRQHandler
                0x0000000008001690                FDCAN2_IT0_IRQHandler
                0x0000000008001690                LPUART1_IRQHandler
                0x0000000008001690                FDCAN1_IT0_IRQHandler
                0x0000000008001690                TIM2_IRQHandler
                0x0000000008001690                OTG_FS_WKUP_IRQHandler
                0x0000000008001690                OTG_HS_IRQHandler
                0x0000000008001690                HSEM2_IRQHandler
                0x0000000008001690                DMA2D_IRQHandler
                0x0000000008001690                TIM1_BRK_IRQHandler
                0x0000000008001690                EXTI1_IRQHandler
                0x0000000008001690                SDMMC2_IRQHandler
                0x0000000008001690                OTG_FS_EP1_OUT_IRQHandler
                0x0000000008001690                BDMA_Channel3_IRQHandler
                0x0000000008001690                HOLD_CORE_IRQHandler
                0x0000000008001690                UART7_IRQHandler
                0x0000000008001690                MDIOS_WKUP_IRQHandler
                0x0000000008001690                USART2_IRQHandler
                0x0000000008001690                DFSDM1_FLT0_IRQHandler
                0x0000000008001690                SAI4_IRQHandler
                0x0000000008001690                I2C2_ER_IRQHandler
                0x0000000008001690                DMA2_Stream1_IRQHandler
                0x0000000008001690                FLASH_IRQHandler
                0x0000000008001690                DMA2_Stream4_IRQHandler
                0x0000000008001690                USART1_IRQHandler
                0x0000000008001690                OTG_FS_IRQHandler
                0x0000000008001690                SPI3_IRQHandler
                0x0000000008001690                WAKEUP_PIN_IRQHandler
                0x0000000008001690                DMA1_Stream4_IRQHandler
                0x0000000008001690                OTG_FS_EP1_IN_IRQHandler
                0x0000000008001690                I2C1_ER_IRQHandler
                0x0000000008001690                FMC_IRQHandler
                0x0000000008001690                FDCAN_CAL_IRQHandler
                0x0000000008001690                SWPMI1_IRQHandler
                0x0000000008001690                COMP1_IRQHandler
                0x0000000008001690                LPTIM1_IRQHandler
                0x0000000008001690                I2C4_ER_IRQHandler
                0x0000000008001690                DMA2_Stream6_IRQHandler
                0x0000000008001690                SAI1_IRQHandler
                0x0000000008001690                DMA1_Stream3_IRQHandler
 *fill*         0x0000000008001692        0x2 
 .text.HAL_Init
                0x0000000008001694       0x78 ./Drivers/STM32H7xx_HAL_Driver/stm32h7xx_hal.o
                0x0000000008001694                HAL_Init
 .text.HAL_IncTick
                0x000000000800170c       0x28 ./Drivers/STM32H7xx_HAL_Driver/stm32h7xx_hal.o
                0x000000000800170c                HAL_IncTick
 .text.HAL_GetTick
                0x0000000008001734       0x18 ./Drivers/STM32H7xx_HAL_Driver/stm32h7xx_hal.o
                0x0000000008001734                HAL_GetTick
 .text.HAL_GetREVID
                0x000000000800174c       0x18 ./Drivers/STM32H7xx_HAL_Driver/stm32h7xx_hal.o
                0x000000000800174c                HAL_GetREVID
 .text.__NVIC_SetPriorityGrouping
                0x0000000008001764       0x48 ./Drivers/STM32H7xx_HAL_Driver/stm32h7xx_hal_cortex.o
 .text.__NVIC_GetPriorityGrouping
                0x00000000080017ac       0x1c ./Drivers/STM32H7xx_HAL_Driver/stm32h7xx_hal_cortex.o
 .text.__NVIC_EnableIRQ
                0x00000000080017c8       0x3c ./Drivers/STM32H7xx_HAL_Driver/stm32h7xx_hal_cortex.o
 .text.__NVIC_SetPriority
                0x0000000008001804       0x54 ./Drivers/STM32H7xx_HAL_Driver/stm32h7xx_hal_cortex.o
 .text.NVIC_EncodePriority
                0x0000000008001858       0x66 ./Drivers/STM32H7xx_HAL_Driver/stm32h7xx_hal_cortex.o
 .text.HAL_NVIC_SetPriorityGrouping
                0x00000000080018be       0x16 ./Drivers/STM32H7xx_HAL_Driver/stm32h7xx_hal_cortex.o
                0x00000000080018be                HAL_NVIC_SetPriorityGrouping
 .text.HAL_NVIC_SetPriority
                0x00000000080018d4       0x34 ./Drivers/STM32H7xx_HAL_Driver/stm32h7xx_hal_cortex.o
                0x00000000080018d4                HAL_NVIC_SetPriority
 .text.HAL_NVIC_EnableIRQ
                0x0000000008001908       0x1c ./Drivers/STM32H7xx_HAL_Driver/stm32h7xx_hal_cortex.o
                0x0000000008001908                HAL_NVIC_EnableIRQ
 .text.HAL_GPIO_Init
                0x0000000008001924      0x360 ./Drivers/STM32H7xx_HAL_Driver/stm32h7xx_hal_gpio.o
                0x0000000008001924                HAL_GPIO_Init
 .text.HAL_GPIO_WritePin
                0x0000000008001c84       0x32 ./Drivers/STM32H7xx_HAL_Driver/stm32h7xx_hal_gpio.o
                0x0000000008001c84                HAL_GPIO_WritePin
 *fill*         0x0000000008001cb6        0x2 
 .text.HAL_HSEM_FastTake
                0x0000000008001cb8       0x34 ./Drivers/STM32H7xx_HAL_Driver/stm32h7xx_hal_hsem.o
                0x0000000008001cb8                HAL_HSEM_FastTake
 .text.HAL_HSEM_Release
                0x0000000008001cec       0x28 ./Drivers/STM32H7xx_HAL_Driver/stm32h7xx_hal_hsem.o
                0x0000000008001cec                HAL_HSEM_Release
 .text.HAL_I2C_Init
                0x0000000008001d14      0x120 ./Drivers/STM32H7xx_HAL_Driver/stm32h7xx_hal_i2c.o
                0x0000000008001d14                HAL_I2C_Init
 .text.HAL_I2CEx_ConfigAnalogFilter
                0x0000000008001e34       0x96 ./Drivers/STM32H7xx_HAL_Driver/stm32h7xx_hal_i2c_ex.o
                0x0000000008001e34                HAL_I2CEx_ConfigAnalogFilter
 .text.HAL_I2CEx_ConfigDigitalFilter
                0x0000000008001eca       0x98 ./Drivers/STM32H7xx_HAL_Driver/stm32h7xx_hal_i2c_ex.o
                0x0000000008001eca                HAL_I2CEx_ConfigDigitalFilter
 *fill*         0x0000000008001f62        0x2 
 .text.HAL_PWREx_ConfigSupply
                0x0000000008001f64       0xb4 ./Drivers/STM32H7xx_HAL_Driver/stm32h7xx_hal_pwr_ex.o
                0x0000000008001f64                HAL_PWREx_ConfigSupply
 .text.HAL_RCC_OscConfig
                0x0000000008002018      0x85c ./Drivers/STM32H7xx_HAL_Driver/stm32h7xx_hal_rcc.o
                0x0000000008002018                HAL_RCC_OscConfig
 .text.HAL_RCC_ClockConfig
                0x0000000008002874      0x36c ./Drivers/STM32H7xx_HAL_Driver/stm32h7xx_hal_rcc.o
                0x0000000008002874                HAL_RCC_ClockConfig
 .text.HAL_RCC_MCOConfig
                0x0000000008002be0       0xd4 ./Drivers/STM32H7xx_HAL_Driver/stm32h7xx_hal_rcc.o
                0x0000000008002be0                HAL_RCC_MCOConfig
 .text.HAL_RCC_GetSysClockFreq
                0x0000000008002cb4      0x2f4 ./Drivers/STM32H7xx_HAL_Driver/stm32h7xx_hal_rcc.o
                0x0000000008002cb4                HAL_RCC_GetSysClockFreq
 .text.HAL_RCC_GetHCLKFreq
                0x0000000008002fa8       0x60 ./Drivers/STM32H7xx_HAL_Driver/stm32h7xx_hal_rcc.o
                0x0000000008002fa8                HAL_RCC_GetHCLKFreq
 .text.HAL_RCC_GetPCLK1Freq
                0x0000000008003008       0x2c ./Drivers/STM32H7xx_HAL_Driver/stm32h7xx_hal_rcc.o
                0x0000000008003008                HAL_RCC_GetPCLK1Freq
 .text.HAL_RCC_GetPCLK2Freq
                0x0000000008003034       0x2c ./Drivers/STM32H7xx_HAL_Driver/stm32h7xx_hal_rcc.o
                0x0000000008003034                HAL_RCC_GetPCLK2Freq
 .text.HAL_RCC_GetClockConfig
                0x0000000008003060       0x84 ./Drivers/STM32H7xx_HAL_Driver/stm32h7xx_hal_rcc.o
                0x0000000008003060                HAL_RCC_GetClockConfig
 .text.HAL_RCCEx_PeriphCLKConfig
                0x00000000080030e4      0xedc ./Drivers/STM32H7xx_HAL_Driver/stm32h7xx_hal_rcc_ex.o
                0x00000000080030e4                HAL_RCCEx_PeriphCLKConfig
 .text.HAL_RCCEx_GetD3PCLK1Freq
                0x0000000008003fc0       0x2c ./Drivers/STM32H7xx_HAL_Driver/stm32h7xx_hal_rcc_ex.o
                0x0000000008003fc0                HAL_RCCEx_GetD3PCLK1Freq
 .text.HAL_RCCEx_GetPLL2ClockFreq
                0x0000000008003fec      0x2a8 ./Drivers/STM32H7xx_HAL_Driver/stm32h7xx_hal_rcc_ex.o
                0x0000000008003fec                HAL_RCCEx_GetPLL2ClockFreq
 .text.HAL_RCCEx_GetPLL3ClockFreq
                0x0000000008004294      0x2a8 ./Drivers/STM32H7xx_HAL_Driver/stm32h7xx_hal_rcc_ex.o
                0x0000000008004294                HAL_RCCEx_GetPLL3ClockFreq
 .text.RCCEx_PLL2_Config
                0x000000000800453c      0x164 ./Drivers/STM32H7xx_HAL_Driver/stm32h7xx_hal_rcc_ex.o
 .text.RCCEx_PLL3_Config
                0x00000000080046a0      0x164 ./Drivers/STM32H7xx_HAL_Driver/stm32h7xx_hal_rcc_ex.o
 .text.HAL_SPI_Init
                0x0000000008004804      0x20c ./Drivers/STM32H7xx_HAL_Driver/stm32h7xx_hal_spi.o
                0x0000000008004804                HAL_SPI_Init
 .text.HAL_SPI_Transmit
                0x0000000008004a10      0x3e4 ./Drivers/STM32H7xx_HAL_Driver/stm32h7xx_hal_spi.o
                0x0000000008004a10                HAL_SPI_Transmit
 .text.HAL_SPI_TransmitReceive
                0x0000000008004df4      0x450 ./Drivers/STM32H7xx_HAL_Driver/stm32h7xx_hal_spi.o
                0x0000000008004df4                HAL_SPI_TransmitReceive
 .text.SPI_CloseTransfer
                0x0000000008005244      0x140 ./Drivers/STM32H7xx_HAL_Driver/stm32h7xx_hal_spi.o
 .text.SPI_WaitOnFlagUntilTimeout
                0x0000000008005384       0x5c ./Drivers/STM32H7xx_HAL_Driver/stm32h7xx_hal_spi.o
 .text.SPI_GetPacketSize
                0x00000000080053e0       0x36 ./Drivers/STM32H7xx_HAL_Driver/stm32h7xx_hal_spi.o
 .text.HAL_TIM_Base_Init
                0x0000000008005416       0xae ./Drivers/STM32H7xx_HAL_Driver/stm32h7xx_hal_tim.o
                0x0000000008005416                HAL_TIM_Base_Init
 .text.HAL_TIM_Base_MspInit
                0x00000000080054c4       0x14 ./Drivers/STM32H7xx_HAL_Driver/stm32h7xx_hal_tim.o
                0x00000000080054c4                HAL_TIM_Base_MspInit
 .text.HAL_TIM_Base_Start_IT
                0x00000000080054d8       0xf0 ./Drivers/STM32H7xx_HAL_Driver/stm32h7xx_hal_tim.o
                0x00000000080054d8                HAL_TIM_Base_Start_IT
 .text.HAL_TIM_IRQHandler
                0x00000000080055c8      0x23e ./Drivers/STM32H7xx_HAL_Driver/stm32h7xx_hal_tim.o
                0x00000000080055c8                HAL_TIM_IRQHandler
 .text.HAL_TIM_OC_DelayElapsedCallback
                0x0000000008005806       0x14 ./Drivers/STM32H7xx_HAL_Driver/stm32h7xx_hal_tim.o
                0x0000000008005806                HAL_TIM_OC_DelayElapsedCallback
 .text.HAL_TIM_IC_CaptureCallback
                0x000000000800581a       0x14 ./Drivers/STM32H7xx_HAL_Driver/stm32h7xx_hal_tim.o
                0x000000000800581a                HAL_TIM_IC_CaptureCallback
 .text.HAL_TIM_PWM_PulseFinishedCallback
                0x000000000800582e       0x14 ./Drivers/STM32H7xx_HAL_Driver/stm32h7xx_hal_tim.o
                0x000000000800582e                HAL_TIM_PWM_PulseFinishedCallback
 .text.HAL_TIM_TriggerCallback
                0x0000000008005842       0x14 ./Drivers/STM32H7xx_HAL_Driver/stm32h7xx_hal_tim.o
                0x0000000008005842                HAL_TIM_TriggerCallback
 *fill*         0x0000000008005856        0x2 
 .text.TIM_Base_SetConfig
                0x0000000008005858      0x134 ./Drivers/STM32H7xx_HAL_Driver/stm32h7xx_hal_tim.o
                0x0000000008005858                TIM_Base_SetConfig
 .text.HAL_TIMEx_CommutCallback
                0x000000000800598c       0x14 ./Drivers/STM32H7xx_HAL_Driver/stm32h7xx_hal_tim_ex.o
                0x000000000800598c                HAL_TIMEx_CommutCallback
 .text.HAL_TIMEx_BreakCallback
                0x00000000080059a0       0x14 ./Drivers/STM32H7xx_HAL_Driver/stm32h7xx_hal_tim_ex.o
                0x00000000080059a0                HAL_TIMEx_BreakCallback
 .text.HAL_TIMEx_Break2Callback
                0x00000000080059b4       0x14 ./Drivers/STM32H7xx_HAL_Driver/stm32h7xx_hal_tim_ex.o
                0x00000000080059b4                HAL_TIMEx_Break2Callback
 .text.HAL_UART_Init
                0x00000000080059c8       0xa0 ./Drivers/STM32H7xx_HAL_Driver/stm32h7xx_hal_uart.o
                0x00000000080059c8                HAL_UART_Init
 .text.HAL_UART_Transmit
                0x0000000008005a68      0x12c ./Drivers/STM32H7xx_HAL_Driver/stm32h7xx_hal_uart.o
                0x0000000008005a68                HAL_UART_Transmit
 .text.UART_SetConfig
                0x0000000008005b94      0xad0 ./Drivers/STM32H7xx_HAL_Driver/stm32h7xx_hal_uart.o
                0x0000000008005b94                UART_SetConfig
 .text.UART_AdvFeatureConfig
                0x0000000008006664      0x144 ./Drivers/STM32H7xx_HAL_Driver/stm32h7xx_hal_uart.o
                0x0000000008006664                UART_AdvFeatureConfig
 .text.UART_CheckIdleState
                0x00000000080067a8       0x96 ./Drivers/STM32H7xx_HAL_Driver/stm32h7xx_hal_uart.o
                0x00000000080067a8                UART_CheckIdleState
 .text.UART_WaitOnFlagUntilTimeout
                0x000000000800683e      0x190 ./Drivers/STM32H7xx_HAL_Driver/stm32h7xx_hal_uart.o
                0x000000000800683e                UART_WaitOnFlagUntilTimeout
 .text.HAL_UARTEx_DisableFifoMode
                0x00000000080069ce       0x72 ./Drivers/STM32H7xx_HAL_Driver/stm32h7xx_hal_uart_ex.o
                0x00000000080069ce                HAL_UARTEx_DisableFifoMode
 .text.HAL_UARTEx_SetTxFifoThreshold
                0x0000000008006a40       0x7c ./Drivers/STM32H7xx_HAL_Driver/stm32h7xx_hal_uart_ex.o
                0x0000000008006a40                HAL_UARTEx_SetTxFifoThreshold
 .text.HAL_UARTEx_SetRxFifoThreshold
                0x0000000008006abc       0x7c ./Drivers/STM32H7xx_HAL_Driver/stm32h7xx_hal_uart_ex.o
                0x0000000008006abc                HAL_UARTEx_SetRxFifoThreshold
 .text.UARTEx_SetNbDataToProcess
                0x0000000008006b38       0x9c ./Drivers/STM32H7xx_HAL_Driver/stm32h7xx_hal_uart_ex.o
 .text.__NVIC_SetPriority
                0x0000000008006bd4       0x54 ./Middlewares/Third_Party/FreeRTOS/cmsis_os2.o
 .text.SysTick_Handler
                0x0000000008006c28       0x20 ./Middlewares/Third_Party/FreeRTOS/cmsis_os2.o
                0x0000000008006c28                SysTick_Handler
 .text.SVC_Setup
                0x0000000008006c48       0x12 ./Middlewares/Third_Party/FreeRTOS/cmsis_os2.o
 *fill*         0x0000000008006c5a        0x2 
 .text.osKernelInitialize
                0x0000000008006c5c       0x48 ./Middlewares/Third_Party/FreeRTOS/cmsis_os2.o
                0x0000000008006c5c                osKernelInitialize
 .text.osKernelStart
                0x0000000008006ca4       0x4c ./Middlewares/Third_Party/FreeRTOS/cmsis_os2.o
                0x0000000008006ca4                osKernelStart
 .text.osThreadNew
                0x0000000008006cf0      0x124 ./Middlewares/Third_Party/FreeRTOS/cmsis_os2.o
                0x0000000008006cf0                osThreadNew
 .text.osDelay  0x0000000008006e14       0x36 ./Middlewares/Third_Party/FreeRTOS/cmsis_os2.o
                0x0000000008006e14                osDelay
 *fill*         0x0000000008006e4a        0x2 
 .text.vApplicationGetIdleTaskMemory
                0x0000000008006e4c       0x34 ./Middlewares/Third_Party/FreeRTOS/cmsis_os2.o
                0x0000000008006e4c                vApplicationGetIdleTaskMemory
 .text.vApplicationGetTimerTaskMemory
                0x0000000008006e80       0x34 ./Middlewares/Third_Party/FreeRTOS/cmsis_os2.o
                0x0000000008006e80                vApplicationGetTimerTaskMemory
 .text.pvPortMalloc
                0x0000000008006eb4      0x198 ./Middlewares/Third_Party/FreeRTOS/heap_4.o
                0x0000000008006eb4                pvPortMalloc
 .text.vPortFree
                0x000000000800704c       0xc4 ./Middlewares/Third_Party/FreeRTOS/heap_4.o
                0x000000000800704c                vPortFree
 .text.prvHeapInit
                0x0000000008007110       0xc4 ./Middlewares/Third_Party/FreeRTOS/heap_4.o
 .text.prvInsertBlockIntoFreeList
                0x00000000080071d4       0xb4 ./Middlewares/Third_Party/FreeRTOS/heap_4.o
 .text.vListInitialise
                0x0000000008007288       0x40 ./Middlewares/Third_Party/FreeRTOS/list.o
                0x0000000008007288                vListInitialise
 .text.vListInitialiseItem
                0x00000000080072c8       0x1a ./Middlewares/Third_Party/FreeRTOS/list.o
                0x00000000080072c8                vListInitialiseItem
 .text.vListInsertEnd
                0x00000000080072e2       0x48 ./Middlewares/Third_Party/FreeRTOS/list.o
                0x00000000080072e2                vListInsertEnd
 .text.vListInsert
                0x000000000800732a       0x72 ./Middlewares/Third_Party/FreeRTOS/list.o
                0x000000000800732a                vListInsert
 .text.uxListRemove
                0x000000000800739c       0x54 ./Middlewares/Third_Party/FreeRTOS/list.o
                0x000000000800739c                uxListRemove
 .text.pxPortInitialiseStack
                0x00000000080073f0       0x68 ./Middlewares/Third_Party/FreeRTOS/port.o
                0x00000000080073f0                pxPortInitialiseStack
 .text.prvTaskExitError
                0x0000000008007458       0x58 ./Middlewares/Third_Party/FreeRTOS/port.o
 .text.SVC_Handler
                0x00000000080074b0       0x28 ./Middlewares/Third_Party/FreeRTOS/port.o
                0x00000000080074b0                SVC_Handler
 .text.prvPortStartFirstTask
                0x00000000080074d8       0x28 ./Middlewares/Third_Party/FreeRTOS/port.o
 .text.xPortStartScheduler
                0x0000000008007500      0x144 ./Middlewares/Third_Party/FreeRTOS/port.o
                0x0000000008007500                xPortStartScheduler
 .text.vPortEnterCritical
                0x0000000008007644       0x60 ./Middlewares/Third_Party/FreeRTOS/port.o
                0x0000000008007644                vPortEnterCritical
 .text.vPortExitCritical
                0x00000000080076a4       0x54 ./Middlewares/Third_Party/FreeRTOS/port.o
                0x00000000080076a4                vPortExitCritical
 *fill*         0x00000000080076f8        0x8 
 .text.PendSV_Handler
                0x0000000008007700       0x68 ./Middlewares/Third_Party/FreeRTOS/port.o
                0x0000000008007700                PendSV_Handler
 .text.xPortSysTickHandler
                0x0000000008007768       0x44 ./Middlewares/Third_Party/FreeRTOS/port.o
                0x0000000008007768                xPortSysTickHandler
 .text.vPortSetupTimerInterrupt
                0x00000000080077ac       0x48 ./Middlewares/Third_Party/FreeRTOS/port.o
                0x00000000080077ac                vPortSetupTimerInterrupt
 .text.vPortEnableVFP
                0x00000000080077f4       0x14 ./Middlewares/Third_Party/FreeRTOS/port.o
 .text.vPortValidateInterruptPriority
                0x0000000008007808       0x80 ./Middlewares/Third_Party/FreeRTOS/port.o
                0x0000000008007808                vPortValidateInterruptPriority
 .text.xQueueGenericReset
                0x0000000008007888       0xd0 ./Middlewares/Third_Party/FreeRTOS/queue.o
                0x0000000008007888                xQueueGenericReset
 .text.xQueueGenericCreateStatic
                0x0000000008007958       0xf0 ./Middlewares/Third_Party/FreeRTOS/queue.o
                0x0000000008007958                xQueueGenericCreateStatic
 .text.prvInitialiseNewQueue
                0x0000000008007a48       0x46 ./Middlewares/Third_Party/FreeRTOS/queue.o
 *fill*         0x0000000008007a8e        0x2 
 .text.xQueueGenericSend
                0x0000000008007a90      0x1fc ./Middlewares/Third_Party/FreeRTOS/queue.o
                0x0000000008007a90                xQueueGenericSend
 .text.xQueueGenericSendFromISR
                0x0000000008007c8c      0x136 ./Middlewares/Third_Party/FreeRTOS/queue.o
                0x0000000008007c8c                xQueueGenericSendFromISR
 *fill*         0x0000000008007dc2        0x2 
 .text.xQueueReceive
                0x0000000008007dc4      0x1c0 ./Middlewares/Third_Party/FreeRTOS/queue.o
                0x0000000008007dc4                xQueueReceive
 .text.prvCopyDataToQueue
                0x0000000008007f84       0xd4 ./Middlewares/Third_Party/FreeRTOS/queue.o
 .text.prvCopyDataFromQueue
                0x0000000008008058       0x4c ./Middlewares/Third_Party/FreeRTOS/queue.o
 .text.prvUnlockQueue
                0x00000000080080a4       0xa4 ./Middlewares/Third_Party/FreeRTOS/queue.o
 .text.prvIsQueueEmpty
                0x0000000008008148       0x2c ./Middlewares/Third_Party/FreeRTOS/queue.o
 .text.prvIsQueueFull
                0x0000000008008174       0x30 ./Middlewares/Third_Party/FreeRTOS/queue.o
 .text.vQueueAddToRegistry
                0x00000000080081a4       0x54 ./Middlewares/Third_Party/FreeRTOS/queue.o
                0x00000000080081a4                vQueueAddToRegistry
 .text.vQueueWaitForMessageRestricted
                0x00000000080081f8       0x68 ./Middlewares/Third_Party/FreeRTOS/queue.o
                0x00000000080081f8                vQueueWaitForMessageRestricted
 .text.xTaskCreateStatic
                0x0000000008008260       0xba ./Middlewares/Third_Party/FreeRTOS/tasks.o
                0x0000000008008260                xTaskCreateStatic
 .text.xTaskCreate
                0x000000000800831a       0x8a ./Middlewares/Third_Party/FreeRTOS/tasks.o
                0x000000000800831a                xTaskCreate
 .text.prvInitialiseNewTask
                0x00000000080083a4      0x14c ./Middlewares/Third_Party/FreeRTOS/tasks.o
 .text.prvAddNewTaskToReadyList
                0x00000000080084f0       0xe0 ./Middlewares/Third_Party/FreeRTOS/tasks.o
 .text.vTaskDelay
                0x00000000080085d0       0x68 ./Middlewares/Third_Party/FreeRTOS/tasks.o
                0x00000000080085d0                vTaskDelay
 .text.vTaskStartScheduler
                0x0000000008008638       0xe0 ./Middlewares/Third_Party/FreeRTOS/tasks.o
                0x0000000008008638                vTaskStartScheduler
 .text.vTaskSuspendAll
                0x0000000008008718       0x1c ./Middlewares/Third_Party/FreeRTOS/tasks.o
                0x0000000008008718                vTaskSuspendAll
 .text.xTaskResumeAll
                0x0000000008008734      0x13c ./Middlewares/Third_Party/FreeRTOS/tasks.o
                0x0000000008008734                xTaskResumeAll
 .text.xTaskGetTickCount
                0x0000000008008870       0x20 ./Middlewares/Third_Party/FreeRTOS/tasks.o
                0x0000000008008870                xTaskGetTickCount
 .text.xTaskIncrementTick
                0x0000000008008890      0x174 ./Middlewares/Third_Party/FreeRTOS/tasks.o
                0x0000000008008890                xTaskIncrementTick
 .text.vTaskSwitchContext
                0x0000000008008a04       0xc8 ./Middlewares/Third_Party/FreeRTOS/tasks.o
                0x0000000008008a04                vTaskSwitchContext
 .text.vTaskPlaceOnEventList
                0x0000000008008acc       0x48 ./Middlewares/Third_Party/FreeRTOS/tasks.o
                0x0000000008008acc                vTaskPlaceOnEventList
 .text.vTaskPlaceOnEventListRestricted
                0x0000000008008b14       0x58 ./Middlewares/Third_Party/FreeRTOS/tasks.o
                0x0000000008008b14                vTaskPlaceOnEventListRestricted
 .text.xTaskRemoveFromEventList
                0x0000000008008b6c       0xc8 ./Middlewares/Third_Party/FreeRTOS/tasks.o
                0x0000000008008b6c                xTaskRemoveFromEventList
 .text.vTaskInternalSetTimeOutState
                0x0000000008008c34       0x2c ./Middlewares/Third_Party/FreeRTOS/tasks.o
                0x0000000008008c34                vTaskInternalSetTimeOutState
 .text.xTaskCheckForTimeOut
                0x0000000008008c60       0xc4 ./Middlewares/Third_Party/FreeRTOS/tasks.o
                0x0000000008008c60                xTaskCheckForTimeOut
 .text.vTaskMissedYield
                0x0000000008008d24       0x18 ./Middlewares/Third_Party/FreeRTOS/tasks.o
                0x0000000008008d24                vTaskMissedYield
 .text.prvIdleTask
                0x0000000008008d3c       0x30 ./Middlewares/Third_Party/FreeRTOS/tasks.o
 .text.prvInitialiseTaskLists
                0x0000000008008d6c       0x80 ./Middlewares/Third_Party/FreeRTOS/tasks.o
 .text.prvCheckTasksWaitingTermination
                0x0000000008008dec       0x5c ./Middlewares/Third_Party/FreeRTOS/tasks.o
 .text.prvDeleteTCB
                0x0000000008008e48       0x68 ./Middlewares/Third_Party/FreeRTOS/tasks.o
 .text.prvResetNextTaskUnblockTime
                0x0000000008008eb0       0x40 ./Middlewares/Third_Party/FreeRTOS/tasks.o
 .text.xTaskGetSchedulerState
                0x0000000008008ef0       0x3c ./Middlewares/Third_Party/FreeRTOS/tasks.o
                0x0000000008008ef0                xTaskGetSchedulerState
 .text.xTaskPriorityDisinherit
                0x0000000008008f2c       0xdc ./Middlewares/Third_Party/FreeRTOS/tasks.o
                0x0000000008008f2c                xTaskPriorityDisinherit
 .text.prvAddCurrentTaskToDelayedList
                0x0000000008009008       0xa8 ./Middlewares/Third_Party/FreeRTOS/tasks.o
 .text.xTimerCreateTimerTask
                0x00000000080090b0       0x90 ./Middlewares/Third_Party/FreeRTOS/timers.o
                0x00000000080090b0                xTimerCreateTimerTask
 .text.xTimerGenericCommand
                0x0000000008009140       0x9c ./Middlewares/Third_Party/FreeRTOS/timers.o
                0x0000000008009140                xTimerGenericCommand
 .text.prvProcessExpiredTimer
                0x00000000080091dc       0x98 ./Middlewares/Third_Party/FreeRTOS/timers.o
 .text.prvTimerTask
                0x0000000008009274       0x24 ./Middlewares/Third_Party/FreeRTOS/timers.o
 .text.prvProcessTimerOrBlockTask
                0x0000000008009298       0x9c ./Middlewares/Third_Party/FreeRTOS/timers.o
 .text.prvGetNextExpireTime
                0x0000000008009334       0x48 ./Middlewares/Third_Party/FreeRTOS/timers.o
 .text.prvSampleTimeNow
                0x000000000800937c       0x40 ./Middlewares/Third_Party/FreeRTOS/timers.o
 .text.prvInsertTimerInActiveList
                0x00000000080093bc       0x84 ./Middlewares/Third_Party/FreeRTOS/timers.o
 .text.prvProcessReceivedCommands
                0x0000000008009440      0x1c4 ./Middlewares/Third_Party/FreeRTOS/timers.o
 .text.prvSwitchTimerLists
                0x0000000008009604       0xc8 ./Middlewares/Third_Party/FreeRTOS/timers.o
 .text.prvCheckForValidListAndQueue
                0x00000000080096cc       0x80 ./Middlewares/Third_Party/FreeRTOS/timers.o
 .text.__errno  0x000000000800974c        0xc e:/school/ece4981/stmide/stm32cubeide_1.10.1/stm32cubeide/plugins/com.st.stm32cube.ide.mcu.externaltools.gnu-tools-for-stm32.10.3-2021.10.win32_1.0.0.202111181127/tools/bin/../lib/gcc/arm-none-eabi/10.3.1/../../../../arm-none-eabi/lib/thumb/v7e-m+dp/hard\libc_nano.a(lib_a-errno.o)
                0x000000000800974c                __errno
 .text.__libc_init_array
                0x0000000008009758       0x48 e:/school/ece4981/stmide/stm32cubeide_1.10.1/stm32cubeide/plugins/com.st.stm32cube.ide.mcu.externaltools.gnu-tools-for-stm32.10.3-2021.10.win32_1.0.0.202111181127/tools/bin/../lib/gcc/arm-none-eabi/10.3.1/../../../../arm-none-eabi/lib/thumb/v7e-m+dp/hard\libc_nano.a(lib_a-init.o)
                0x0000000008009758                __libc_init_array
 .text.__retarget_lock_acquire_recursive
                0x00000000080097a0        0x2 e:/school/ece4981/stmide/stm32cubeide_1.10.1/stm32cubeide/plugins/com.st.stm32cube.ide.mcu.externaltools.gnu-tools-for-stm32.10.3-2021.10.win32_1.0.0.202111181127/tools/bin/../lib/gcc/arm-none-eabi/10.3.1/../../../../arm-none-eabi/lib/thumb/v7e-m+dp/hard\libc_nano.a(lib_a-lock.o)
                0x00000000080097a0                __retarget_lock_acquire_recursive
 .text.__retarget_lock_release_recursive
                0x00000000080097a2        0x2 e:/school/ece4981/stmide/stm32cubeide_1.10.1/stm32cubeide/plugins/com.st.stm32cube.ide.mcu.externaltools.gnu-tools-for-stm32.10.3-2021.10.win32_1.0.0.202111181127/tools/bin/../lib/gcc/arm-none-eabi/10.3.1/../../../../arm-none-eabi/lib/thumb/v7e-m+dp/hard\libc_nano.a(lib_a-lock.o)
                0x00000000080097a2                __retarget_lock_release_recursive
 .text.memcpy   0x00000000080097a4       0x1c e:/school/ece4981/stmide/stm32cubeide_1.10.1/stm32cubeide/plugins/com.st.stm32cube.ide.mcu.externaltools.gnu-tools-for-stm32.10.3-2021.10.win32_1.0.0.202111181127/tools/bin/../lib/gcc/arm-none-eabi/10.3.1/../../../../arm-none-eabi/lib/thumb/v7e-m+dp/hard\libc_nano.a(lib_a-memcpy-stub.o)
                0x00000000080097a4                memcpy
 .text.memset   0x00000000080097c0       0x10 e:/school/ece4981/stmide/stm32cubeide_1.10.1/stm32cubeide/plugins/com.st.stm32cube.ide.mcu.externaltools.gnu-tools-for-stm32.10.3-2021.10.win32_1.0.0.202111181127/tools/bin/../lib/gcc/arm-none-eabi/10.3.1/../../../../arm-none-eabi/lib/thumb/v7e-m+dp/hard\libc_nano.a(lib_a-memset.o)
                0x00000000080097c0                memset
 .text.sbrk_aligned
                0x00000000080097d0       0x40 e:/school/ece4981/stmide/stm32cubeide_1.10.1/stm32cubeide/plugins/com.st.stm32cube.ide.mcu.externaltools.gnu-tools-for-stm32.10.3-2021.10.win32_1.0.0.202111181127/tools/bin/../lib/gcc/arm-none-eabi/10.3.1/../../../../arm-none-eabi/lib/thumb/v7e-m+dp/hard\libc_nano.a(lib_a-nano-mallocr.o)
 .text._malloc_r
                0x0000000008009810       0xe8 e:/school/ece4981/stmide/stm32cubeide_1.10.1/stm32cubeide/plugins/com.st.stm32cube.ide.mcu.externaltools.gnu-tools-for-stm32.10.3-2021.10.win32_1.0.0.202111181127/tools/bin/../lib/gcc/arm-none-eabi/10.3.1/../../../../arm-none-eabi/lib/thumb/v7e-m+dp/hard\libc_nano.a(lib_a-nano-mallocr.o)
                0x0000000008009810                _malloc_r
 .text.cleanup_glue
                0x00000000080098f8       0x1a e:/school/ece4981/stmide/stm32cubeide_1.10.1/stm32cubeide/plugins/com.st.stm32cube.ide.mcu.externaltools.gnu-tools-for-stm32.10.3-2021.10.win32_1.0.0.202111181127/tools/bin/../lib/gcc/arm-none-eabi/10.3.1/../../../../arm-none-eabi/lib/thumb/v7e-m+dp/hard\libc_nano.a(lib_a-reent.o)
                0x00000000080098f8                cleanup_glue
 *fill*         0x0000000008009912        0x2 
 .text._reclaim_reent
                0x0000000008009914       0xb8 e:/school/ece4981/stmide/stm32cubeide_1.10.1/stm32cubeide/plugins/com.st.stm32cube.ide.mcu.externaltools.gnu-tools-for-stm32.10.3-2021.10.win32_1.0.0.202111181127/tools/bin/../lib/gcc/arm-none-eabi/10.3.1/../../../../arm-none-eabi/lib/thumb/v7e-m+dp/hard\libc_nano.a(lib_a-reent.o)
                0x0000000008009914                _reclaim_reent
 .text._sbrk_r  0x00000000080099cc       0x20 e:/school/ece4981/stmide/stm32cubeide_1.10.1/stm32cubeide/plugins/com.st.stm32cube.ide.mcu.externaltools.gnu-tools-for-stm32.10.3-2021.10.win32_1.0.0.202111181127/tools/bin/../lib/gcc/arm-none-eabi/10.3.1/../../../../arm-none-eabi/lib/thumb/v7e-m+dp/hard\libc_nano.a(lib_a-sbrkr.o)
                0x00000000080099cc                _sbrk_r
 .text._vsprintf_r
                0x00000000080099ec       0x2c e:/school/ece4981/stmide/stm32cubeide_1.10.1/stm32cubeide/plugins/com.st.stm32cube.ide.mcu.externaltools.gnu-tools-for-stm32.10.3-2021.10.win32_1.0.0.202111181127/tools/bin/../lib/gcc/arm-none-eabi/10.3.1/../../../../arm-none-eabi/lib/thumb/v7e-m+dp/hard\libc_nano.a(lib_a-vsprintf.o)
                0x00000000080099ec                _vsprintf_r
                0x00000000080099ec                _vsiprintf_r
 .text.vsprintf
                0x0000000008009a18       0x14 e:/school/ece4981/stmide/stm32cubeide_1.10.1/stm32cubeide/plugins/com.st.stm32cube.ide.mcu.externaltools.gnu-tools-for-stm32.10.3-2021.10.win32_1.0.0.202111181127/tools/bin/../lib/gcc/arm-none-eabi/10.3.1/../../../../arm-none-eabi/lib/thumb/v7e-m+dp/hard\libc_nano.a(lib_a-vsprintf.o)
                0x0000000008009a18                vsiprintf
                0x0000000008009a18                vsprintf
 .text.__malloc_lock
                0x0000000008009a2c        0xc e:/school/ece4981/stmide/stm32cubeide_1.10.1/stm32cubeide/plugins/com.st.stm32cube.ide.mcu.externaltools.gnu-tools-for-stm32.10.3-2021.10.win32_1.0.0.202111181127/tools/bin/../lib/gcc/arm-none-eabi/10.3.1/../../../../arm-none-eabi/lib/thumb/v7e-m+dp/hard\libc_nano.a(lib_a-mlock.o)
                0x0000000008009a2c                __malloc_lock
 .text.__malloc_unlock
                0x0000000008009a38        0xc e:/school/ece4981/stmide/stm32cubeide_1.10.1/stm32cubeide/plugins/com.st.stm32cube.ide.mcu.externaltools.gnu-tools-for-stm32.10.3-2021.10.win32_1.0.0.202111181127/tools/bin/../lib/gcc/arm-none-eabi/10.3.1/../../../../arm-none-eabi/lib/thumb/v7e-m+dp/hard\libc_nano.a(lib_a-mlock.o)
                0x0000000008009a38                __malloc_unlock
 .text._free_r  0x0000000008009a44       0x98 e:/school/ece4981/stmide/stm32cubeide_1.10.1/stm32cubeide/plugins/com.st.stm32cube.ide.mcu.externaltools.gnu-tools-for-stm32.10.3-2021.10.win32_1.0.0.202111181127/tools/bin/../lib/gcc/arm-none-eabi/10.3.1/../../../../arm-none-eabi/lib/thumb/v7e-m+dp/hard\libc_nano.a(lib_a-nano-freer.o)
                0x0000000008009a44                _free_r
 .text.__ssputs_r
                0x0000000008009adc       0xb6 e:/school/ece4981/stmide/stm32cubeide_1.10.1/stm32cubeide/plugins/com.st.stm32cube.ide.mcu.externaltools.gnu-tools-for-stm32.10.3-2021.10.win32_1.0.0.202111181127/tools/bin/../lib/gcc/arm-none-eabi/10.3.1/../../../../arm-none-eabi/lib/thumb/v7e-m+dp/hard\libc_nano.a(lib_a-nano-svfprintf.o)
                0x0000000008009adc                __ssputs_r
 *fill*         0x0000000008009b92        0x2 
 .text._svfprintf_r
                0x0000000008009b94      0x200 e:/school/ece4981/stmide/stm32cubeide_1.10.1/stm32cubeide/plugins/com.st.stm32cube.ide.mcu.externaltools.gnu-tools-for-stm32.10.3-2021.10.win32_1.0.0.202111181127/tools/bin/../lib/gcc/arm-none-eabi/10.3.1/../../../../arm-none-eabi/lib/thumb/v7e-m+dp/hard\libc_nano.a(lib_a-nano-svfprintf.o)
                0x0000000008009b94                _svfiprintf_r
                0x0000000008009b94                _svfprintf_r
 .text._printf_common
                0x0000000008009d94       0xda e:/school/ece4981/stmide/stm32cubeide_1.10.1/stm32cubeide/plugins/com.st.stm32cube.ide.mcu.externaltools.gnu-tools-for-stm32.10.3-2021.10.win32_1.0.0.202111181127/tools/bin/../lib/gcc/arm-none-eabi/10.3.1/../../../../arm-none-eabi/lib/thumb/v7e-m+dp/hard\libc_nano.a(lib_a-nano-vfprintf_i.o)
                0x0000000008009d94                _printf_common
 *fill*         0x0000000008009e6e        0x2 
 .text._printf_i
                0x0000000008009e70      0x24c e:/school/ece4981/stmide/stm32cubeide_1.10.1/stm32cubeide/plugins/com.st.stm32cube.ide.mcu.externaltools.gnu-tools-for-stm32.10.3-2021.10.win32_1.0.0.202111181127/tools/bin/../lib/gcc/arm-none-eabi/10.3.1/../../../../arm-none-eabi/lib/thumb/v7e-m+dp/hard\libc_nano.a(lib_a-nano-vfprintf_i.o)
                0x0000000008009e70                _printf_i
 .text.memmove  0x000000000800a0bc       0x34 e:/school/ece4981/stmide/stm32cubeide_1.10.1/stm32cubeide/plugins/com.st.stm32cube.ide.mcu.externaltools.gnu-tools-for-stm32.10.3-2021.10.win32_1.0.0.202111181127/tools/bin/../lib/gcc/arm-none-eabi/10.3.1/../../../../arm-none-eabi/lib/thumb/v7e-m+dp/hard\libc_nano.a(lib_a-memmove.o)
                0x000000000800a0bc                memmove
 .text._realloc_r
                0x000000000800a0f0       0x5e e:/school/ece4981/stmide/stm32cubeide_1.10.1/stm32cubeide/plugins/com.st.stm32cube.ide.mcu.externaltools.gnu-tools-for-stm32.10.3-2021.10.win32_1.0.0.202111181127/tools/bin/../lib/gcc/arm-none-eabi/10.3.1/../../../../arm-none-eabi/lib/thumb/v7e-m+dp/hard\libc_nano.a(lib_a-nano-reallocr.o)
                0x000000000800a0f0                _realloc_r
 .text._malloc_usable_size_r
                0x000000000800a14e       0x10 e:/school/ece4981/stmide/stm32cubeide_1.10.1/stm32cubeide/plugins/com.st.stm32cube.ide.mcu.externaltools.gnu-tools-for-stm32.10.3-2021.10.win32_1.0.0.202111181127/tools/bin/../lib/gcc/arm-none-eabi/10.3.1/../../../../arm-none-eabi/lib/thumb/v7e-m+dp/hard\libc_nano.a(lib_a-nano-msizer.o)
                0x000000000800a14e                _malloc_usable_size_r
 *(.glue_7)
 .glue_7        0x000000000800a15e        0x0 linker stubs
 *(.glue_7t)
 .glue_7t       0x000000000800a15e        0x0 linker stubs
 *(.eh_frame)
 *fill*         0x000000000800a15e        0x2 
 .eh_frame      0x000000000800a160        0x0 e:/school/ece4981/stmide/stm32cubeide_1.10.1/stm32cubeide/plugins/com.st.stm32cube.ide.mcu.externaltools.gnu-tools-for-stm32.10.3-2021.10.win32_1.0.0.202111181127/tools/bin/../lib/gcc/arm-none-eabi/10.3.1/thumb/v7e-m+dp/hard/crtbegin.o
 *(.init)
 .init          0x000000000800a160        0x4 e:/school/ece4981/stmide/stm32cubeide_1.10.1/stm32cubeide/plugins/com.st.stm32cube.ide.mcu.externaltools.gnu-tools-for-stm32.10.3-2021.10.win32_1.0.0.202111181127/tools/bin/../lib/gcc/arm-none-eabi/10.3.1/thumb/v7e-m+dp/hard/crti.o
                0x000000000800a160                _init
 .init          0x000000000800a164        0x8 e:/school/ece4981/stmide/stm32cubeide_1.10.1/stm32cubeide/plugins/com.st.stm32cube.ide.mcu.externaltools.gnu-tools-for-stm32.10.3-2021.10.win32_1.0.0.202111181127/tools/bin/../lib/gcc/arm-none-eabi/10.3.1/thumb/v7e-m+dp/hard/crtn.o
 *(.fini)
 .fini          0x000000000800a16c        0x4 e:/school/ece4981/stmide/stm32cubeide_1.10.1/stm32cubeide/plugins/com.st.stm32cube.ide.mcu.externaltools.gnu-tools-for-stm32.10.3-2021.10.win32_1.0.0.202111181127/tools/bin/../lib/gcc/arm-none-eabi/10.3.1/thumb/v7e-m+dp/hard/crti.o
                0x000000000800a16c                _fini
 .fini          0x000000000800a170        0x8 e:/school/ece4981/stmide/stm32cubeide_1.10.1/stm32cubeide/plugins/com.st.stm32cube.ide.mcu.externaltools.gnu-tools-for-stm32.10.3-2021.10.win32_1.0.0.202111181127/tools/bin/../lib/gcc/arm-none-eabi/10.3.1/thumb/v7e-m+dp/hard/crtn.o
                0x000000000800a178                . = ALIGN (0x4)
                0x000000000800a178                _etext = .

.vfp11_veneer   0x000000000800a178        0x0
 .vfp11_veneer  0x000000000800a178        0x0 linker stubs

.v4_bx          0x000000000800a178        0x0
 .v4_bx         0x000000000800a178        0x0 linker stubs

.iplt           0x000000000800a178        0x0
 .iplt          0x000000000800a178        0x0 e:/school/ece4981/stmide/stm32cubeide_1.10.1/stm32cubeide/plugins/com.st.stm32cube.ide.mcu.externaltools.gnu-tools-for-stm32.10.3-2021.10.win32_1.0.0.202111181127/tools/bin/../lib/gcc/arm-none-eabi/10.3.1/thumb/v7e-m+dp/hard/crtbegin.o

.rodata         0x000000000800a178      0x174
                0x000000000800a178                . = ALIGN (0x4)
 *(.rodata)
 .rodata        0x000000000800a178       0x47 ./Core/Src/main.o
 *fill*         0x000000000800a1bf        0x1 
 .rodata        0x000000000800a1c0        0x5 ./Middlewares/Third_Party/FreeRTOS/tasks.o
 *fill*         0x000000000800a1c5        0x3 
 .rodata        0x000000000800a1c8        0xd ./Middlewares/Third_Party/FreeRTOS/timers.o
 *(.rodata*)
 *fill*         0x000000000800a1d5        0x3 
 .rodata.D1CorePrescTable
                0x000000000800a1d8       0x10 ./Common/Src/system_stm32h7xx_dualcore_boot_cm4_cm7.o
                0x000000000800a1d8                D1CorePrescTable
 .rodata._ZL22defaultTask_attributes
                0x000000000800a1e8       0x24 ./Core/Src/main.o
 .rodata._ZL19NTagTask_attributes
                0x000000000800a20c       0x24 ./Core/Src/main.o
 .rodata.UARTPrescTable
                0x000000000800a230       0x18 ./Drivers/STM32H7xx_HAL_Driver/stm32h7xx_hal_uart.o
                0x000000000800a230                UARTPrescTable
 .rodata.numerator.1
                0x000000000800a248        0x8 ./Drivers/STM32H7xx_HAL_Driver/stm32h7xx_hal_uart_ex.o
 .rodata.denominator.0
                0x000000000800a250        0x8 ./Drivers/STM32H7xx_HAL_Driver/stm32h7xx_hal_uart_ex.o
 .rodata.__sf_fake_stderr
                0x000000000800a258       0x20 e:/school/ece4981/stmide/stm32cubeide_1.10.1/stm32cubeide/plugins/com.st.stm32cube.ide.mcu.externaltools.gnu-tools-for-stm32.10.3-2021.10.win32_1.0.0.202111181127/tools/bin/../lib/gcc/arm-none-eabi/10.3.1/../../../../arm-none-eabi/lib/thumb/v7e-m+dp/hard\libc_nano.a(lib_a-findfp.o)
                0x000000000800a258                __sf_fake_stderr
 .rodata.__sf_fake_stdin
                0x000000000800a278       0x20 e:/school/ece4981/stmide/stm32cubeide_1.10.1/stm32cubeide/plugins/com.st.stm32cube.ide.mcu.externaltools.gnu-tools-for-stm32.10.3-2021.10.win32_1.0.0.202111181127/tools/bin/../lib/gcc/arm-none-eabi/10.3.1/../../../../arm-none-eabi/lib/thumb/v7e-m+dp/hard\libc_nano.a(lib_a-findfp.o)
                0x000000000800a278                __sf_fake_stdin
 .rodata.__sf_fake_stdout
                0x000000000800a298       0x20 e:/school/ece4981/stmide/stm32cubeide_1.10.1/stm32cubeide/plugins/com.st.stm32cube.ide.mcu.externaltools.gnu-tools-for-stm32.10.3-2021.10.win32_1.0.0.202111181127/tools/bin/../lib/gcc/arm-none-eabi/10.3.1/../../../../arm-none-eabi/lib/thumb/v7e-m+dp/hard\libc_nano.a(lib_a-findfp.o)
                0x000000000800a298                __sf_fake_stdout
 .rodata._svfprintf_r.str1.1
                0x000000000800a2b8       0x11 e:/school/ece4981/stmide/stm32cubeide_1.10.1/stm32cubeide/plugins/com.st.stm32cube.ide.mcu.externaltools.gnu-tools-for-stm32.10.3-2021.10.win32_1.0.0.202111181127/tools/bin/../lib/gcc/arm-none-eabi/10.3.1/../../../../arm-none-eabi/lib/thumb/v7e-m+dp/hard\libc_nano.a(lib_a-nano-svfprintf.o)
 .rodata._printf_i.str1.1
                0x000000000800a2c9       0x22 e:/school/ece4981/stmide/stm32cubeide_1.10.1/stm32cubeide/plugins/com.st.stm32cube.ide.mcu.externaltools.gnu-tools-for-stm32.10.3-2021.10.win32_1.0.0.202111181127/tools/bin/../lib/gcc/arm-none-eabi/10.3.1/../../../../arm-none-eabi/lib/thumb/v7e-m+dp/hard\libc_nano.a(lib_a-nano-vfprintf_i.o)
                0x000000000800a2ec                . = ALIGN (0x4)
 *fill*         0x000000000800a2eb        0x1 

.ARM.extab      0x000000000800a2ec        0x0
                0x000000000800a2ec                . = ALIGN (0x4)
 *(.ARM.extab* .gnu.linkonce.armextab.*)
                0x000000000800a2ec                . = ALIGN (0x4)

.ARM            0x000000000800a2ec        0x8
                0x000000000800a2ec                . = ALIGN (0x4)
                0x000000000800a2ec                __exidx_start = .
 *(.ARM.exidx*)
 .ARM.exidx     0x000000000800a2ec        0x8 e:/school/ece4981/stmide/stm32cubeide_1.10.1/stm32cubeide/plugins/com.st.stm32cube.ide.mcu.externaltools.gnu-tools-for-stm32.10.3-2021.10.win32_1.0.0.202111181127/tools/bin/../lib/gcc/arm-none-eabi/10.3.1/thumb/v7e-m+dp/hard\libgcc.a(_udivmoddi4.o)
                0x000000000800a2f4                __exidx_end = .
                0x000000000800a2f4                . = ALIGN (0x4)

.rel.dyn        0x000000000800a2f4        0x0
 .rel.iplt      0x000000000800a2f4        0x0 e:/school/ece4981/stmide/stm32cubeide_1.10.1/stm32cubeide/plugins/com.st.stm32cube.ide.mcu.externaltools.gnu-tools-for-stm32.10.3-2021.10.win32_1.0.0.202111181127/tools/bin/../lib/gcc/arm-none-eabi/10.3.1/thumb/v7e-m+dp/hard/crtbegin.o

.preinit_array  0x000000000800a2f4        0x0
                0x000000000800a2f4                . = ALIGN (0x4)
                0x000000000800a2f4                PROVIDE (__preinit_array_start = .)
 *(.preinit_array*)
                0x000000000800a2f4                PROVIDE (__preinit_array_end = .)
                0x000000000800a2f4                . = ALIGN (0x4)

.init_array     0x000000000800a2f4        0x4
                0x000000000800a2f4                . = ALIGN (0x4)
                0x000000000800a2f4                PROVIDE (__init_array_start = .)
 *(SORT_BY_NAME(.init_array.*))
 *(.init_array*)
 .init_array    0x000000000800a2f4        0x4 e:/school/ece4981/stmide/stm32cubeide_1.10.1/stm32cubeide/plugins/com.st.stm32cube.ide.mcu.externaltools.gnu-tools-for-stm32.10.3-2021.10.win32_1.0.0.202111181127/tools/bin/../lib/gcc/arm-none-eabi/10.3.1/thumb/v7e-m+dp/hard/crtbegin.o
                0x000000000800a2f8                PROVIDE (__init_array_end = .)
                0x000000000800a2f8                . = ALIGN (0x4)

.fini_array     0x000000000800a2f8        0x4
                0x000000000800a2f8                . = ALIGN (0x4)
                [!provide]                        PROVIDE (__fini_array_start = .)
 *(SORT_BY_NAME(.fini_array.*))
 *(.fini_array*)
 .fini_array    0x000000000800a2f8        0x4 e:/school/ece4981/stmide/stm32cubeide_1.10.1/stm32cubeide/plugins/com.st.stm32cube.ide.mcu.externaltools.gnu-tools-for-stm32.10.3-2021.10.win32_1.0.0.202111181127/tools/bin/../lib/gcc/arm-none-eabi/10.3.1/thumb/v7e-m+dp/hard/crtbegin.o
                [!provide]                        PROVIDE (__fini_array_end = .)
                0x000000000800a2fc                . = ALIGN (0x4)
                0x000000000800a2fc                _sidata = LOADADDR (.data)

.data           0x0000000024000000       0x78 load address 0x000000000800a2fc
                0x0000000024000000                . = ALIGN (0x4)
                0x0000000024000000                _sdata = .
 *(.data)
 *(.data*)
 .data.SystemCoreClock
                0x0000000024000000        0x4 ./Common/Src/system_stm32h7xx_dualcore_boot_cm4_cm7.o
                0x0000000024000000                SystemCoreClock
 .data.SystemD2Clock
                0x0000000024000004        0x4 ./Common/Src/system_stm32h7xx_dualcore_boot_cm4_cm7.o
                0x0000000024000004                SystemD2Clock
 .data.uwTickPrio
                0x0000000024000008        0x4 ./Drivers/STM32H7xx_HAL_Driver/stm32h7xx_hal.o
                0x0000000024000008                uwTickPrio
 .data.uwTickFreq
                0x000000002400000c        0x1 ./Drivers/STM32H7xx_HAL_Driver/stm32h7xx_hal.o
                0x000000002400000c                uwTickFreq
 *fill*         0x000000002400000d        0x3 
 .data.uxCriticalNesting
                0x0000000024000010        0x4 ./Middlewares/Third_Party/FreeRTOS/port.o
 .data._impure_ptr
                0x0000000024000014        0x4 e:/school/ece4981/stmide/stm32cubeide_1.10.1/stm32cubeide/plugins/com.st.stm32cube.ide.mcu.externaltools.gnu-tools-for-stm32.10.3-2021.10.win32_1.0.0.202111181127/tools/bin/../lib/gcc/arm-none-eabi/10.3.1/../../../../arm-none-eabi/lib/thumb/v7e-m+dp/hard\libc_nano.a(lib_a-impure.o)
                0x0000000024000014                _impure_ptr
 .data.impure_data
                0x0000000024000018       0x60 e:/school/ece4981/stmide/stm32cubeide_1.10.1/stm32cubeide/plugins/com.st.stm32cube.ide.mcu.externaltools.gnu-tools-for-stm32.10.3-2021.10.win32_1.0.0.202111181127/tools/bin/../lib/gcc/arm-none-eabi/10.3.1/../../../../arm-none-eabi/lib/thumb/v7e-m+dp/hard\libc_nano.a(lib_a-impure.o)
 *(.RamFunc)
 *(.RamFunc*)
                0x0000000024000078                . = ALIGN (0x4)
                0x0000000024000078                _edata = .

.igot.plt       0x0000000024000078        0x0 load address 0x000000000800a374
 .igot.plt      0x0000000024000078        0x0 e:/school/ece4981/stmide/stm32cubeide_1.10.1/stm32cubeide/plugins/com.st.stm32cube.ide.mcu.externaltools.gnu-tools-for-stm32.10.3-2021.10.win32_1.0.0.202111181127/tools/bin/../lib/gcc/arm-none-eabi/10.3.1/thumb/v7e-m+dp/hard/crtbegin.o
                0x0000000024000078                . = ALIGN (0x4)

.bss            0x0000000024000078     0x4c48 load address 0x000000000800a374
                0x0000000024000078                _sbss = .
                0x0000000024000078                __bss_start__ = _sbss
 *(.bss)
 .bss           0x0000000024000078       0x1c e:/school/ece4981/stmide/stm32cubeide_1.10.1/stm32cubeide/plugins/com.st.stm32cube.ide.mcu.externaltools.gnu-tools-for-stm32.10.3-2021.10.win32_1.0.0.202111181127/tools/bin/../lib/gcc/arm-none-eabi/10.3.1/thumb/v7e-m+dp/hard/crtbegin.o
 *(.bss*)
 .bss.hi2c1     0x0000000024000094       0x4c ./Core/Src/main.o
                0x0000000024000094                hi2c1
 .bss.hi2c4     0x00000000240000e0       0x4c ./Core/Src/main.o
                0x00000000240000e0                hi2c4
 .bss.hspi5     0x000000002400012c       0x88 ./Core/Src/main.o
                0x000000002400012c                hspi5
 .bss.huart1    0x00000000240001b4       0x90 ./Core/Src/main.o
                0x00000000240001b4                huart1
 .bss.defaultTaskHandle
                0x0000000024000244        0x4 ./Core/Src/main.o
                0x0000000024000244                defaultTaskHandle
 .bss.NTagTaskHandle
                0x0000000024000248        0x4 ./Core/Src/main.o
                0x0000000024000248                NTagTaskHandle
 .bss.htim1     0x000000002400024c       0x4c ./Core/Src/stm32h7xx_hal_timebase_tim.o
                0x000000002400024c                htim1
 .bss.__sbrk_heap_end
                0x0000000024000298        0x4 ./Core/Src/sysmem.o
 .bss.uwTick    0x000000002400029c        0x4 ./Drivers/STM32H7xx_HAL_Driver/stm32h7xx_hal.o
                0x000000002400029c                uwTick
 .bss.KernelState
                0x00000000240002a0        0x4 ./Middlewares/Third_Party/FreeRTOS/cmsis_os2.o
 .bss.Idle_TCB.3
                0x00000000240002a4       0xbc ./Middlewares/Third_Party/FreeRTOS/cmsis_os2.o
 .bss.Idle_Stack.2
                0x0000000024000360      0x200 ./Middlewares/Third_Party/FreeRTOS/cmsis_os2.o
 .bss.Timer_TCB.1
                0x0000000024000560       0xbc ./Middlewares/Third_Party/FreeRTOS/cmsis_os2.o
 .bss.Timer_Stack.0
                0x000000002400061c      0x400 ./Middlewares/Third_Party/FreeRTOS/cmsis_os2.o
 .bss.ucHeap    0x0000000024000a1c     0x3c00 ./Middlewares/Third_Party/FreeRTOS/heap_4.o
 .bss.xStart    0x000000002400461c        0x8 ./Middlewares/Third_Party/FreeRTOS/heap_4.o
 .bss.pxEnd     0x0000000024004624        0x4 ./Middlewares/Third_Party/FreeRTOS/heap_4.o
 .bss.xFreeBytesRemaining
                0x0000000024004628        0x4 ./Middlewares/Third_Party/FreeRTOS/heap_4.o
 .bss.xMinimumEverFreeBytesRemaining
                0x000000002400462c        0x4 ./Middlewares/Third_Party/FreeRTOS/heap_4.o
 .bss.xNumberOfSuccessfulAllocations
                0x0000000024004630        0x4 ./Middlewares/Third_Party/FreeRTOS/heap_4.o
 .bss.xNumberOfSuccessfulFrees
                0x0000000024004634        0x4 ./Middlewares/Third_Party/FreeRTOS/heap_4.o
 .bss.xBlockAllocatedBit
                0x0000000024004638        0x4 ./Middlewares/Third_Party/FreeRTOS/heap_4.o
 .bss.ucMaxSysCallPriority
                0x000000002400463c        0x1 ./Middlewares/Third_Party/FreeRTOS/port.o
 *fill*         0x000000002400463d        0x3 
 .bss.ulMaxPRIGROUPValue
                0x0000000024004640        0x4 ./Middlewares/Third_Party/FreeRTOS/port.o
 .bss.xQueueRegistry
                0x0000000024004644       0x40 ./Middlewares/Third_Party/FreeRTOS/queue.o
                0x0000000024004644                xQueueRegistry
 .bss.pxCurrentTCB
                0x0000000024004684        0x4 ./Middlewares/Third_Party/FreeRTOS/tasks.o
                0x0000000024004684                pxCurrentTCB
 .bss.pxReadyTasksLists
                0x0000000024004688      0x460 ./Middlewares/Third_Party/FreeRTOS/tasks.o
 .bss.xDelayedTaskList1
                0x0000000024004ae8       0x14 ./Middlewares/Third_Party/FreeRTOS/tasks.o
 .bss.xDelayedTaskList2
                0x0000000024004afc       0x14 ./Middlewares/Third_Party/FreeRTOS/tasks.o
 .bss.pxDelayedTaskList
                0x0000000024004b10        0x4 ./Middlewares/Third_Party/FreeRTOS/tasks.o
 .bss.pxOverflowDelayedTaskList
                0x0000000024004b14        0x4 ./Middlewares/Third_Party/FreeRTOS/tasks.o
 .bss.xPendingReadyList
                0x0000000024004b18       0x14 ./Middlewares/Third_Party/FreeRTOS/tasks.o
 .bss.xTasksWaitingTermination
                0x0000000024004b2c       0x14 ./Middlewares/Third_Party/FreeRTOS/tasks.o
 .bss.uxDeletedTasksWaitingCleanUp
                0x0000000024004b40        0x4 ./Middlewares/Third_Party/FreeRTOS/tasks.o
 .bss.xSuspendedTaskList
                0x0000000024004b44       0x14 ./Middlewares/Third_Party/FreeRTOS/tasks.o
 .bss.uxCurrentNumberOfTasks
                0x0000000024004b58        0x4 ./Middlewares/Third_Party/FreeRTOS/tasks.o
 .bss.xTickCount
                0x0000000024004b5c        0x4 ./Middlewares/Third_Party/FreeRTOS/tasks.o
 .bss.uxTopReadyPriority
                0x0000000024004b60        0x4 ./Middlewares/Third_Party/FreeRTOS/tasks.o
 .bss.xSchedulerRunning
                0x0000000024004b64        0x4 ./Middlewares/Third_Party/FreeRTOS/tasks.o
 .bss.xPendedTicks
                0x0000000024004b68        0x4 ./Middlewares/Third_Party/FreeRTOS/tasks.o
 .bss.xYieldPending
                0x0000000024004b6c        0x4 ./Middlewares/Third_Party/FreeRTOS/tasks.o
 .bss.xNumOfOverflows
                0x0000000024004b70        0x4 ./Middlewares/Third_Party/FreeRTOS/tasks.o
 .bss.uxTaskNumber
                0x0000000024004b74        0x4 ./Middlewares/Third_Party/FreeRTOS/tasks.o
 .bss.xNextTaskUnblockTime
                0x0000000024004b78        0x4 ./Middlewares/Third_Party/FreeRTOS/tasks.o
 .bss.xIdleTaskHandle
                0x0000000024004b7c        0x4 ./Middlewares/Third_Party/FreeRTOS/tasks.o
 .bss.uxSchedulerSuspended
                0x0000000024004b80        0x4 ./Middlewares/Third_Party/FreeRTOS/tasks.o
 .bss.xActiveTimerList1
                0x0000000024004b84       0x14 ./Middlewares/Third_Party/FreeRTOS/timers.o
 .bss.xActiveTimerList2
                0x0000000024004b98       0x14 ./Middlewares/Third_Party/FreeRTOS/timers.o
 .bss.pxCurrentTimerList
                0x0000000024004bac        0x4 ./Middlewares/Third_Party/FreeRTOS/timers.o
 .bss.pxOverflowTimerList
                0x0000000024004bb0        0x4 ./Middlewares/Third_Party/FreeRTOS/timers.o
 .bss.xTimerQueue
                0x0000000024004bb4        0x4 ./Middlewares/Third_Party/FreeRTOS/timers.o
 .bss.xTimerTaskHandle
                0x0000000024004bb8        0x4 ./Middlewares/Third_Party/FreeRTOS/timers.o
 .bss.xLastTime.2
                0x0000000024004bbc        0x4 ./Middlewares/Third_Party/FreeRTOS/timers.o
 .bss.ucStaticTimerQueueStorage.1
                0x0000000024004bc0       0xa0 ./Middlewares/Third_Party/FreeRTOS/timers.o
 .bss.xStaticTimerQueue.0
                0x0000000024004c60       0x50 ./Middlewares/Third_Party/FreeRTOS/timers.o
 .bss.__lock___malloc_recursive_mutex
                0x0000000024004cb0        0x1 e:/school/ece4981/stmide/stm32cubeide_1.10.1/stm32cubeide/plugins/com.st.stm32cube.ide.mcu.externaltools.gnu-tools-for-stm32.10.3-2021.10.win32_1.0.0.202111181127/tools/bin/../lib/gcc/arm-none-eabi/10.3.1/../../../../arm-none-eabi/lib/thumb/v7e-m+dp/hard\libc_nano.a(lib_a-lock.o)
                0x0000000024004cb0                __lock___malloc_recursive_mutex
 *fill*         0x0000000024004cb1        0x3 
 .bss.__malloc_free_list
                0x0000000024004cb4        0x4 e:/school/ece4981/stmide/stm32cubeide_1.10.1/stm32cubeide/plugins/com.st.stm32cube.ide.mcu.externaltools.gnu-tools-for-stm32.10.3-2021.10.win32_1.0.0.202111181127/tools/bin/../lib/gcc/arm-none-eabi/10.3.1/../../../../arm-none-eabi/lib/thumb/v7e-m+dp/hard\libc_nano.a(lib_a-nano-mallocr.o)
                0x0000000024004cb4                __malloc_free_list
 .bss.__malloc_sbrk_start
                0x0000000024004cb8        0x4 e:/school/ece4981/stmide/stm32cubeide_1.10.1/stm32cubeide/plugins/com.st.stm32cube.ide.mcu.externaltools.gnu-tools-for-stm32.10.3-2021.10.win32_1.0.0.202111181127/tools/bin/../lib/gcc/arm-none-eabi/10.3.1/../../../../arm-none-eabi/lib/thumb/v7e-m+dp/hard\libc_nano.a(lib_a-nano-mallocr.o)
                0x0000000024004cb8                __malloc_sbrk_start
 .bss.errno     0x0000000024004cbc        0x4 e:/school/ece4981/stmide/stm32cubeide_1.10.1/stm32cubeide/plugins/com.st.stm32cube.ide.mcu.externaltools.gnu-tools-for-stm32.10.3-2021.10.win32_1.0.0.202111181127/tools/bin/../lib/gcc/arm-none-eabi/10.3.1/../../../../arm-none-eabi/lib/thumb/v7e-m+dp/hard\libc_nano.a(lib_a-reent.o)
                0x0000000024004cbc                errno
 *(COMMON)
                0x0000000024004cc0                . = ALIGN (0x4)
                0x0000000024004cc0                _ebss = .
                0x0000000024004cc0                __bss_end__ = _ebss

._user_heap_stack
                0x0000000024004cc0      0x600 load address 0x000000000800a374
                0x0000000024004cc0                . = ALIGN (0x8)
                [!provide]                        PROVIDE (end = .)
                0x0000000024004cc0                PROVIDE (_end = .)
                0x0000000024004ec0                . = (. + _Min_Heap_Size)
 *fill*         0x0000000024004cc0      0x200 
                0x00000000240052c0                . = (. + _Min_Stack_Size)
 *fill*         0x0000000024004ec0      0x400 
                0x00000000240052c0                . = ALIGN (0x8)

/DISCARD/
 libc.a(*)
 libm.a(*)
 libgcc.a(*)

.ARM.attributes
                0x0000000000000000       0x2e
 *(.ARM.attributes)
 .ARM.attributes
                0x0000000000000000       0x1e e:/school/ece4981/stmide/stm32cubeide_1.10.1/stm32cubeide/plugins/com.st.stm32cube.ide.mcu.externaltools.gnu-tools-for-stm32.10.3-2021.10.win32_1.0.0.202111181127/tools/bin/../lib/gcc/arm-none-eabi/10.3.1/thumb/v7e-m+dp/hard/crti.o
 .ARM.attributes
                0x000000000000001e       0x32 e:/school/ece4981/stmide/stm32cubeide_1.10.1/stm32cubeide/plugins/com.st.stm32cube.ide.mcu.externaltools.gnu-tools-for-stm32.10.3-2021.10.win32_1.0.0.202111181127/tools/bin/../lib/gcc/arm-none-eabi/10.3.1/thumb/v7e-m+dp/hard/crtbegin.o
 .ARM.attributes
                0x0000000000000050       0x32 ./Common/Src/system_stm32h7xx_dualcore_boot_cm4_cm7.o
 .ARM.attributes
                0x0000000000000082       0x32 ./Core/Src/NTagRC522.o
 .ARM.attributes
                0x00000000000000b4       0x32 ./Core/Src/main.o
 .ARM.attributes
                0x00000000000000e6       0x32 ./Core/Src/stm32h7xx_hal_msp.o
 .ARM.attributes
                0x0000000000000118       0x32 ./Core/Src/stm32h7xx_hal_timebase_tim.o
 .ARM.attributes
                0x000000000000014a       0x32 ./Core/Src/stm32h7xx_it.o
 .ARM.attributes
                0x000000000000017c       0x32 ./Core/Src/sysmem.o
 .ARM.attributes
                0x00000000000001ae       0x21 ./Core/Startup/startup_stm32h747xihx.o
 .ARM.attributes
                0x00000000000001cf       0x32 ./Drivers/STM32H7xx_HAL_Driver/stm32h7xx_hal.o
 .ARM.attributes
                0x0000000000000201       0x32 ./Drivers/STM32H7xx_HAL_Driver/stm32h7xx_hal_cortex.o
 .ARM.attributes
                0x0000000000000233       0x32 ./Drivers/STM32H7xx_HAL_Driver/stm32h7xx_hal_gpio.o
 .ARM.attributes
                0x0000000000000265       0x32 ./Drivers/STM32H7xx_HAL_Driver/stm32h7xx_hal_hsem.o
 .ARM.attributes
                0x0000000000000297       0x32 ./Drivers/STM32H7xx_HAL_Driver/stm32h7xx_hal_i2c.o
 .ARM.attributes
                0x00000000000002c9       0x32 ./Drivers/STM32H7xx_HAL_Driver/stm32h7xx_hal_i2c_ex.o
 .ARM.attributes
                0x00000000000002fb       0x32 ./Drivers/STM32H7xx_HAL_Driver/stm32h7xx_hal_pwr_ex.o
 .ARM.attributes
                0x000000000000032d       0x32 ./Drivers/STM32H7xx_HAL_Driver/stm32h7xx_hal_rcc.o
 .ARM.attributes
                0x000000000000035f       0x32 ./Drivers/STM32H7xx_HAL_Driver/stm32h7xx_hal_rcc_ex.o
 .ARM.attributes
                0x0000000000000391       0x32 ./Drivers/STM32H7xx_HAL_Driver/stm32h7xx_hal_spi.o
 .ARM.attributes
                0x00000000000003c3       0x32 ./Drivers/STM32H7xx_HAL_Driver/stm32h7xx_hal_tim.o
 .ARM.attributes
                0x00000000000003f5       0x32 ./Drivers/STM32H7xx_HAL_Driver/stm32h7xx_hal_tim_ex.o
 .ARM.attributes
                0x0000000000000427       0x32 ./Drivers/STM32H7xx_HAL_Driver/stm32h7xx_hal_uart.o
 .ARM.attributes
                0x0000000000000459       0x32 ./Drivers/STM32H7xx_HAL_Driver/stm32h7xx_hal_uart_ex.o
 .ARM.attributes
                0x000000000000048b       0x32 ./Middlewares/Third_Party/FreeRTOS/cmsis_os2.o
 .ARM.attributes
                0x00000000000004bd       0x32 ./Middlewares/Third_Party/FreeRTOS/heap_4.o
 .ARM.attributes
                0x00000000000004ef       0x32 ./Middlewares/Third_Party/FreeRTOS/list.o
 .ARM.attributes
                0x0000000000000521       0x32 ./Middlewares/Third_Party/FreeRTOS/port.o
 .ARM.attributes
                0x0000000000000553       0x32 ./Middlewares/Third_Party/FreeRTOS/queue.o
 .ARM.attributes
                0x0000000000000585       0x32 ./Middlewares/Third_Party/FreeRTOS/tasks.o
 .ARM.attributes
                0x00000000000005b7       0x32 ./Middlewares/Third_Party/FreeRTOS/timers.o
 .ARM.attributes
                0x00000000000005e9       0x32 e:/school/ece4981/stmide/stm32cubeide_1.10.1/stm32cubeide/plugins/com.st.stm32cube.ide.mcu.externaltools.gnu-tools-for-stm32.10.3-2021.10.win32_1.0.0.202111181127/tools/bin/../lib/gcc/arm-none-eabi/10.3.1/../../../../arm-none-eabi/lib/thumb/v7e-m+dp/hard\libc_nano.a(lib_a-errno.o)
 .ARM.attributes
                0x000000000000061b       0x32 e:/school/ece4981/stmide/stm32cubeide_1.10.1/stm32cubeide/plugins/com.st.stm32cube.ide.mcu.externaltools.gnu-tools-for-stm32.10.3-2021.10.win32_1.0.0.202111181127/tools/bin/../lib/gcc/arm-none-eabi/10.3.1/../../../../arm-none-eabi/lib/thumb/v7e-m+dp/hard\libc_nano.a(lib_a-findfp.o)
 .ARM.attributes
                0x000000000000064d       0x32 e:/school/ece4981/stmide/stm32cubeide_1.10.1/stm32cubeide/plugins/com.st.stm32cube.ide.mcu.externaltools.gnu-tools-for-stm32.10.3-2021.10.win32_1.0.0.202111181127/tools/bin/../lib/gcc/arm-none-eabi/10.3.1/../../../../arm-none-eabi/lib/thumb/v7e-m+dp/hard\libc_nano.a(lib_a-impure.o)
 .ARM.attributes
                0x000000000000067f       0x32 e:/school/ece4981/stmide/stm32cubeide_1.10.1/stm32cubeide/plugins/com.st.stm32cube.ide.mcu.externaltools.gnu-tools-for-stm32.10.3-2021.10.win32_1.0.0.202111181127/tools/bin/../lib/gcc/arm-none-eabi/10.3.1/../../../../arm-none-eabi/lib/thumb/v7e-m+dp/hard\libc_nano.a(lib_a-init.o)
 .ARM.attributes
                0x00000000000006b1       0x32 e:/school/ece4981/stmide/stm32cubeide_1.10.1/stm32cubeide/plugins/com.st.stm32cube.ide.mcu.externaltools.gnu-tools-for-stm32.10.3-2021.10.win32_1.0.0.202111181127/tools/bin/../lib/gcc/arm-none-eabi/10.3.1/../../../../arm-none-eabi/lib/thumb/v7e-m+dp/hard\libc_nano.a(lib_a-lock.o)
 .ARM.attributes
                0x00000000000006e3       0x32 e:/school/ece4981/stmide/stm32cubeide_1.10.1/stm32cubeide/plugins/com.st.stm32cube.ide.mcu.externaltools.gnu-tools-for-stm32.10.3-2021.10.win32_1.0.0.202111181127/tools/bin/../lib/gcc/arm-none-eabi/10.3.1/../../../../arm-none-eabi/lib/thumb/v7e-m+dp/hard\libc_nano.a(lib_a-memcpy-stub.o)
 .ARM.attributes
                0x0000000000000715       0x32 e:/school/ece4981/stmide/stm32cubeide_1.10.1/stm32cubeide/plugins/com.st.stm32cube.ide.mcu.externaltools.gnu-tools-for-stm32.10.3-2021.10.win32_1.0.0.202111181127/tools/bin/../lib/gcc/arm-none-eabi/10.3.1/../../../../arm-none-eabi/lib/thumb/v7e-m+dp/hard\libc_nano.a(lib_a-memset.o)
 .ARM.attributes
                0x0000000000000747       0x32 e:/school/ece4981/stmide/stm32cubeide_1.10.1/stm32cubeide/plugins/com.st.stm32cube.ide.mcu.externaltools.gnu-tools-for-stm32.10.3-2021.10.win32_1.0.0.202111181127/tools/bin/../lib/gcc/arm-none-eabi/10.3.1/../../../../arm-none-eabi/lib/thumb/v7e-m+dp/hard\libc_nano.a(lib_a-nano-mallocr.o)
 .ARM.attributes
                0x0000000000000779       0x32 e:/school/ece4981/stmide/stm32cubeide_1.10.1/stm32cubeide/plugins/com.st.stm32cube.ide.mcu.externaltools.gnu-tools-for-stm32.10.3-2021.10.win32_1.0.0.202111181127/tools/bin/../lib/gcc/arm-none-eabi/10.3.1/../../../../arm-none-eabi/lib/thumb/v7e-m+dp/hard\libc_nano.a(lib_a-reent.o)
 .ARM.attributes
                0x00000000000007ab       0x32 e:/school/ece4981/stmide/stm32cubeide_1.10.1/stm32cubeide/plugins/com.st.stm32cube.ide.mcu.externaltools.gnu-tools-for-stm32.10.3-2021.10.win32_1.0.0.202111181127/tools/bin/../lib/gcc/arm-none-eabi/10.3.1/../../../../arm-none-eabi/lib/thumb/v7e-m+dp/hard\libc_nano.a(lib_a-sbrkr.o)
 .ARM.attributes
                0x00000000000007dd       0x17 e:/school/ece4981/stmide/stm32cubeide_1.10.1/stm32cubeide/plugins/com.st.stm32cube.ide.mcu.externaltools.gnu-tools-for-stm32.10.3-2021.10.win32_1.0.0.202111181127/tools/bin/../lib/gcc/arm-none-eabi/10.3.1/../../../../arm-none-eabi/lib/thumb/v7e-m+dp/hard\libc_nano.a(lib_a-strlen.o)
 .ARM.attributes
                0x00000000000007f4       0x32 e:/school/ece4981/stmide/stm32cubeide_1.10.1/stm32cubeide/plugins/com.st.stm32cube.ide.mcu.externaltools.gnu-tools-for-stm32.10.3-2021.10.win32_1.0.0.202111181127/tools/bin/../lib/gcc/arm-none-eabi/10.3.1/../../../../arm-none-eabi/lib/thumb/v7e-m+dp/hard\libc_nano.a(lib_a-vsprintf.o)
 .ARM.attributes
                0x0000000000000826       0x32 e:/school/ece4981/stmide/stm32cubeide_1.10.1/stm32cubeide/plugins/com.st.stm32cube.ide.mcu.externaltools.gnu-tools-for-stm32.10.3-2021.10.win32_1.0.0.202111181127/tools/bin/../lib/gcc/arm-none-eabi/10.3.1/../../../../arm-none-eabi/lib/thumb/v7e-m+dp/hard\libc_nano.a(lib_a-mlock.o)
 .ARM.attributes
                0x0000000000000858       0x32 e:/school/ece4981/stmide/stm32cubeide_1.10.1/stm32cubeide/plugins/com.st.stm32cube.ide.mcu.externaltools.gnu-tools-for-stm32.10.3-2021.10.win32_1.0.0.202111181127/tools/bin/../lib/gcc/arm-none-eabi/10.3.1/../../../../arm-none-eabi/lib/thumb/v7e-m+dp/hard\libc_nano.a(lib_a-nano-freer.o)
 .ARM.attributes
                0x000000000000088a       0x32 e:/school/ece4981/stmide/stm32cubeide_1.10.1/stm32cubeide/plugins/com.st.stm32cube.ide.mcu.externaltools.gnu-tools-for-stm32.10.3-2021.10.win32_1.0.0.202111181127/tools/bin/../lib/gcc/arm-none-eabi/10.3.1/../../../../arm-none-eabi/lib/thumb/v7e-m+dp/hard\libc_nano.a(lib_a-nano-svfprintf.o)
 .ARM.attributes
                0x00000000000008bc       0x32 e:/school/ece4981/stmide/stm32cubeide_1.10.1/stm32cubeide/plugins/com.st.stm32cube.ide.mcu.externaltools.gnu-tools-for-stm32.10.3-2021.10.win32_1.0.0.202111181127/tools/bin/../lib/gcc/arm-none-eabi/10.3.1/../../../../arm-none-eabi/lib/thumb/v7e-m+dp/hard\libc_nano.a(lib_a-nano-vfprintf_i.o)
 .ARM.attributes
                0x00000000000008ee       0x1c e:/school/ece4981/stmide/stm32cubeide_1.10.1/stm32cubeide/plugins/com.st.stm32cube.ide.mcu.externaltools.gnu-tools-for-stm32.10.3-2021.10.win32_1.0.0.202111181127/tools/bin/../lib/gcc/arm-none-eabi/10.3.1/../../../../arm-none-eabi/lib/thumb/v7e-m+dp/hard\libc_nano.a(lib_a-memchr.o)
 .ARM.attributes
                0x000000000000090a       0x32 e:/school/ece4981/stmide/stm32cubeide_1.10.1/stm32cubeide/plugins/com.st.stm32cube.ide.mcu.externaltools.gnu-tools-for-stm32.10.3-2021.10.win32_1.0.0.202111181127/tools/bin/../lib/gcc/arm-none-eabi/10.3.1/../../../../arm-none-eabi/lib/thumb/v7e-m+dp/hard\libc_nano.a(lib_a-memmove.o)
 .ARM.attributes
                0x000000000000093c       0x32 e:/school/ece4981/stmide/stm32cubeide_1.10.1/stm32cubeide/plugins/com.st.stm32cube.ide.mcu.externaltools.gnu-tools-for-stm32.10.3-2021.10.win32_1.0.0.202111181127/tools/bin/../lib/gcc/arm-none-eabi/10.3.1/../../../../arm-none-eabi/lib/thumb/v7e-m+dp/hard\libc_nano.a(lib_a-nano-reallocr.o)
 .ARM.attributes
                0x000000000000096e       0x32 e:/school/ece4981/stmide/stm32cubeide_1.10.1/stm32cubeide/plugins/com.st.stm32cube.ide.mcu.externaltools.gnu-tools-for-stm32.10.3-2021.10.win32_1.0.0.202111181127/tools/bin/../lib/gcc/arm-none-eabi/10.3.1/../../../../arm-none-eabi/lib/thumb/v7e-m+dp/hard\libc_nano.a(lib_a-nano-msizer.o)
 .ARM.attributes
                0x00000000000009a0       0x1e e:/school/ece4981/stmide/stm32cubeide_1.10.1/stm32cubeide/plugins/com.st.stm32cube.ide.mcu.externaltools.gnu-tools-for-stm32.10.3-2021.10.win32_1.0.0.202111181127/tools/bin/../lib/gcc/arm-none-eabi/10.3.1/thumb/v7e-m+dp/hard\libgcc.a(_aeabi_uldivmod.o)
 .ARM.attributes
                0x00000000000009be       0x32 e:/school/ece4981/stmide/stm32cubeide_1.10.1/stm32cubeide/plugins/com.st.stm32cube.ide.mcu.externaltools.gnu-tools-for-stm32.10.3-2021.10.win32_1.0.0.202111181127/tools/bin/../lib/gcc/arm-none-eabi/10.3.1/thumb/v7e-m+dp/hard\libgcc.a(_udivmoddi4.o)
 .ARM.attributes
                0x00000000000009f0       0x1e e:/school/ece4981/stmide/stm32cubeide_1.10.1/stm32cubeide/plugins/com.st.stm32cube.ide.mcu.externaltools.gnu-tools-for-stm32.10.3-2021.10.win32_1.0.0.202111181127/tools/bin/../lib/gcc/arm-none-eabi/10.3.1/thumb/v7e-m+dp/hard\libgcc.a(_dvmd_tls.o)
 .ARM.attributes
                0x0000000000000a0e       0x1e e:/school/ece4981/stmide/stm32cubeide_1.10.1/stm32cubeide/plugins/com.st.stm32cube.ide.mcu.externaltools.gnu-tools-for-stm32.10.3-2021.10.win32_1.0.0.202111181127/tools/bin/../lib/gcc/arm-none-eabi/10.3.1/thumb/v7e-m+dp/hard/crtn.o
OUTPUT(NTagTest_CM7.elf elf32-littlearm)
LOAD linker stubs
LOAD e:/school/ece4981/stmide/stm32cubeide_1.10.1/stm32cubeide/plugins/com.st.stm32cube.ide.mcu.externaltools.gnu-tools-for-stm32.10.3-2021.10.win32_1.0.0.202111181127/tools/bin/../lib/gcc/arm-none-eabi/10.3.1/../../../../arm-none-eabi/lib/thumb/v7e-m+dp/hard\libc.a
LOAD e:/school/ece4981/stmide/stm32cubeide_1.10.1/stm32cubeide/plugins/com.st.stm32cube.ide.mcu.externaltools.gnu-tools-for-stm32.10.3-2021.10.win32_1.0.0.202111181127/tools/bin/../lib/gcc/arm-none-eabi/10.3.1/../../../../arm-none-eabi/lib/thumb/v7e-m+dp/hard\libm.a
LOAD e:/school/ece4981/stmide/stm32cubeide_1.10.1/stm32cubeide/plugins/com.st.stm32cube.ide.mcu.externaltools.gnu-tools-for-stm32.10.3-2021.10.win32_1.0.0.202111181127/tools/bin/../lib/gcc/arm-none-eabi/10.3.1/thumb/v7e-m+dp/hard\libgcc.a

.debug_info     0x0000000000000000    0x2bd93
 .debug_info    0x0000000000000000      0xdca ./Common/Src/system_stm32h7xx_dualcore_boot_cm4_cm7.o
 .debug_info    0x0000000000000dca     0x232e ./Core/Src/NTagRC522.o
 .debug_info    0x00000000000030f8     0x412b ./Core/Src/main.o
 .debug_info    0x0000000000007223     0x1c78 ./Core/Src/stm32h7xx_hal_msp.o
 .debug_info    0x0000000000008e9b     0x110d ./Core/Src/stm32h7xx_hal_timebase_tim.o
 .debug_info    0x0000000000009fa8      0x826 ./Core/Src/stm32h7xx_it.o
 .debug_info    0x000000000000a7ce      0x171 ./Core/Src/sysmem.o
 .debug_info    0x000000000000a93f       0x22 ./Core/Startup/startup_stm32h747xihx.o
 .debug_info    0x000000000000a961     0x182c ./Drivers/STM32H7xx_HAL_Driver/stm32h7xx_hal.o
 .debug_info    0x000000000000c18d     0x1191 ./Drivers/STM32H7xx_HAL_Driver/stm32h7xx_hal_cortex.o
 .debug_info    0x000000000000d31e      0xde0 ./Drivers/STM32H7xx_HAL_Driver/stm32h7xx_hal_gpio.o