../Core/Src/main.cpp:105:6:void vprint(const char*, va_list)	216	static
../Core/Src/main.cpp:114:6:)	16	static
../Core/Src/main.cpp:122:6:void EnableCS()	8	static
../Core/Src/main.cpp:127:6:void DisableCS()	8	static
../Core/Src/main.cpp:138:5:int main()	16	static
../Core/Src/main.cpp:259:6:void SystemClock_Config()	120	static
../Core/Src/main.cpp:326:6:void PeriphCommonClock_Config()	200	static
../Core/Src/main.cpp:353:13:void MX_I2C1_Init()	8	static
../Core/Src/main.cpp:401:13:void MX_I2C4_Init()	8	static
../Core/Src/main.cpp:449:13:void MX_SPI5_Init()	8	static
../Core/Src/main.cpp:497:13:void MX_TIM13_Init()	40	static
../Core/Src/main.cpp:543:13:void MX_USART1_UART_Init()	8	static
../Core/Src/main.cpp:591:13:void MX_GPIO_Init()	64	static
../Core/Src/main.cpp:646:6:void StartDefaultTask(void*)	16	static
../Core/Src/main.cpp:664:6:void StartNTagTask(void*)	104	static
../Core/Src/main.cpp:820:6:void GrantTaskEntry(void*)	16	static
../Core/Src/main.cpp:846:6:void HAL_TIM_PeriodElapsedCallback(TIM_HandleTypeDef*)	16	static
../Core/Src/main.cpp:863:6:void Error_Handler()	4	static,ignoring_inline_asm
