../Core/Src/main.cpp:90:6:void vprint(const char*, va_list)	216	static
../Core/Src/main.cpp:99:6:)	16	static
../Core/Src/main.cpp:112:5:int main()	16	static
../Core/Src/main.cpp:228:6:void SystemClock_Config()	120	static
../Core/Src/main.cpp:295:6:void PeriphCommonClock_Config()	200	static
../Core/Src/main.cpp:322:13:void MX_I2C1_Init()	8	static
../Core/Src/main.cpp:370:13:void MX_I2C4_Init()	8	static
../Core/Src/main.cpp:418:13:void MX_USART1_UART_Init()	8	static
../Core/Src/main.cpp:466:13:void MX_GPIO_Init()	48	static
../Core/Src/main.cpp:508:6:void StartDefaultTask(void*)	16	static
../Core/Src/main.cpp:526:6:void StartNTagTask(void*)	24	static
../Core/Src/main.cpp:563:6:void HAL_TIM_PeriodElapsedCallback(TIM_HandleTypeDef*)	16	static
../Core/Src/main.cpp:580:6:void Error_Handler()	4	static,ignoring_inline_asm
